[35m[1mConsolidate compiler generated dependencies of target uc1_robot_perception__rosidl_generator_c[0m
[  9%] Built target uc1_robot_perception__rosidl_generator_c
[ 11%] Built target uc1_robot_perception__cpp
[ 11%] Built target ament_cmake_python_copy_uc1_robot_perception
[35m[1mConsolidate compiler generated dependencies of target uc1_robot_perception__rosidl_typesupport_introspection_c[0m
[35m[1mConsolidate compiler generated dependencies of target uc1_robot_perception__rosidl_typesupport_c[0m
[35m[1mConsolidate compiler generated dependencies of target uc1_robot_perception__rosidl_typesupport_fastrtps_c[0m
[35m[1mConsolidate compiler generated dependencies of target uc1_robot_perception__rosidl_typesupport_cpp[0m
[35m[1mConsolidate compiler generated dependencies of target uc1_robot_perception__rosidl_typesupport_introspection_cpp[0m
[35m[1mConsolidate compiler generated dependencies of target uc1_robot_perception__rosidl_typesupport_fastrtps_cpp[0m
[ 20%] Built target uc1_robot_perception__rosidl_typesupport_cpp
[ 40%] Built target uc1_robot_perception__rosidl_typesupport_introspection_c
[ 40%] Built target uc1_robot_perception__rosidl_typesupport_c
[ 50%] Built target uc1_robot_perception__rosidl_typesupport_fastrtps_c
[ 59%] Built target uc1_robot_perception__rosidl_typesupport_fastrtps_cpp
[ 69%] Built target uc1_robot_perception__rosidl_typesupport_introspection_cpp
[ 69%] Built target uc1_robot_perception
[35m[1mConsolidate compiler generated dependencies of target simulated_contact_publisher[0m
[35m[1mConsolidate compiler generated dependencies of target interactive_contact_publisher[0m
[ 70%] Built target uc1_robot_perception__py
[35m[1mConsolidate compiler generated dependencies of target proximity_task_generator[0m
[ 74%] Built target simulated_contact_publisher
[ 77%] Built target interactive_contact_publisher
[35m[1mConsolidate compiler generated dependencies of target uc1_robot_perception__rosidl_generator_py[0m
[ 85%] Built target uc1_robot_perception__rosidl_generator_py
[ 90%] Built target proximity_task_generator
[35m[1mConsolidate compiler generated dependencies of target uc1_robot_perception__rosidl_typesupport_introspection_c__pyext[0m
[35m[1mConsolidate compiler generated dependencies of target uc1_robot_perception__rosidl_typesupport_fastrtps_c__pyext[0m
[35m[1mConsolidate compiler generated dependencies of target uc1_robot_perception__rosidl_typesupport_c__pyext[0m
[ 93%] Built target uc1_robot_perception__rosidl_typesupport_c__pyext
[100%] Built target uc1_robot_perception__rosidl_typesupport_introspection_c__pyext
[100%] Built target uc1_robot_perception__rosidl_typesupport_fastrtps_c__pyext
running egg_info
writing uc1_robot_perception.egg-info/PKG-INFO
writing dependency_links to uc1_robot_perception.egg-info/dependency_links.txt
writing top-level names to uc1_robot_perception.egg-info/top_level.txt
reading manifest file 'uc1_robot_perception.egg-info/SOURCES.txt'
writing manifest file 'uc1_robot_perception.egg-info/SOURCES.txt'
[100%] Built target ament_cmake_python_build_uc1_robot_perception_egg
-- Install configuration: ""
-- Up-to-date: /home/maclab/Documents/ROS_WORKSPACES/WS_Master_Thesis/install/uc1_robot_perception/share/ament_index/resource_index/rosidl_interfaces/uc1_robot_perception
-- Up-to-date: /home/maclab/Documents/ROS_WORKSPACES/WS_Master_Thesis/install/uc1_robot_perception/include/uc1_robot_perception/uc1_robot_perception
-- Up-to-date: /home/maclab/Documents/ROS_WORKSPACES/WS_Master_Thesis/install/uc1_robot_perception/include/uc1_robot_perception/uc1_robot_perception/msg
-- Up-to-date: /home/maclab/Documents/ROS_WORKSPACES/WS_Master_Thesis/install/uc1_robot_perception/include/uc1_robot_perception/uc1_robot_perception/msg/rosidl_generator_c__visibility_control.h
-- Up-to-date: /home/maclab/Documents/ROS_WORKSPACES/WS_Master_Thesis/install/uc1_robot_perception/include/uc1_robot_perception/uc1_robot_perception/msg/proximity_task.h
-- Up-to-date: /home/maclab/Documents/ROS_WORKSPACES/WS_Master_Thesis/install/uc1_robot_perception/include/uc1_robot_perception/uc1_robot_perception/msg/detail
-- Up-to-date: /home/maclab/Documents/ROS_WORKSPACES/WS_Master_Thesis/install/uc1_robot_perception/include/uc1_robot_perception/uc1_robot_perception/msg/detail/contact_array__functions.c
-- Up-to-date: /home/maclab/Documents/ROS_WORKSPACES/WS_Master_Thesis/install/uc1_robot_perception/include/uc1_robot_perception/uc1_robot_perception/msg/detail/proximity_task_array__functions.h
-- Up-to-date: /home/maclab/Documents/ROS_WORKSPACES/WS_Master_Thesis/install/uc1_robot_perception/include/uc1_robot_perception/uc1_robot_perception/msg/detail/proximity_task_array__type_support.h
-- Up-to-date: /home/maclab/Documents/ROS_WORKSPACES/WS_Master_Thesis/install/uc1_robot_perception/include/uc1_robot_perception/uc1_robot_perception/msg/detail/contact__type_support.h
-- Up-to-date: /home/maclab/Documents/ROS_WORKSPACES/WS_Master_Thesis/install/uc1_robot_perception/include/uc1_robot_perception/uc1_robot_perception/msg/detail/proximity_task_array__struct.h
-- Up-to-date: /home/maclab/Documents/ROS_WORKSPACES/WS_Master_Thesis/install/uc1_robot_perception/include/uc1_robot_perception/uc1_robot_perception/msg/detail/contact_array__type_support.h
-- Up-to-date: /home/maclab/Documents/ROS_WORKSPACES/WS_Master_Thesis/install/uc1_robot_perception/include/uc1_robot_perception/uc1_robot_perception/msg/detail/contact_array__struct.h
-- Up-to-date: /home/maclab/Documents/ROS_WORKSPACES/WS_Master_Thesis/install/uc1_robot_perception/include/uc1_robot_perception/uc1_robot_perception/msg/detail/proximity_task__functions.c
-- Up-to-date: /home/maclab/Documents/ROS_WORKSPACES/WS_Master_Thesis/install/uc1_robot_perception/include/uc1_robot_perception/uc1_robot_perception/msg/detail/proximity_task__type_support.h
-- Up-to-date: /home/maclab/Documents/ROS_WORKSPACES/WS_Master_Thesis/install/uc1_robot_perception/include/uc1_robot_perception/uc1_robot_perception/msg/detail/proximity_task__struct.h
-- Up-to-date: /home/maclab/Documents/ROS_WORKSPACES/WS_Master_Thesis/install/uc1_robot_perception/include/uc1_robot_perception/uc1_robot_perception/msg/detail/contact_array__functions.h
-- Up-to-date: /home/maclab/Documents/ROS_WORKSPACES/WS_Master_Thesis/install/uc1_robot_perception/include/uc1_robot_perception/uc1_robot_perception/msg/detail/contact__functions.c
-- Up-to-date: /home/maclab/Documents/ROS_WORKSPACES/WS_Master_Thesis/install/uc1_robot_perception/include/uc1_robot_perception/uc1_robot_perception/msg/detail/contact__struct.h
-- Up-to-date: /home/maclab/Documents/ROS_WORKSPACES/WS_Master_Thesis/install/uc1_robot_perception/include/uc1_robot_perception/uc1_robot_perception/msg/detail/contact__functions.h
-- Up-to-date: /home/maclab/Documents/ROS_WORKSPACES/WS_Master_Thesis/install/uc1_robot_perception/include/uc1_robot_perception/uc1_robot_perception/msg/detail/proximity_task__functions.h
-- Up-to-date: /home/maclab/Documents/ROS_WORKSPACES/WS_Master_Thesis/install/uc1_robot_perception/include/uc1_robot_perception/uc1_robot_perception/msg/detail/proximity_task_array__functions.c
-- Up-to-date: /home/maclab/Documents/ROS_WORKSPACES/WS_Master_Thesis/install/uc1_robot_perception/include/uc1_robot_perception/uc1_robot_perception/msg/proximity_task_array.h
-- Up-to-date: /home/maclab/Documents/ROS_WORKSPACES/WS_Master_Thesis/install/uc1_robot_perception/include/uc1_robot_perception/uc1_robot_perception/msg/contact.h
-- Up-to-date: /home/maclab/Documents/ROS_WORKSPACES/WS_Master_Thesis/install/uc1_robot_perception/include/uc1_robot_perception/uc1_robot_perception/msg/contact_array.h
-- Up-to-date: /home/maclab/Documents/ROS_WORKSPACES/WS_Master_Thesis/install/uc1_robot_perception/share/uc1_robot_perception/environment/library_path.sh
-- Up-to-date: /home/maclab/Documents/ROS_WORKSPACES/WS_Master_Thesis/install/uc1_robot_perception/share/uc1_robot_perception/environment/library_path.dsv
-- Up-to-date: /home/maclab/Documents/ROS_WORKSPACES/WS_Master_Thesis/install/uc1_robot_perception/lib/libuc1_robot_perception__rosidl_generator_c.so
-- Up-to-date: /home/maclab/Documents/ROS_WORKSPACES/WS_Master_Thesis/install/uc1_robot_perception/include/uc1_robot_perception/uc1_robot_perception
-- Up-to-date: /home/maclab/Documents/ROS_WORKSPACES/WS_Master_Thesis/install/uc1_robot_perception/include/uc1_robot_perception/uc1_robot_perception/msg
-- Up-to-date: /home/maclab/Documents/ROS_WORKSPACES/WS_Master_Thesis/install/uc1_robot_perception/include/uc1_robot_perception/uc1_robot_perception/msg/rosidl_typesupport_fastrtps_c__visibility_control.h
-- Up-to-date: /home/maclab/Documents/ROS_WORKSPACES/WS_Master_Thesis/install/uc1_robot_perception/include/uc1_robot_perception/uc1_robot_perception/msg/detail
-- Up-to-date: /home/maclab/Documents/ROS_WORKSPACES/WS_Master_Thesis/install/uc1_robot_perception/include/uc1_robot_perception/uc1_robot_perception/msg/detail/proximity_task__rosidl_typesupport_fastrtps_c.h
-- Up-to-date: /home/maclab/Documents/ROS_WORKSPACES/WS_Master_Thesis/install/uc1_robot_perception/include/uc1_robot_perception/uc1_robot_perception/msg/detail/contact__rosidl_typesupport_fastrtps_c.h
-- Up-to-date: /home/maclab/Documents/ROS_WORKSPACES/WS_Master_Thesis/install/uc1_robot_perception/include/uc1_robot_perception/uc1_robot_perception/msg/detail/contact_array__rosidl_typesupport_fastrtps_c.h
-- Up-to-date: /home/maclab/Documents/ROS_WORKSPACES/WS_Master_Thesis/install/uc1_robot_perception/include/uc1_robot_perception/uc1_robot_perception/msg/detail/proximity_task_array__rosidl_typesupport_fastrtps_c.h
-- Up-to-date: /home/maclab/Documents/ROS_WORKSPACES/WS_Master_Thesis/install/uc1_robot_perception/lib/libuc1_robot_perception__rosidl_typesupport_fastrtps_c.so
-- Up-to-date: /home/maclab/Documents/ROS_WORKSPACES/WS_Master_Thesis/install/uc1_robot_perception/include/uc1_robot_perception/uc1_robot_perception
-- Up-to-date: /home/maclab/Documents/ROS_WORKSPACES/WS_Master_Thesis/install/uc1_robot_perception/include/uc1_robot_perception/uc1_robot_perception/msg
-- Up-to-date: /home/maclab/Documents/ROS_WORKSPACES/WS_Master_Thesis/install/uc1_robot_perception/include/uc1_robot_perception/uc1_robot_perception/msg/rosidl_generator_cpp__visibility_control.hpp
-- Up-to-date: /home/maclab/Documents/ROS_WORKSPACES/WS_Master_Thesis/install/uc1_robot_perception/include/uc1_robot_perception/uc1_robot_perception/msg/proximity_task.hpp
-- Up-to-date: /home/maclab/Documents/ROS_WORKSPACES/WS_Master_Thesis/install/uc1_robot_perception/include/uc1_robot_perception/uc1_robot_perception/msg/contact.hpp
-- Up-to-date: /home/maclab/Documents/ROS_WORKSPACES/WS_Master_Thesis/install/uc1_robot_perception/include/uc1_robot_perception/uc1_robot_perception/msg/detail
-- Up-to-date: /home/maclab/Documents/ROS_WORKSPACES/WS_Master_Thesis/install/uc1_robot_perception/include/uc1_robot_perception/uc1_robot_perception/msg/detail/contact__type_support.hpp
-- Up-to-date: /home/maclab/Documents/ROS_WORKSPACES/WS_Master_Thesis/install/uc1_robot_perception/include/uc1_robot_perception/uc1_robot_perception/msg/detail/proximity_task_array__traits.hpp
-- Up-to-date: /home/maclab/Documents/ROS_WORKSPACES/WS_Master_Thesis/install/uc1_robot_perception/include/uc1_robot_perception/uc1_robot_perception/msg/detail/contact_array__builder.hpp
-- Up-to-date: /home/maclab/Documents/ROS_WORKSPACES/WS_Master_Thesis/install/uc1_robot_perception/include/uc1_robot_perception/uc1_robot_perception/msg/detail/contact__struct.hpp
-- Up-to-date: /home/maclab/Documents/ROS_WORKSPACES/WS_Master_Thesis/install/uc1_robot_perception/include/uc1_robot_perception/uc1_robot_perception/msg/detail/contact__traits.hpp
-- Up-to-date: /home/maclab/Documents/ROS_WORKSPACES/WS_Master_Thesis/install/uc1_robot_perception/include/uc1_robot_perception/uc1_robot_perception/msg/detail/contact__builder.hpp
-- Up-to-date: /home/maclab/Documents/ROS_WORKSPACES/WS_Master_Thesis/install/uc1_robot_perception/include/uc1_robot_perception/uc1_robot_perception/msg/detail/contact_array__traits.hpp
-- Up-to-date: /home/maclab/Documents/ROS_WORKSPACES/WS_Master_Thesis/install/uc1_robot_perception/include/uc1_robot_perception/uc1_robot_perception/msg/detail/contact_array__struct.hpp
-- Up-to-date: /home/maclab/Documents/ROS_WORKSPACES/WS_Master_Thesis/install/uc1_robot_perception/include/uc1_robot_perception/uc1_robot_perception/msg/detail/proximity_task_array__builder.hpp
-- Up-to-date: /home/maclab/Documents/ROS_WORKSPACES/WS_Master_Thesis/install/uc1_robot_perception/include/uc1_robot_perception/uc1_robot_perception/msg/detail/proximity_task_array__type_support.hpp
-- Up-to-date: /home/maclab/Documents/ROS_WORKSPACES/WS_Master_Thesis/install/uc1_robot_perception/include/uc1_robot_perception/uc1_robot_perception/msg/detail/proximity_task__type_support.hpp
-- Up-to-date: /home/maclab/Documents/ROS_WORKSPACES/WS_Master_Thesis/install/uc1_robot_perception/include/uc1_robot_perception/uc1_robot_perception/msg/detail/contact_array__type_support.hpp
-- Up-to-date: /home/maclab/Documents/ROS_WORKSPACES/WS_Master_Thesis/install/uc1_robot_perception/include/uc1_robot_perception/uc1_robot_perception/msg/detail/proximity_task__struct.hpp
-- Up-to-date: /home/maclab/Documents/ROS_WORKSPACES/WS_Master_Thesis/install/uc1_robot_perception/include/uc1_robot_perception/uc1_robot_perception/msg/detail/proximity_task_array__struct.hpp
-- Up-to-date: /home/maclab/Documents/ROS_WORKSPACES/WS_Master_Thesis/install/uc1_robot_perception/include/uc1_robot_perception/uc1_robot_perception/msg/detail/proximity_task__traits.hpp
-- Up-to-date: /home/maclab/Documents/ROS_WORKSPACES/WS_Master_Thesis/install/uc1_robot_perception/include/uc1_robot_perception/uc1_robot_perception/msg/detail/proximity_task__builder.hpp
-- Up-to-date: /home/maclab/Documents/ROS_WORKSPACES/WS_Master_Thesis/install/uc1_robot_perception/include/uc1_robot_perception/uc1_robot_perception/msg/contact_array.hpp
-- Up-to-date: /home/maclab/Documents/ROS_WORKSPACES/WS_Master_Thesis/install/uc1_robot_perception/include/uc1_robot_perception/uc1_robot_perception/msg/proximity_task_array.hpp
-- Up-to-date: /home/maclab/Documents/ROS_WORKSPACES/WS_Master_Thesis/install/uc1_robot_perception/include/uc1_robot_perception/uc1_robot_perception
-- Up-to-date: /home/maclab/Documents/ROS_WORKSPACES/WS_Master_Thesis/install/uc1_robot_perception/include/uc1_robot_perception/uc1_robot_perception/msg
-- Up-to-date: /home/maclab/Documents/ROS_WORKSPACES/WS_Master_Thesis/install/uc1_robot_perception/include/uc1_robot_perception/uc1_robot_perception/msg/detail
-- Up-to-date: /home/maclab/Documents/ROS_WORKSPACES/WS_Master_Thesis/install/uc1_robot_perception/include/uc1_robot_perception/uc1_robot_perception/msg/detail/contact__rosidl_typesupport_fastrtps_cpp.hpp
-- Up-to-date: /home/maclab/Documents/ROS_WORKSPACES/WS_Master_Thesis/install/uc1_robot_perception/include/uc1_robot_perception/uc1_robot_perception/msg/detail/proximity_task__rosidl_typesupport_fastrtps_cpp.hpp
-- Up-to-date: /home/maclab/Documents/ROS_WORKSPACES/WS_Master_Thesis/install/uc1_robot_perception/include/uc1_robot_perception/uc1_robot_perception/msg/detail/proximity_task_array__rosidl_typesupport_fastrtps_cpp.hpp
-- Up-to-date: /home/maclab/Documents/ROS_WORKSPACES/WS_Master_Thesis/install/uc1_robot_perception/include/uc1_robot_perception/uc1_robot_perception/msg/detail/contact_array__rosidl_typesupport_fastrtps_cpp.hpp
-- Up-to-date: /home/maclab/Documents/ROS_WORKSPACES/WS_Master_Thesis/install/uc1_robot_perception/include/uc1_robot_perception/uc1_robot_perception/msg/detail/dds_fastrtps
-- Up-to-date: /home/maclab/Documents/ROS_WORKSPACES/WS_Master_Thesis/install/uc1_robot_perception/include/uc1_robot_perception/uc1_robot_perception/msg/rosidl_typesupport_fastrtps_cpp__visibility_control.h
-- Up-to-date: /home/maclab/Documents/ROS_WORKSPACES/WS_Master_Thesis/install/uc1_robot_perception/lib/libuc1_robot_perception__rosidl_typesupport_fastrtps_cpp.so
-- Up-to-date: /home/maclab/Documents/ROS_WORKSPACES/WS_Master_Thesis/install/uc1_robot_perception/include/uc1_robot_perception/uc1_robot_perception
-- Up-to-date: /home/maclab/Documents/ROS_WORKSPACES/WS_Master_Thesis/install/uc1_robot_perception/include/uc1_robot_perception/uc1_robot_perception/msg
-- Up-to-date: /home/maclab/Documents/ROS_WORKSPACES/WS_Master_Thesis/install/uc1_robot_perception/include/uc1_robot_perception/uc1_robot_perception/msg/rosidl_typesupport_introspection_c__visibility_control.h
-- Up-to-date: /home/maclab/Documents/ROS_WORKSPACES/WS_Master_Thesis/install/uc1_robot_perception/include/uc1_robot_perception/uc1_robot_perception/msg/detail
-- Up-to-date: /home/maclab/Documents/ROS_WORKSPACES/WS_Master_Thesis/install/uc1_robot_perception/include/uc1_robot_perception/uc1_robot_perception/msg/detail/contact__rosidl_typesupport_introspection_c.h
-- Up-to-date: /home/maclab/Documents/ROS_WORKSPACES/WS_Master_Thesis/install/uc1_robot_perception/include/uc1_robot_perception/uc1_robot_perception/msg/detail/contact_array__type_support.c
-- Up-to-date: /home/maclab/Documents/ROS_WORKSPACES/WS_Master_Thesis/install/uc1_robot_perception/include/uc1_robot_perception/uc1_robot_perception/msg/detail/proximity_task__type_support.c
-- Up-to-date: /home/maclab/Documents/ROS_WORKSPACES/WS_Master_Thesis/install/uc1_robot_perception/include/uc1_robot_perception/uc1_robot_perception/msg/detail/contact_array__rosidl_typesupport_introspection_c.h
-- Up-to-date: /home/maclab/Documents/ROS_WORKSPACES/WS_Master_Thesis/install/uc1_robot_perception/include/uc1_robot_perception/uc1_robot_perception/msg/detail/proximity_task_array__rosidl_typesupport_introspection_c.h
-- Up-to-date: /home/maclab/Documents/ROS_WORKSPACES/WS_Master_Thesis/install/uc1_robot_perception/include/uc1_robot_perception/uc1_robot_perception/msg/detail/contact__type_support.c
-- Up-to-date: /home/maclab/Documents/ROS_WORKSPACES/WS_Master_Thesis/install/uc1_robot_perception/include/uc1_robot_perception/uc1_robot_perception/msg/detail/proximity_task__rosidl_typesupport_introspection_c.h
-- Up-to-date: /home/maclab/Documents/ROS_WORKSPACES/WS_Master_Thesis/install/uc1_robot_perception/include/uc1_robot_perception/uc1_robot_perception/msg/detail/proximity_task_array__type_support.c
-- Up-to-date: /home/maclab/Documents/ROS_WORKSPACES/WS_Master_Thesis/install/uc1_robot_perception/lib/libuc1_robot_perception__rosidl_typesupport_introspection_c.so
-- Up-to-date: /home/maclab/Documents/ROS_WORKSPACES/WS_Master_Thesis/install/uc1_robot_perception/lib/libuc1_robot_perception__rosidl_typesupport_c.so
-- Up-to-date: /home/maclab/Documents/ROS_WORKSPACES/WS_Master_Thesis/install/uc1_robot_perception/include/uc1_robot_perception/uc1_robot_perception
-- Up-to-date: /home/maclab/Documents/ROS_WORKSPACES/WS_Master_Thesis/install/uc1_robot_perception/include/uc1_robot_perception/uc1_robot_perception/msg
-- Up-to-date: /home/maclab/Documents/ROS_WORKSPACES/WS_Master_Thesis/install/uc1_robot_perception/include/uc1_robot_perception/uc1_robot_perception/msg/detail
-- Up-to-date: /home/maclab/Documents/ROS_WORKSPACES/WS_Master_Thesis/install/uc1_robot_perception/include/uc1_robot_perception/uc1_robot_perception/msg/detail/contact__rosidl_typesupport_introspection_cpp.hpp
-- Up-to-date: /home/maclab/Documents/ROS_WORKSPACES/WS_Master_Thesis/install/uc1_robot_perception/include/uc1_robot_perception/uc1_robot_perception/msg/detail/proximity_task_array__rosidl_typesupport_introspection_cpp.hpp
-- Up-to-date: /home/maclab/Documents/ROS_WORKSPACES/WS_Master_Thesis/install/uc1_robot_perception/include/uc1_robot_perception/uc1_robot_perception/msg/detail/contact__type_support.cpp
-- Up-to-date: /home/maclab/Documents/ROS_WORKSPACES/WS_Master_Thesis/install/uc1_robot_perception/include/uc1_robot_perception/uc1_robot_perception/msg/detail/proximity_task_array__type_support.cpp
-- Up-to-date: /home/maclab/Documents/ROS_WORKSPACES/WS_Master_Thesis/install/uc1_robot_perception/include/uc1_robot_perception/uc1_robot_perception/msg/detail/proximity_task__rosidl_typesupport_introspection_cpp.hpp
-- Up-to-date: /home/maclab/Documents/ROS_WORKSPACES/WS_Master_Thesis/install/uc1_robot_perception/include/uc1_robot_perception/uc1_robot_perception/msg/detail/proximity_task__type_support.cpp
-- Up-to-date: /home/maclab/Documents/ROS_WORKSPACES/WS_Master_Thesis/install/uc1_robot_perception/include/uc1_robot_perception/uc1_robot_perception/msg/detail/contact_array__rosidl_typesupport_introspection_cpp.hpp
-- Up-to-date: /home/maclab/Documents/ROS_WORKSPACES/WS_Master_Thesis/install/uc1_robot_perception/include/uc1_robot_perception/uc1_robot_perception/msg/detail/contact_array__type_support.cpp
-- Up-to-date: /home/maclab/Documents/ROS_WORKSPACES/WS_Master_Thesis/install/uc1_robot_perception/lib/libuc1_robot_perception__rosidl_typesupport_introspection_cpp.so
-- Up-to-date: /home/maclab/Documents/ROS_WORKSPACES/WS_Master_Thesis/install/uc1_robot_perception/lib/libuc1_robot_perception__rosidl_typesupport_cpp.so
-- Up-to-date: /home/maclab/Documents/ROS_WORKSPACES/WS_Master_Thesis/install/uc1_robot_perception/share/uc1_robot_perception/environment/pythonpath.sh
-- Up-to-date: /home/maclab/Documents/ROS_WORKSPACES/WS_Master_Thesis/install/uc1_robot_perception/share/uc1_robot_perception/environment/pythonpath.dsv
-- Up-to-date: /home/maclab/Documents/ROS_WORKSPACES/WS_Master_Thesis/install/uc1_robot_perception/local/lib/python3.10/dist-packages/uc1_robot_perception-0.0.0-py3.10.egg-info
-- Installing: /home/maclab/Documents/ROS_WORKSPACES/WS_Master_Thesis/install/uc1_robot_perception/local/lib/python3.10/dist-packages/uc1_robot_perception-0.0.0-py3.10.egg-info/dependency_links.txt
-- Installing: /home/maclab/Documents/ROS_WORKSPACES/WS_Master_Thesis/install/uc1_robot_perception/local/lib/python3.10/dist-packages/uc1_robot_perception-0.0.0-py3.10.egg-info/SOURCES.txt
-- Installing: /home/maclab/Documents/ROS_WORKSPACES/WS_Master_Thesis/install/uc1_robot_perception/local/lib/python3.10/dist-packages/uc1_robot_perception-0.0.0-py3.10.egg-info/PKG-INFO
-- Installing: /home/maclab/Documents/ROS_WORKSPACES/WS_Master_Thesis/install/uc1_robot_perception/local/lib/python3.10/dist-packages/uc1_robot_perception-0.0.0-py3.10.egg-info/top_level.txt
-- Up-to-date: /home/maclab/Documents/ROS_WORKSPACES/WS_Master_Thesis/install/uc1_robot_perception/local/lib/python3.10/dist-packages/uc1_robot_perception
-- Up-to-date: /home/maclab/Documents/ROS_WORKSPACES/WS_Master_Thesis/install/uc1_robot_perception/local/lib/python3.10/dist-packages/uc1_robot_perception/__init__.py
-- Up-to-date: /home/maclab/Documents/ROS_WORKSPACES/WS_Master_Thesis/install/uc1_robot_perception/local/lib/python3.10/dist-packages/uc1_robot_perception/msg
-- Up-to-date: /home/maclab/Documents/ROS_WORKSPACES/WS_Master_Thesis/install/uc1_robot_perception/local/lib/python3.10/dist-packages/uc1_robot_perception/msg/_proximity_task.py
-- Up-to-date: /home/maclab/Documents/ROS_WORKSPACES/WS_Master_Thesis/install/uc1_robot_perception/local/lib/python3.10/dist-packages/uc1_robot_perception/msg/__init__.py
-- Up-to-date: /home/maclab/Documents/ROS_WORKSPACES/WS_Master_Thesis/install/uc1_robot_perception/local/lib/python3.10/dist-packages/uc1_robot_perception/msg/_contact_array.py
-- Up-to-date: /home/maclab/Documents/ROS_WORKSPACES/WS_Master_Thesis/install/uc1_robot_perception/local/lib/python3.10/dist-packages/uc1_robot_perception/msg/_proximity_task_s.c
-- Up-to-date: /home/maclab/Documents/ROS_WORKSPACES/WS_Master_Thesis/install/uc1_robot_perception/local/lib/python3.10/dist-packages/uc1_robot_perception/msg/_contact_array_s.c
-- Up-to-date: /home/maclab/Documents/ROS_WORKSPACES/WS_Master_Thesis/install/uc1_robot_perception/local/lib/python3.10/dist-packages/uc1_robot_perception/msg/_proximity_task_array_s.c
-- Up-to-date: /home/maclab/Documents/ROS_WORKSPACES/WS_Master_Thesis/install/uc1_robot_perception/local/lib/python3.10/dist-packages/uc1_robot_perception/msg/_contact_s.c
-- Up-to-date: /home/maclab/Documents/ROS_WORKSPACES/WS_Master_Thesis/install/uc1_robot_perception/local/lib/python3.10/dist-packages/uc1_robot_perception/msg/_proximity_task_array.py
-- Up-to-date: /home/maclab/Documents/ROS_WORKSPACES/WS_Master_Thesis/install/uc1_robot_perception/local/lib/python3.10/dist-packages/uc1_robot_perception/msg/_contact.py
-- Up-to-date: /home/maclab/Documents/ROS_WORKSPACES/WS_Master_Thesis/install/uc1_robot_perception/local/lib/python3.10/dist-packages/uc1_robot_perception/uc1_robot_perception_s__rosidl_typesupport_fastrtps_c.cpython-310-x86_64-linux-gnu.so
-- Up-to-date: /home/maclab/Documents/ROS_WORKSPACES/WS_Master_Thesis/install/uc1_robot_perception/local/lib/python3.10/dist-packages/uc1_robot_perception/_uc1_robot_perception_s.ep.rosidl_typesupport_fastrtps_c.c
-- Up-to-date: /home/maclab/Documents/ROS_WORKSPACES/WS_Master_Thesis/install/uc1_robot_perception/local/lib/python3.10/dist-packages/uc1_robot_perception/uc1_robot_perception_s__rosidl_typesupport_c.cpython-310-x86_64-linux-gnu.so
-- Up-to-date: /home/maclab/Documents/ROS_WORKSPACES/WS_Master_Thesis/install/uc1_robot_perception/local/lib/python3.10/dist-packages/uc1_robot_perception/libuc1_robot_perception__rosidl_generator_py.so
-- Up-to-date: /home/maclab/Documents/ROS_WORKSPACES/WS_Master_Thesis/install/uc1_robot_perception/local/lib/python3.10/dist-packages/uc1_robot_perception/uc1_robot_perception_s__rosidl_typesupport_introspection_c.cpython-310-x86_64-linux-gnu.so
-- Up-to-date: /home/maclab/Documents/ROS_WORKSPACES/WS_Master_Thesis/install/uc1_robot_perception/local/lib/python3.10/dist-packages/uc1_robot_perception/_uc1_robot_perception_s.ep.rosidl_typesupport_c.c
-- Up-to-date: /home/maclab/Documents/ROS_WORKSPACES/WS_Master_Thesis/install/uc1_robot_perception/local/lib/python3.10/dist-packages/uc1_robot_perception/_uc1_robot_perception_s.ep.rosidl_typesupport_introspection_c.c
Listing '/home/maclab/Documents/ROS_WORKSPACES/WS_Master_Thesis/install/uc1_robot_perception/local/lib/python3.10/dist-packages/uc1_robot_perception'...
Listing '/home/maclab/Documents/ROS_WORKSPACES/WS_Master_Thesis/install/uc1_robot_perception/local/lib/python3.10/dist-packages/uc1_robot_perception/msg'...
-- Up-to-date: /home/maclab/Documents/ROS_WORKSPACES/WS_Master_Thesis/install/uc1_robot_perception/local/lib/python3.10/dist-packages/uc1_robot_perception/uc1_robot_perception_s__rosidl_typesupport_fastrtps_c.cpython-310-x86_64-linux-gnu.so
-- Up-to-date: /home/maclab/Documents/ROS_WORKSPACES/WS_Master_Thesis/install/uc1_robot_perception/local/lib/python3.10/dist-packages/uc1_robot_perception/uc1_robot_perception_s__rosidl_typesupport_introspection_c.cpython-310-x86_64-linux-gnu.so
-- Up-to-date: /home/maclab/Documents/ROS_WORKSPACES/WS_Master_Thesis/install/uc1_robot_perception/local/lib/python3.10/dist-packages/uc1_robot_perception/uc1_robot_perception_s__rosidl_typesupport_c.cpython-310-x86_64-linux-gnu.so
-- Up-to-date: /home/maclab/Documents/ROS_WORKSPACES/WS_Master_Thesis/install/uc1_robot_perception/lib/libuc1_robot_perception__rosidl_generator_py.so
-- Up-to-date: /home/maclab/Documents/ROS_WORKSPACES/WS_Master_Thesis/install/uc1_robot_perception/share/uc1_robot_perception/msg/ProximityTask.idl
-- Up-to-date: /home/maclab/Documents/ROS_WORKSPACES/WS_Master_Thesis/install/uc1_robot_perception/share/uc1_robot_perception/msg/ProximityTaskArray.idl
-- Up-to-date: /home/maclab/Documents/ROS_WORKSPACES/WS_Master_Thesis/install/uc1_robot_perception/share/uc1_robot_perception/msg/Contact.idl
-- Up-to-date: /home/maclab/Documents/ROS_WORKSPACES/WS_Master_Thesis/install/uc1_robot_perception/share/uc1_robot_perception/msg/ContactArray.idl
-- Up-to-date: /home/maclab/Documents/ROS_WORKSPACES/WS_Master_Thesis/install/uc1_robot_perception/share/uc1_robot_perception/msg/ProximityTask.msg
-- Up-to-date: /home/maclab/Documents/ROS_WORKSPACES/WS_Master_Thesis/install/uc1_robot_perception/share/uc1_robot_perception/msg/ProximityTaskArray.msg
-- Up-to-date: /home/maclab/Documents/ROS_WORKSPACES/WS_Master_Thesis/install/uc1_robot_perception/share/uc1_robot_perception/msg/Contact.msg
-- Up-to-date: /home/maclab/Documents/ROS_WORKSPACES/WS_Master_Thesis/install/uc1_robot_perception/share/uc1_robot_perception/msg/ContactArray.msg
-- Up-to-date: /home/maclab/Documents/ROS_WORKSPACES/WS_Master_Thesis/install/uc1_robot_perception/lib/uc1_robot_perception/simulated_contact_publisher
-- Up-to-date: /home/maclab/Documents/ROS_WORKSPACES/WS_Master_Thesis/install/uc1_robot_perception/lib/uc1_robot_perception/interactive_contact_publisher
-- Up-to-date: /home/maclab/Documents/ROS_WORKSPACES/WS_Master_Thesis/install/uc1_robot_perception/lib/uc1_robot_perception/proximity_task_generator
-- Up-to-date: /home/maclab/Documents/ROS_WORKSPACES/WS_Master_Thesis/install/uc1_robot_perception/share/uc1_robot_perception/
-- Up-to-date: /home/maclab/Documents/ROS_WORKSPACES/WS_Master_Thesis/install/uc1_robot_perception/share/uc1_robot_perception//resources
-- Up-to-date: /home/maclab/Documents/ROS_WORKSPACES/WS_Master_Thesis/install/uc1_robot_perception/share/uc1_robot_perception//resources/stl
-- Up-to-date: /home/maclab/Documents/ROS_WORKSPACES/WS_Master_Thesis/install/uc1_robot_perception/share/uc1_robot_perception//resources/stl/wrist2.stl
-- Up-to-date: /home/maclab/Documents/ROS_WORKSPACES/WS_Master_Thesis/install/uc1_robot_perception/share/uc1_robot_perception//resources/stl/shoulder.stl
-- Up-to-date: /home/maclab/Documents/ROS_WORKSPACES/WS_Master_Thesis/install/uc1_robot_perception/share/uc1_robot_perception//resources/stl/wrist1.stl
-- Up-to-date: /home/maclab/Documents/ROS_WORKSPACES/WS_Master_Thesis/install/uc1_robot_perception/share/uc1_robot_perception//resources/stl/forearm.stl
-- Up-to-date: /home/maclab/Documents/ROS_WORKSPACES/WS_Master_Thesis/install/uc1_robot_perception/share/uc1_robot_perception//resources/stl/base.stl
-- Up-to-date: /home/maclab/Documents/ROS_WORKSPACES/WS_Master_Thesis/install/uc1_robot_perception/share/uc1_robot_perception//resources/stl/upperarm.stl
-- Up-to-date: /home/maclab/Documents/ROS_WORKSPACES/WS_Master_Thesis/install/uc1_robot_perception/share/uc1_robot_perception//resources/stl/wrist3.stl
-- Up-to-date: /home/maclab/Documents/ROS_WORKSPACES/WS_Master_Thesis/install/uc1_robot_perception/share/uc1_robot_perception//resources/ply
-- Up-to-date: /home/maclab/Documents/ROS_WORKSPACES/WS_Master_Thesis/install/uc1_robot_perception/share/uc1_robot_perception//resources/ply/ur10
-- Up-to-date: /home/maclab/Documents/ROS_WORKSPACES/WS_Master_Thesis/install/uc1_robot_perception/share/uc1_robot_perception//resources/ply/ur10/upperarm.ply
-- Up-to-date: /home/maclab/Documents/ROS_WORKSPACES/WS_Master_Thesis/install/uc1_robot_perception/share/uc1_robot_perception//resources/ply/ur10/base.ply
-- Up-to-date: /home/maclab/Documents/ROS_WORKSPACES/WS_Master_Thesis/install/uc1_robot_perception/share/uc1_robot_perception//resources/ply/ur10/wrist2.ply
-- Up-to-date: /home/maclab/Documents/ROS_WORKSPACES/WS_Master_Thesis/install/uc1_robot_perception/share/uc1_robot_perception//resources/ply/ur10/wrist1.ply
-- Up-to-date: /home/maclab/Documents/ROS_WORKSPACES/WS_Master_Thesis/install/uc1_robot_perception/share/uc1_robot_perception//resources/ply/ur10/wrist3.ply
-- Up-to-date: /home/maclab/Documents/ROS_WORKSPACES/WS_Master_Thesis/install/uc1_robot_perception/share/uc1_robot_perception//resources/ply/ur10/forearm.ply
-- Up-to-date: /home/maclab/Documents/ROS_WORKSPACES/WS_Master_Thesis/install/uc1_robot_perception/share/uc1_robot_perception//resources/ply/ur10/shoulder.ply
-- Up-to-date: /home/maclab/Documents/ROS_WORKSPACES/WS_Master_Thesis/install/uc1_robot_perception/share/uc1_robot_perception//resources/ply/kuka
-- Up-to-date: /home/maclab/Documents/ROS_WORKSPACES/WS_Master_Thesis/install/uc1_robot_perception/share/uc1_robot_perception//resources/ply/kuka/link_6.ply
-- Up-to-date: /home/maclab/Documents/ROS_WORKSPACES/WS_Master_Thesis/install/uc1_robot_perception/share/uc1_robot_perception//resources/ply/kuka/link_3.ply
-- Up-to-date: /home/maclab/Documents/ROS_WORKSPACES/WS_Master_Thesis/install/uc1_robot_perception/share/uc1_robot_perception//resources/ply/kuka/link_5.ply
-- Up-to-date: /home/maclab/Documents/ROS_WORKSPACES/WS_Master_Thesis/install/uc1_robot_perception/share/uc1_robot_perception//resources/ply/kuka/link_2.ply
-- Up-to-date: /home/maclab/Documents/ROS_WORKSPACES/WS_Master_Thesis/install/uc1_robot_perception/share/uc1_robot_perception//resources/ply/kuka/link_4.ply
-- Up-to-date: /home/maclab/Documents/ROS_WORKSPACES/WS_Master_Thesis/install/uc1_robot_perception/share/uc1_robot_perception//resources/ply/kuka/base_link.ply
-- Up-to-date: /home/maclab/Documents/ROS_WORKSPACES/WS_Master_Thesis/install/uc1_robot_perception/share/uc1_robot_perception//resources/ply/kuka/link_1.ply
-- Up-to-date: /home/maclab/Documents/ROS_WORKSPACES/WS_Master_Thesis/install/uc1_robot_perception/share/uc1_robot_perception/msg
-- Up-to-date: /home/maclab/Documents/ROS_WORKSPACES/WS_Master_Thesis/install/uc1_robot_perception/share/uc1_robot_perception/msg/Contact.msg
-- Up-to-date: /home/maclab/Documents/ROS_WORKSPACES/WS_Master_Thesis/install/uc1_robot_perception/share/uc1_robot_perception/msg/ProximityTask.msg
-- Up-to-date: /home/maclab/Documents/ROS_WORKSPACES/WS_Master_Thesis/install/uc1_robot_perception/share/uc1_robot_perception/msg/ProximityTaskArray.msg
-- Up-to-date: /home/maclab/Documents/ROS_WORKSPACES/WS_Master_Thesis/install/uc1_robot_perception/share/uc1_robot_perception/msg/ContactArray.msg
-- Up-to-date: /home/maclab/Documents/ROS_WORKSPACES/WS_Master_Thesis/install/uc1_robot_perception/share/uc1_robot_perception/package.xml
-- Up-to-date: /home/maclab/Documents/ROS_WORKSPACES/WS_Master_Thesis/install/uc1_robot_perception/share/ament_index/resource_index/package_run_dependencies/uc1_robot_perception
-- Up-to-date: /home/maclab/Documents/ROS_WORKSPACES/WS_Master_Thesis/install/uc1_robot_perception/share/ament_index/resource_index/parent_prefix_path/uc1_robot_perception
-- Up-to-date: /home/maclab/Documents/ROS_WORKSPACES/WS_Master_Thesis/install/uc1_robot_perception/share/uc1_robot_perception/environment/ament_prefix_path.sh
-- Up-to-date: /home/maclab/Documents/ROS_WORKSPACES/WS_Master_Thesis/install/uc1_robot_perception/share/uc1_robot_perception/environment/ament_prefix_path.dsv
-- Up-to-date: /home/maclab/Documents/ROS_WORKSPACES/WS_Master_Thesis/install/uc1_robot_perception/share/uc1_robot_perception/environment/path.sh
-- Up-to-date: /home/maclab/Documents/ROS_WORKSPACES/WS_Master_Thesis/install/uc1_robot_perception/share/uc1_robot_perception/environment/path.dsv
-- Up-to-date: /home/maclab/Documents/ROS_WORKSPACES/WS_Master_Thesis/install/uc1_robot_perception/share/uc1_robot_perception/local_setup.bash
-- Up-to-date: /home/maclab/Documents/ROS_WORKSPACES/WS_Master_Thesis/install/uc1_robot_perception/share/uc1_robot_perception/local_setup.sh
-- Up-to-date: /home/maclab/Documents/ROS_WORKSPACES/WS_Master_Thesis/install/uc1_robot_perception/share/uc1_robot_perception/local_setup.zsh
-- Up-to-date: /home/maclab/Documents/ROS_WORKSPACES/WS_Master_Thesis/install/uc1_robot_perception/share/uc1_robot_perception/local_setup.dsv
-- Installing: /home/maclab/Documents/ROS_WORKSPACES/WS_Master_Thesis/install/uc1_robot_perception/share/uc1_robot_perception/package.dsv
-- Up-to-date: /home/maclab/Documents/ROS_WORKSPACES/WS_Master_Thesis/install/uc1_robot_perception/share/ament_index/resource_index/packages/uc1_robot_perception
-- Up-to-date: /home/maclab/Documents/ROS_WORKSPACES/WS_Master_Thesis/install/uc1_robot_perception/share/uc1_robot_perception/cmake/export_uc1_robot_perception__rosidl_generator_cExport.cmake
-- Up-to-date: /home/maclab/Documents/ROS_WORKSPACES/WS_Master_Thesis/install/uc1_robot_perception/share/uc1_robot_perception/cmake/export_uc1_robot_perception__rosidl_generator_cExport-noconfig.cmake
-- Up-to-date: /home/maclab/Documents/ROS_WORKSPACES/WS_Master_Thesis/install/uc1_robot_perception/share/uc1_robot_perception/cmake/export_uc1_robot_perception__rosidl_typesupport_fastrtps_cExport.cmake
-- Up-to-date: /home/maclab/Documents/ROS_WORKSPACES/WS_Master_Thesis/install/uc1_robot_perception/share/uc1_robot_perception/cmake/export_uc1_robot_perception__rosidl_typesupport_fastrtps_cExport-noconfig.cmake
-- Up-to-date: /home/maclab/Documents/ROS_WORKSPACES/WS_Master_Thesis/install/uc1_robot_perception/share/uc1_robot_perception/cmake/export_uc1_robot_perception__rosidl_generator_cppExport.cmake
-- Up-to-date: /home/maclab/Documents/ROS_WORKSPACES/WS_Master_Thesis/install/uc1_robot_perception/share/uc1_robot_perception/cmake/export_uc1_robot_perception__rosidl_typesupport_fastrtps_cppExport.cmake
-- Up-to-date: /home/maclab/Documents/ROS_WORKSPACES/WS_Master_Thesis/install/uc1_robot_perception/share/uc1_robot_perception/cmake/export_uc1_robot_perception__rosidl_typesupport_fastrtps_cppExport-noconfig.cmake
-- Up-to-date: /home/maclab/Documents/ROS_WORKSPACES/WS_Master_Thesis/install/uc1_robot_perception/share/uc1_robot_perception/cmake/uc1_robot_perception__rosidl_typesupport_introspection_cExport.cmake
-- Up-to-date: /home/maclab/Documents/ROS_WORKSPACES/WS_Master_Thesis/install/uc1_robot_perception/share/uc1_robot_perception/cmake/uc1_robot_perception__rosidl_typesupport_introspection_cExport-noconfig.cmake
-- Up-to-date: /home/maclab/Documents/ROS_WORKSPACES/WS_Master_Thesis/install/uc1_robot_perception/share/uc1_robot_perception/cmake/uc1_robot_perception__rosidl_typesupport_cExport.cmake
-- Up-to-date: /home/maclab/Documents/ROS_WORKSPACES/WS_Master_Thesis/install/uc1_robot_perception/share/uc1_robot_perception/cmake/uc1_robot_perception__rosidl_typesupport_cExport-noconfig.cmake
-- Up-to-date: /home/maclab/Documents/ROS_WORKSPACES/WS_Master_Thesis/install/uc1_robot_perception/share/uc1_robot_perception/cmake/uc1_robot_perception__rosidl_typesupport_introspection_cppExport.cmake
-- Up-to-date: /home/maclab/Documents/ROS_WORKSPACES/WS_Master_Thesis/install/uc1_robot_perception/share/uc1_robot_perception/cmake/uc1_robot_perception__rosidl_typesupport_introspection_cppExport-noconfig.cmake
-- Up-to-date: /home/maclab/Documents/ROS_WORKSPACES/WS_Master_Thesis/install/uc1_robot_perception/share/uc1_robot_perception/cmake/uc1_robot_perception__rosidl_typesupport_cppExport.cmake
-- Up-to-date: /home/maclab/Documents/ROS_WORKSPACES/WS_Master_Thesis/install/uc1_robot_perception/share/uc1_robot_perception/cmake/uc1_robot_perception__rosidl_typesupport_cppExport-noconfig.cmake
-- Up-to-date: /home/maclab/Documents/ROS_WORKSPACES/WS_Master_Thesis/install/uc1_robot_perception/share/uc1_robot_perception/cmake/export_uc1_robot_perception__rosidl_generator_pyExport.cmake
-- Up-to-date: /home/maclab/Documents/ROS_WORKSPACES/WS_Master_Thesis/install/uc1_robot_perception/share/uc1_robot_perception/cmake/export_uc1_robot_perception__rosidl_generator_pyExport-noconfig.cmake
-- Up-to-date: /home/maclab/Documents/ROS_WORKSPACES/WS_Master_Thesis/install/uc1_robot_perception/share/uc1_robot_perception/cmake/rosidl_cmake-extras.cmake
-- Up-to-date: /home/maclab/Documents/ROS_WORKSPACES/WS_Master_Thesis/install/uc1_robot_perception/share/uc1_robot_perception/cmake/ament_cmake_export_dependencies-extras.cmake
-- Up-to-date: /home/maclab/Documents/ROS_WORKSPACES/WS_Master_Thesis/install/uc1_robot_perception/share/uc1_robot_perception/cmake/ament_cmake_export_include_directories-extras.cmake
-- Up-to-date: /home/maclab/Documents/ROS_WORKSPACES/WS_Master_Thesis/install/uc1_robot_perception/share/uc1_robot_perception/cmake/ament_cmake_export_libraries-extras.cmake
-- Up-to-date: /home/maclab/Documents/ROS_WORKSPACES/WS_Master_Thesis/install/uc1_robot_perception/share/uc1_robot_perception/cmake/ament_cmake_export_targets-extras.cmake
-- Up-to-date: /home/maclab/Documents/ROS_WORKSPACES/WS_Master_Thesis/install/uc1_robot_perception/share/uc1_robot_perception/cmake/rosidl_cmake_export_typesupport_targets-extras.cmake
-- Up-to-date: /home/maclab/Documents/ROS_WORKSPACES/WS_Master_Thesis/install/uc1_robot_perception/share/uc1_robot_perception/cmake/rosidl_cmake_export_typesupport_libraries-extras.cmake
-- Up-to-date: /home/maclab/Documents/ROS_WORKSPACES/WS_Master_Thesis/install/uc1_robot_perception/share/uc1_robot_perception/cmake/uc1_robot_perceptionConfig.cmake
-- Up-to-date: /home/maclab/Documents/ROS_WORKSPACES/WS_Master_Thesis/install/uc1_robot_perception/share/uc1_robot_perception/cmake/uc1_robot_perceptionConfig-version.cmake
-- Up-to-date: /home/maclab/Documents/ROS_WORKSPACES/WS_Master_Thesis/install/uc1_robot_perception/share/uc1_robot_perception/package.xml
