[0.016s] Invoking command in '/home/maclab/Documents/ROS_WORKSPACES/WS_Master_Thesis/build/rsp_uc1': CMAKE_PREFIX_PATH=/opt/ros/humble /usr/bin/cmake /home/maclab/Documents/ROS_WORKSPACES/WS_Master_Thesis/src/rsp_uc1 -DCMAKE_INSTALL_PREFIX=/home/maclab/Documents/ROS_WORKSPACES/WS_Master_Thesis/install/rsp_uc1
[0.057s] -- The C compiler identification is GNU 12.3.0
[0.087s] -- The CXX compiler identification is GNU 11.4.0
[0.090s] -- Detecting C compiler ABI info
[0.131s] -- Detecting C compiler ABI info - done
[0.137s] -- Check for working C compiler: /usr/bin/cc - skipped
[0.137s] -- Detecting C compile features
[0.137s] -- Detecting C compile features - done
[0.139s] -- Detecting CXX compiler ABI info
[0.183s] -- Detecting CXX compiler ABI info - done
[0.186s] -- Check for working CXX compiler: /usr/bin/c++ - skipped
[0.186s] -- Detecting CXX compile features
[0.187s] -- Detecting CXX compile features - done
[0.187s] -- Found ament_cmake: 1.3.12 (/opt/ros/humble/share/ament_cmake/cmake)
[0.272s] -- Found Python3: /usr/bin/python3 (found version "3.10.12") found components: Interpreter 
[0.315s] -- Found builtin_interfaces: 1.2.2 (/opt/ros/humble/share/builtin_interfaces/cmake)
[0.336s] -- Found rosidl_generator_c: 3.1.7 (/opt/ros/humble/share/rosidl_generator_c/cmake)
[0.339s] -- Found rosidl_adapter: 3.1.7 (/opt/ros/humble/share/rosidl_adapter/cmake)
[0.345s] -- Found rosidl_generator_cpp: 3.1.7 (/opt/ros/humble/share/rosidl_generator_cpp/cmake)
[0.354s] -- Using all available rosidl_typesupport_c: rosidl_typesupport_fastrtps_c;rosidl_typesupport_introspection_c
[0.363s] -- Using all available rosidl_typesupport_cpp: rosidl_typesupport_fastrtps_cpp;rosidl_typesupport_introspection_cpp
[0.370s] -- Found geometry_msgs: 4.9.0 (/opt/ros/humble/share/geometry_msgs/cmake)
[0.384s] -- Found kdl_parser: 2.6.4 (/opt/ros/humble/share/kdl_parser/cmake)
[0.387s] -- Found eigen3_cmake_module: 0.1.1 (/opt/ros/humble/share/eigen3_cmake_module/cmake)
[0.387s] -- Found Eigen3: TRUE (found version "3.4.0") 
[0.387s] -- Ensuring Eigen3 include directory is part of orocos-kdl CMake target
[0.390s] -- Found rcl_interfaces: 1.2.2 (/opt/ros/humble/share/rcl_interfaces/cmake)
[0.395s] -- Found rclcpp: 16.0.15 (/opt/ros/humble/share/rclcpp/cmake)
[0.405s] -- Found rmw_implementation_cmake: 6.1.2 (/opt/ros/humble/share/rmw_implementation_cmake/cmake)
[0.406s] -- Found rmw_fastrtps_cpp: 6.2.9 (/opt/ros/humble/share/rmw_fastrtps_cpp/cmake)
[0.451s] -- Found OpenSSL: /usr/lib/x86_64-linux-gnu/libcrypto.so (found version "3.0.2")  
[0.468s] -- Found FastRTPS: /opt/ros/humble/include  
[0.491s] -- Using RMW implementation 'rmw_fastrtps_cpp' as default
[0.496s] -- Looking for pthread.h
[0.544s] -- Looking for pthread.h - found
[0.545s] -- Performing Test CMAKE_HAVE_LIBC_PTHREAD
[0.586s] -- Performing Test CMAKE_HAVE_LIBC_PTHREAD - Success
[0.586s] -- Found Threads: TRUE  
[0.602s] -- Found rclcpp_components: 16.0.15 (/opt/ros/humble/share/rclcpp_components/cmake)
[0.614s] -- Found sensor_msgs: 4.9.0 (/opt/ros/humble/share/sensor_msgs/cmake)
[0.622s] -- Found tf2_ros: 0.25.16 (/opt/ros/humble/share/tf2_ros/cmake)
[0.653s] -- Found urdf: 2.6.1 (/opt/ros/humble/share/urdf/cmake)
[0.666s] -- Found ament_lint_auto: 0.12.14 (/opt/ros/humble/share/ament_lint_auto/cmake)
[0.711s] -- Found python_cmake_module: 0.10.0 (/opt/ros/humble/share/python_cmake_module/cmake)
[0.724s] -- Found PythonInterp: /usr/bin/python3 (found suitable version "3.10.12", minimum required is "3.6") 
[0.726s] -- Found PythonLibs: /usr/lib/x86_64-linux-gnu/libpython3.10.so (found suitable version "3.10.12", minimum required is "3.5") 
[0.726s] -- Using PYTHON_EXECUTABLE: /usr/bin/python3
[0.726s] -- Using PYTHON_INCLUDE_DIRS: /usr/include/python3.10
[0.726s] -- Using PYTHON_LIBRARIES: /usr/lib/x86_64-linux-gnu/libpython3.10.so
[0.736s] -- Found PythonExtra: .so  
[0.737s] -- Found gtest sources under '/opt/ros/humble/src/gtest_vendor': C++ tests using 'Google Test' will be built
[0.742s] -- Added test 'copyright' to check source files copyright and LICENSE
[0.743s] -- Added test 'cppcheck' to perform static code analysis on C / C++ code
[0.743s] -- Configured cppcheck include dirs: $<BUILD_INTERFACE:/home/maclab/Documents/ROS_WORKSPACES/WS_Master_Thesis/src/rsp_uc1/include>
[0.743s] -- Configured cppcheck exclude dirs and/or files: 
[0.744s] -- Added test 'cpplint' to check C / C++ code against the Google style
[0.744s] -- Configured cpplint exclude dirs and/or files: 
[0.744s] -- Added test 'flake8' to check Python code syntax and style conventions
[0.745s] -- Added test 'lint_cmake' to check CMake code style
[0.745s] -- Added test 'pep257' to check Python code against some of the docstring style conventions in PEP 257
[0.745s] -- Added test 'uncrustify' to check C / C++ code style
[0.745s] -- Configured uncrustify additional arguments: 
[0.746s] -- Added test 'xmllint' to check XML markup files
[0.746s] -- Configuring done
[0.761s] -- Generating done
[0.768s] -- Build files have been written to: /home/maclab/Documents/ROS_WORKSPACES/WS_Master_Thesis/build/rsp_uc1
[0.773s] Invoked command in '/home/maclab/Documents/ROS_WORKSPACES/WS_Master_Thesis/build/rsp_uc1' returned '0': CMAKE_PREFIX_PATH=/opt/ros/humble /usr/bin/cmake /home/maclab/Documents/ROS_WORKSPACES/WS_Master_Thesis/src/rsp_uc1 -DCMAKE_INSTALL_PREFIX=/home/maclab/Documents/ROS_WORKSPACES/WS_Master_Thesis/install/rsp_uc1
[0.774s] Invoking command in '/home/maclab/Documents/ROS_WORKSPACES/WS_Master_Thesis/build/rsp_uc1': CMAKE_PREFIX_PATH=/opt/ros/humble /usr/bin/cmake --build /home/maclab/Documents/ROS_WORKSPACES/WS_Master_Thesis/build/rsp_uc1 -- -j32 -l32
[0.802s] [ 12%] [32mBuilding CXX object gtest/CMakeFiles/gtest.dir/src/gtest-all.cc.o[0m
[0.802s] [ 12%] [32mBuilding CXX object CMakeFiles/rsp_uc1.dir/rclcpp_components/node_main_rsp_uc1.cpp.o[0m
[0.802s] [ 18%] [32mBuilding CXX object CMakeFiles/rsp_uc1_node.dir/src/rsp_uc1.cpp.o[0m
[2.267s] [ 25%] [32m[1mLinking CXX static library libgtest.a[0m
[2.303s] [ 25%] Built target gtest
[2.318s] [ 43%] [32mBuilding CXX object CMakeFiles/test_two_links_fixed_joint_prefix.dir/test/test_two_links_fixed_joint_prefix.cpp.o[0m
[2.318s] [ 43%] [32mBuilding CXX object CMakeFiles/test_two_links_fixed_joint.dir/test/test_two_links_fixed_joint.cpp.o[0m
[2.318s] [ 43%] [32mBuilding CXX object CMakeFiles/test_change_mimic_joint.dir/test/test_change_mimic_joint.cpp.o[0m
[2.318s] [ 56%] [32mBuilding CXX object CMakeFiles/test_two_links_change_fixed_joint.dir/test/test_two_links_change_fixed_joint.cpp.o[0m
[2.318s] [ 56%] [32mBuilding CXX object CMakeFiles/test_two_links_moving_joint.dir/test/test_two_links_moving_joint.cpp.o[0m
[2.955s] [ 62%] [32m[1mLinking CXX executable rsp_uc1[0m
[3.044s] [ 62%] Built target rsp_uc1
[5.724s] [ 68%] [32m[1mLinking CXX executable test_change_mimic_joint[0m
[5.887s] [ 68%] Built target test_change_mimic_joint
[8.061s] [ 75%] [32m[1mLinking CXX executable test_two_links_fixed_joint[0m
[8.322s] [ 75%] Built target test_two_links_fixed_joint
[9.150s] [ 81%] [32m[1mLinking CXX executable test_two_links_fixed_joint_prefix[0m
[9.347s] [ 87%] [32m[1mLinking CXX executable test_two_links_change_fixed_joint[0m
[9.409s] [ 87%] Built target test_two_links_fixed_joint_prefix
[9.566s] [ 93%] [32m[1mLinking CXX executable test_two_links_moving_joint[0m
[9.663s] [ 93%] Built target test_two_links_change_fixed_joint
[9.856s] [ 93%] Built target test_two_links_moving_joint
[10.757s] [100%] [32m[1mLinking CXX shared library librsp_uc1_node.so[0m
[11.095s] [100%] Built target rsp_uc1_node
[11.102s] Invoked command in '/home/maclab/Documents/ROS_WORKSPACES/WS_Master_Thesis/build/rsp_uc1' returned '0': CMAKE_PREFIX_PATH=/opt/ros/humble /usr/bin/cmake --build /home/maclab/Documents/ROS_WORKSPACES/WS_Master_Thesis/build/rsp_uc1 -- -j32 -l32
[11.103s] Invoking command in '/home/maclab/Documents/ROS_WORKSPACES/WS_Master_Thesis/build/rsp_uc1': CMAKE_PREFIX_PATH=/opt/ros/humble /usr/bin/cmake --install /home/maclab/Documents/ROS_WORKSPACES/WS_Master_Thesis/build/rsp_uc1
[11.108s] -- Install configuration: ""
[11.108s] -- Installing: /home/maclab/Documents/ROS_WORKSPACES/WS_Master_Thesis/install/rsp_uc1/lib/rsp_uc1/rsp_uc1
[11.108s] -- Set runtime path of "/home/maclab/Documents/ROS_WORKSPACES/WS_Master_Thesis/install/rsp_uc1/lib/rsp_uc1/rsp_uc1" to ""
[11.108s] -- Installing: /home/maclab/Documents/ROS_WORKSPACES/WS_Master_Thesis/install/rsp_uc1/lib/librsp_uc1_node.so
[11.112s] -- Set runtime path of "/home/maclab/Documents/ROS_WORKSPACES/WS_Master_Thesis/install/rsp_uc1/lib/librsp_uc1_node.so" to ""
[11.112s] -- Installing: /home/maclab/Documents/ROS_WORKSPACES/WS_Master_Thesis/install/rsp_uc1/include/rsp_uc1
[11.112s] -- Installing: /home/maclab/Documents/ROS_WORKSPACES/WS_Master_Thesis/install/rsp_uc1/include/rsp_uc1/robot_state_publisher
[11.112s] -- Installing: /home/maclab/Documents/ROS_WORKSPACES/WS_Master_Thesis/install/rsp_uc1/include/rsp_uc1/robot_state_publisher/robot_state_publisher.hpp
[11.112s] -- Installing: /home/maclab/Documents/ROS_WORKSPACES/WS_Master_Thesis/install/rsp_uc1/share/rsp_uc1/launch
[11.112s] -- Installing: /home/maclab/Documents/ROS_WORKSPACES/WS_Master_Thesis/install/rsp_uc1/share/rsp_uc1/launch/rsp-launch-xacro-command-subst.xml
[11.112s] -- Installing: /home/maclab/Documents/ROS_WORKSPACES/WS_Master_Thesis/install/rsp_uc1/share/rsp_uc1/launch/rsp-launch-xacro-command-subst.py
[11.112s] -- Installing: /home/maclab/Documents/ROS_WORKSPACES/WS_Master_Thesis/install/rsp_uc1/share/rsp_uc1/launch/rsp-launch-urdf-inline.xml
[11.112s] -- Installing: /home/maclab/Documents/ROS_WORKSPACES/WS_Master_Thesis/install/rsp_uc1/share/rsp_uc1/launch/rsp-launch-urdf-inline.py
[11.112s] -- Installing: /home/maclab/Documents/ROS_WORKSPACES/WS_Master_Thesis/install/rsp_uc1/share/rsp_uc1/launch/rsp-launch-urdf-file1.py
[11.112s] -- Installing: /home/maclab/Documents/ROS_WORKSPACES/WS_Master_Thesis/install/rsp_uc1/share/rsp_uc1/launch/rsp-launch-urdf-file.xml
[11.112s] -- Installing: /home/maclab/Documents/ROS_WORKSPACES/WS_Master_Thesis/install/rsp_uc1/share/rsp_uc1/launch/rsp-launch-xacro-api.py
[11.112s] -- Installing: /home/maclab/Documents/ROS_WORKSPACES/WS_Master_Thesis/install/rsp_uc1/share/rsp_uc1/launch/rsp-launch-xacro-popen.py
[11.112s] -- Installing: /home/maclab/Documents/ROS_WORKSPACES/WS_Master_Thesis/install/rsp_uc1/share/rsp_uc1/launch/rsp-launch-urdf-file2.py
[11.112s] -- Installing: /home/maclab/Documents/ROS_WORKSPACES/WS_Master_Thesis/install/rsp_uc1/share/rsp_uc1/urdf
[11.112s] -- Installing: /home/maclab/Documents/ROS_WORKSPACES/WS_Master_Thesis/install/rsp_uc1/share/rsp_uc1/urdf/test-desc.urdf
[11.112s] -- Installing: /home/maclab/Documents/ROS_WORKSPACES/WS_Master_Thesis/install/rsp_uc1/share/rsp_uc1/urdf/test-desc.urdf.xacro
[11.112s] -- Installing: /home/maclab/Documents/ROS_WORKSPACES/WS_Master_Thesis/install/rsp_uc1/share/ament_index/resource_index/package_run_dependencies/rsp_uc1
[11.112s] -- Installing: /home/maclab/Documents/ROS_WORKSPACES/WS_Master_Thesis/install/rsp_uc1/share/ament_index/resource_index/parent_prefix_path/rsp_uc1
[11.112s] -- Installing: /home/maclab/Documents/ROS_WORKSPACES/WS_Master_Thesis/install/rsp_uc1/share/rsp_uc1/environment/ament_prefix_path.sh
[11.112s] -- Installing: /home/maclab/Documents/ROS_WORKSPACES/WS_Master_Thesis/install/rsp_uc1/share/rsp_uc1/environment/ament_prefix_path.dsv
[11.113s] -- Installing: /home/maclab/Documents/ROS_WORKSPACES/WS_Master_Thesis/install/rsp_uc1/share/rsp_uc1/environment/path.sh
[11.113s] -- Installing: /home/maclab/Documents/ROS_WORKSPACES/WS_Master_Thesis/install/rsp_uc1/share/rsp_uc1/environment/path.dsv
[11.113s] -- Installing: /home/maclab/Documents/ROS_WORKSPACES/WS_Master_Thesis/install/rsp_uc1/share/rsp_uc1/local_setup.bash
[11.113s] -- Installing: /home/maclab/Documents/ROS_WORKSPACES/WS_Master_Thesis/install/rsp_uc1/share/rsp_uc1/local_setup.sh
[11.113s] -- Installing: /home/maclab/Documents/ROS_WORKSPACES/WS_Master_Thesis/install/rsp_uc1/share/rsp_uc1/local_setup.zsh
[11.113s] -- Installing: /home/maclab/Documents/ROS_WORKSPACES/WS_Master_Thesis/install/rsp_uc1/share/rsp_uc1/local_setup.dsv
[11.113s] -- Installing: /home/maclab/Documents/ROS_WORKSPACES/WS_Master_Thesis/install/rsp_uc1/share/rsp_uc1/package.dsv
[11.113s] -- Installing: /home/maclab/Documents/ROS_WORKSPACES/WS_Master_Thesis/install/rsp_uc1/share/ament_index/resource_index/packages/rsp_uc1
[11.113s] -- Installing: /home/maclab/Documents/ROS_WORKSPACES/WS_Master_Thesis/install/rsp_uc1/share/rsp_uc1/cmake/export_rsp_uc1_nodeExport.cmake
[11.113s] -- Installing: /home/maclab/Documents/ROS_WORKSPACES/WS_Master_Thesis/install/rsp_uc1/share/rsp_uc1/cmake/export_rsp_uc1_nodeExport-noconfig.cmake
[11.113s] -- Installing: /home/maclab/Documents/ROS_WORKSPACES/WS_Master_Thesis/install/rsp_uc1/share/ament_index/resource_index/rclcpp_components/rsp_uc1
[11.113s] -- Installing: /home/maclab/Documents/ROS_WORKSPACES/WS_Master_Thesis/install/rsp_uc1/share/rsp_uc1/cmake/ament_cmake_export_targets-extras.cmake
[11.113s] -- Installing: /home/maclab/Documents/ROS_WORKSPACES/WS_Master_Thesis/install/rsp_uc1/share/rsp_uc1/cmake/ament_cmake_export_dependencies-extras.cmake
[11.113s] -- Installing: /home/maclab/Documents/ROS_WORKSPACES/WS_Master_Thesis/install/rsp_uc1/share/rsp_uc1/cmake/rsp_uc1Config.cmake
[11.113s] -- Installing: /home/maclab/Documents/ROS_WORKSPACES/WS_Master_Thesis/install/rsp_uc1/share/rsp_uc1/cmake/rsp_uc1Config-version.cmake
[11.113s] -- Installing: /home/maclab/Documents/ROS_WORKSPACES/WS_Master_Thesis/install/rsp_uc1/share/rsp_uc1/package.xml
[11.114s] Invoked command in '/home/maclab/Documents/ROS_WORKSPACES/WS_Master_Thesis/build/rsp_uc1' returned '0': CMAKE_PREFIX_PATH=/opt/ros/humble /usr/bin/cmake --install /home/maclab/Documents/ROS_WORKSPACES/WS_Master_Thesis/build/rsp_uc1
