[0.018s] Invoking command in '/home/maclab/Documents/ROS_WORKSPACES/WS_Master_Thesis/build/uc1_robot_perception': CMAKE_PREFIX_PATH=/opt/ros/humble /usr/bin/cmake --build /home/maclab/Documents/ROS_WORKSPACES/WS_Master_Thesis/build/uc1_robot_perception -- -j32 -l32
[0.053s] [  1%] Built target uc1_robot_perception__cpp
[0.054s] [ 11%] Built target uc1_robot_perception__rosidl_generator_c
[0.055s] [ 11%] Built target ament_cmake_python_copy_uc1_robot_perception
[0.075s] [ 25%] Built target uc1_robot_perception__rosidl_typesupport_introspection_cpp
[0.075s] [ 30%] Built target uc1_robot_perception__rosidl_typesupport_cpp
[0.076s] [ 40%] Built target uc1_robot_perception__rosidl_typesupport_fastrtps_cpp
[0.077s] [ 50%] Built target uc1_robot_perception__rosidl_typesupport_introspection_c
[0.077s] [ 67%] Built target uc1_robot_perception__rosidl_typesupport_c
[0.077s] [ 69%] Built target uc1_robot_perception__rosidl_typesupport_fastrtps_c
[0.092s] [ 69%] Built target uc1_robot_perception
[0.092s] [ 70%] Built target uc1_robot_perception__py
[0.095s] [ 74%] Built target simulated_contact_publisher
[0.095s] [ 77%] Built target interactive_contact_publisher
[0.102s] [ 82%] Built target proximity_task_generator
[0.104s] [ 90%] Built target uc1_robot_perception__rosidl_generator_py
[0.118s] [ 93%] Built target uc1_robot_perception__rosidl_typesupport_fastrtps_c__pyext
[0.120s] [ 96%] Built target uc1_robot_perception__rosidl_typesupport_introspection_c__pyext
[0.120s] [100%] Built target uc1_robot_perception__rosidl_typesupport_c__pyext
[0.174s] running egg_info
[0.174s] writing uc1_robot_perception.egg-info/PKG-INFO
[0.174s] writing dependency_links to uc1_robot_perception.egg-info/dependency_links.txt
[0.174s] writing top-level names to uc1_robot_perception.egg-info/top_level.txt
[0.175s] reading manifest file 'uc1_robot_perception.egg-info/SOURCES.txt'
[0.176s] writing manifest file 'uc1_robot_perception.egg-info/SOURCES.txt'
[0.192s] [100%] Built target ament_cmake_python_build_uc1_robot_perception_egg
[0.197s] Invoked command in '/home/maclab/Documents/ROS_WORKSPACES/WS_Master_Thesis/build/uc1_robot_perception' returned '0': CMAKE_PREFIX_PATH=/opt/ros/humble /usr/bin/cmake --build /home/maclab/Documents/ROS_WORKSPACES/WS_Master_Thesis/build/uc1_robot_perception -- -j32 -l32
[0.198s] Invoking command in '/home/maclab/Documents/ROS_WORKSPACES/WS_Master_Thesis/build/uc1_robot_perception': CMAKE_PREFIX_PATH=/opt/ros/humble /usr/bin/cmake --install /home/maclab/Documents/ROS_WORKSPACES/WS_Master_Thesis/build/uc1_robot_perception
[0.203s] -- Install configuration: ""
[0.203s] -- Up-to-date: /home/maclab/Documents/ROS_WORKSPACES/WS_Master_Thesis/install/uc1_robot_perception/share/ament_index/resource_index/rosidl_interfaces/uc1_robot_perception
[0.203s] -- Up-to-date: /home/maclab/Documents/ROS_WORKSPACES/WS_Master_Thesis/install/uc1_robot_perception/include/uc1_robot_perception/uc1_robot_perception
[0.203s] -- Up-to-date: /home/maclab/Documents/ROS_WORKSPACES/WS_Master_Thesis/install/uc1_robot_perception/include/uc1_robot_perception/uc1_robot_perception/msg
[0.203s] -- Up-to-date: /home/maclab/Documents/ROS_WORKSPACES/WS_Master_Thesis/install/uc1_robot_perception/include/uc1_robot_perception/uc1_robot_perception/msg/rosidl_generator_c__visibility_control.h
[0.203s] -- Up-to-date: /home/maclab/Documents/ROS_WORKSPACES/WS_Master_Thesis/install/uc1_robot_perception/include/uc1_robot_perception/uc1_robot_perception/msg/proximity_task.h
[0.203s] -- Up-to-date: /home/maclab/Documents/ROS_WORKSPACES/WS_Master_Thesis/install/uc1_robot_perception/include/uc1_robot_perception/uc1_robot_perception/msg/detail
[0.203s] -- Up-to-date: /home/maclab/Documents/ROS_WORKSPACES/WS_Master_Thesis/install/uc1_robot_perception/include/uc1_robot_perception/uc1_robot_perception/msg/detail/contact_array__functions.c
[0.203s] -- Up-to-date: /home/maclab/Documents/ROS_WORKSPACES/WS_Master_Thesis/install/uc1_robot_perception/include/uc1_robot_perception/uc1_robot_perception/msg/detail/proximity_task_array__functions.h
[0.204s] -- Up-to-date: /home/maclab/Documents/ROS_WORKSPACES/WS_Master_Thesis/install/uc1_robot_perception/include/uc1_robot_perception/uc1_robot_perception/msg/detail/proximity_task_array__type_support.h
[0.204s] -- Up-to-date: /home/maclab/Documents/ROS_WORKSPACES/WS_Master_Thesis/install/uc1_robot_perception/include/uc1_robot_perception/uc1_robot_perception/msg/detail/contact__type_support.h
[0.204s] -- Up-to-date: /home/maclab/Documents/ROS_WORKSPACES/WS_Master_Thesis/install/uc1_robot_perception/include/uc1_robot_perception/uc1_robot_perception/msg/detail/proximity_task_array__struct.h
[0.204s] -- Up-to-date: /home/maclab/Documents/ROS_WORKSPACES/WS_Master_Thesis/install/uc1_robot_perception/include/uc1_robot_perception/uc1_robot_perception/msg/detail/contact_array__type_support.h
[0.204s] -- Up-to-date: /home/maclab/Documents/ROS_WORKSPACES/WS_Master_Thesis/install/uc1_robot_perception/include/uc1_robot_perception/uc1_robot_perception/msg/detail/contact_array__struct.h
[0.204s] -- Up-to-date: /home/maclab/Documents/ROS_WORKSPACES/WS_Master_Thesis/install/uc1_robot_perception/include/uc1_robot_perception/uc1_robot_perception/msg/detail/proximity_task__functions.c
[0.204s] -- Up-to-date: /home/maclab/Documents/ROS_WORKSPACES/WS_Master_Thesis/install/uc1_robot_perception/include/uc1_robot_perception/uc1_robot_perception/msg/detail/proximity_task__type_support.h
[0.204s] -- Up-to-date: /home/maclab/Documents/ROS_WORKSPACES/WS_Master_Thesis/install/uc1_robot_perception/include/uc1_robot_perception/uc1_robot_perception/msg/detail/proximity_task__struct.h
[0.204s] -- Up-to-date: /home/maclab/Documents/ROS_WORKSPACES/WS_Master_Thesis/install/uc1_robot_perception/include/uc1_robot_perception/uc1_robot_perception/msg/detail/contact_array__functions.h
[0.204s] -- Up-to-date: /home/maclab/Documents/ROS_WORKSPACES/WS_Master_Thesis/install/uc1_robot_perception/include/uc1_robot_perception/uc1_robot_perception/msg/detail/contact__functions.c
[0.204s] -- Up-to-date: /home/maclab/Documents/ROS_WORKSPACES/WS_Master_Thesis/install/uc1_robot_perception/include/uc1_robot_perception/uc1_robot_perception/msg/detail/contact__struct.h
[0.204s] -- Up-to-date: /home/maclab/Documents/ROS_WORKSPACES/WS_Master_Thesis/install/uc1_robot_perception/include/uc1_robot_perception/uc1_robot_perception/msg/detail/contact__functions.h
[0.204s] -- Up-to-date: /home/maclab/Documents/ROS_WORKSPACES/WS_Master_Thesis/install/uc1_robot_perception/include/uc1_robot_perception/uc1_robot_perception/msg/detail/proximity_task__functions.h
[0.204s] -- Up-to-date: /home/maclab/Documents/ROS_WORKSPACES/WS_Master_Thesis/install/uc1_robot_perception/include/uc1_robot_perception/uc1_robot_perception/msg/detail/proximity_task_array__functions.c
[0.204s] -- Up-to-date: /home/maclab/Documents/ROS_WORKSPACES/WS_Master_Thesis/install/uc1_robot_perception/include/uc1_robot_perception/uc1_robot_perception/msg/proximity_task_array.h
[0.204s] -- Up-to-date: /home/maclab/Documents/ROS_WORKSPACES/WS_Master_Thesis/install/uc1_robot_perception/include/uc1_robot_perception/uc1_robot_perception/msg/contact.h
[0.204s] -- Up-to-date: /home/maclab/Documents/ROS_WORKSPACES/WS_Master_Thesis/install/uc1_robot_perception/include/uc1_robot_perception/uc1_robot_perception/msg/contact_array.h
[0.204s] -- Up-to-date: /home/maclab/Documents/ROS_WORKSPACES/WS_Master_Thesis/install/uc1_robot_perception/share/uc1_robot_perception/environment/library_path.sh
[0.204s] -- Up-to-date: /home/maclab/Documents/ROS_WORKSPACES/WS_Master_Thesis/install/uc1_robot_perception/share/uc1_robot_perception/environment/library_path.dsv
[0.204s] -- Up-to-date: /home/maclab/Documents/ROS_WORKSPACES/WS_Master_Thesis/install/uc1_robot_perception/lib/libuc1_robot_perception__rosidl_generator_c.so
[0.204s] -- Up-to-date: /home/maclab/Documents/ROS_WORKSPACES/WS_Master_Thesis/install/uc1_robot_perception/include/uc1_robot_perception/uc1_robot_perception
[0.204s] -- Up-to-date: /home/maclab/Documents/ROS_WORKSPACES/WS_Master_Thesis/install/uc1_robot_perception/include/uc1_robot_perception/uc1_robot_perception/msg
[0.204s] -- Up-to-date: /home/maclab/Documents/ROS_WORKSPACES/WS_Master_Thesis/install/uc1_robot_perception/include/uc1_robot_perception/uc1_robot_perception/msg/rosidl_typesupport_fastrtps_c__visibility_control.h
[0.204s] -- Up-to-date: /home/maclab/Documents/ROS_WORKSPACES/WS_Master_Thesis/install/uc1_robot_perception/include/uc1_robot_perception/uc1_robot_perception/msg/detail
[0.204s] -- Up-to-date: /home/maclab/Documents/ROS_WORKSPACES/WS_Master_Thesis/install/uc1_robot_perception/include/uc1_robot_perception/uc1_robot_perception/msg/detail/proximity_task__rosidl_typesupport_fastrtps_c.h
[0.204s] -- Up-to-date: /home/maclab/Documents/ROS_WORKSPACES/WS_Master_Thesis/install/uc1_robot_perception/include/uc1_robot_perception/uc1_robot_perception/msg/detail/contact__rosidl_typesupport_fastrtps_c.h
[0.204s] -- Up-to-date: /home/maclab/Documents/ROS_WORKSPACES/WS_Master_Thesis/install/uc1_robot_perception/include/uc1_robot_perception/uc1_robot_perception/msg/detail/contact_array__rosidl_typesupport_fastrtps_c.h
[0.204s] -- Up-to-date: /home/maclab/Documents/ROS_WORKSPACES/WS_Master_Thesis/install/uc1_robot_perception/include/uc1_robot_perception/uc1_robot_perception/msg/detail/proximity_task_array__rosidl_typesupport_fastrtps_c.h
[0.204s] -- Up-to-date: /home/maclab/Documents/ROS_WORKSPACES/WS_Master_Thesis/install/uc1_robot_perception/lib/libuc1_robot_perception__rosidl_typesupport_fastrtps_c.so
[0.204s] -- Up-to-date: /home/maclab/Documents/ROS_WORKSPACES/WS_Master_Thesis/install/uc1_robot_perception/include/uc1_robot_perception/uc1_robot_perception
[0.204s] -- Up-to-date: /home/maclab/Documents/ROS_WORKSPACES/WS_Master_Thesis/install/uc1_robot_perception/include/uc1_robot_perception/uc1_robot_perception/msg
[0.204s] -- Up-to-date: /home/maclab/Documents/ROS_WORKSPACES/WS_Master_Thesis/install/uc1_robot_perception/include/uc1_robot_perception/uc1_robot_perception/msg/rosidl_generator_cpp__visibility_control.hpp
[0.204s] -- Up-to-date: /home/maclab/Documents/ROS_WORKSPACES/WS_Master_Thesis/install/uc1_robot_perception/include/uc1_robot_perception/uc1_robot_perception/msg/proximity_task.hpp
[0.204s] -- Up-to-date: /home/maclab/Documents/ROS_WORKSPACES/WS_Master_Thesis/install/uc1_robot_perception/include/uc1_robot_perception/uc1_robot_perception/msg/contact.hpp
[0.204s] -- Up-to-date: /home/maclab/Documents/ROS_WORKSPACES/WS_Master_Thesis/install/uc1_robot_perception/include/uc1_robot_perception/uc1_robot_perception/msg/detail
[0.204s] -- Up-to-date: /home/maclab/Documents/ROS_WORKSPACES/WS_Master_Thesis/install/uc1_robot_perception/include/uc1_robot_perception/uc1_robot_perception/msg/detail/contact__type_support.hpp
[0.205s] -- Up-to-date: /home/maclab/Documents/ROS_WORKSPACES/WS_Master_Thesis/install/uc1_robot_perception/include/uc1_robot_perception/uc1_robot_perception/msg/detail/proximity_task_array__traits.hpp
[0.205s] -- Up-to-date: /home/maclab/Documents/ROS_WORKSPACES/WS_Master_Thesis/install/uc1_robot_perception/include/uc1_robot_perception/uc1_robot_perception/msg/detail/contact_array__builder.hpp
[0.205s] -- Up-to-date: /home/maclab/Documents/ROS_WORKSPACES/WS_Master_Thesis/install/uc1_robot_perception/include/uc1_robot_perception/uc1_robot_perception/msg/detail/contact__struct.hpp
[0.205s] -- Up-to-date: /home/maclab/Documents/ROS_WORKSPACES/WS_Master_Thesis/install/uc1_robot_perception/include/uc1_robot_perception/uc1_robot_perception/msg/detail/contact__traits.hpp
[0.205s] -- Up-to-date: /home/maclab/Documents/ROS_WORKSPACES/WS_Master_Thesis/install/uc1_robot_perception/include/uc1_robot_perception/uc1_robot_perception/msg/detail/contact__builder.hpp
[0.205s] -- Up-to-date: /home/maclab/Documents/ROS_WORKSPACES/WS_Master_Thesis/install/uc1_robot_perception/include/uc1_robot_perception/uc1_robot_perception/msg/detail/contact_array__traits.hpp
[0.205s] -- Up-to-date: /home/maclab/Documents/ROS_WORKSPACES/WS_Master_Thesis/install/uc1_robot_perception/include/uc1_robot_perception/uc1_robot_perception/msg/detail/contact_array__struct.hpp
[0.205s] -- Up-to-date: /home/maclab/Documents/ROS_WORKSPACES/WS_Master_Thesis/install/uc1_robot_perception/include/uc1_robot_perception/uc1_robot_perception/msg/detail/proximity_task_array__builder.hpp
[0.205s] -- Up-to-date: /home/maclab/Documents/ROS_WORKSPACES/WS_Master_Thesis/install/uc1_robot_perception/include/uc1_robot_perception/uc1_robot_perception/msg/detail/proximity_task_array__type_support.hpp
[0.205s] -- Up-to-date: /home/maclab/Documents/ROS_WORKSPACES/WS_Master_Thesis/install/uc1_robot_perception/include/uc1_robot_perception/uc1_robot_perception/msg/detail/proximity_task__type_support.hpp
[0.205s] -- Up-to-date: /home/maclab/Documents/ROS_WORKSPACES/WS_Master_Thesis/install/uc1_robot_perception/include/uc1_robot_perception/uc1_robot_perception/msg/detail/contact_array__type_support.hpp
[0.205s] -- Up-to-date: /home/maclab/Documents/ROS_WORKSPACES/WS_Master_Thesis/install/uc1_robot_perception/include/uc1_robot_perception/uc1_robot_perception/msg/detail/proximity_task__struct.hpp
[0.205s] -- Up-to-date: /home/maclab/Documents/ROS_WORKSPACES/WS_Master_Thesis/install/uc1_robot_perception/include/uc1_robot_perception/uc1_robot_perception/msg/detail/proximity_task_array__struct.hpp
[0.205s] -- Up-to-date: /home/maclab/Documents/ROS_WORKSPACES/WS_Master_Thesis/install/uc1_robot_perception/include/uc1_robot_perception/uc1_robot_perception/msg/detail/proximity_task__traits.hpp
[0.205s] -- Up-to-date: /home/maclab/Documents/ROS_WORKSPACES/WS_Master_Thesis/install/uc1_robot_perception/include/uc1_robot_perception/uc1_robot_perception/msg/detail/proximity_task__builder.hpp
[0.205s] -- Up-to-date: /home/maclab/Documents/ROS_WORKSPACES/WS_Master_Thesis/install/uc1_robot_perception/include/uc1_robot_perception/uc1_robot_perception/msg/contact_array.hpp
[0.205s] -- Up-to-date: /home/maclab/Documents/ROS_WORKSPACES/WS_Master_Thesis/install/uc1_robot_perception/include/uc1_robot_perception/uc1_robot_perception/msg/proximity_task_array.hpp
[0.205s] -- Up-to-date: /home/maclab/Documents/ROS_WORKSPACES/WS_Master_Thesis/install/uc1_robot_perception/include/uc1_robot_perception/uc1_robot_perception
[0.205s] -- Up-to-date: /home/maclab/Documents/ROS_WORKSPACES/WS_Master_Thesis/install/uc1_robot_perception/include/uc1_robot_perception/uc1_robot_perception/msg
[0.205s] -- Up-to-date: /home/maclab/Documents/ROS_WORKSPACES/WS_Master_Thesis/install/uc1_robot_perception/include/uc1_robot_perception/uc1_robot_perception/msg/detail
[0.205s] -- Up-to-date: /home/maclab/Documents/ROS_WORKSPACES/WS_Master_Thesis/install/uc1_robot_perception/include/uc1_robot_perception/uc1_robot_perception/msg/detail/contact__rosidl_typesupport_fastrtps_cpp.hpp
[0.205s] -- Up-to-date: /home/maclab/Documents/ROS_WORKSPACES/WS_Master_Thesis/install/uc1_robot_perception/include/uc1_robot_perception/uc1_robot_perception/msg/detail/proximity_task__rosidl_typesupport_fastrtps_cpp.hpp
[0.205s] -- Up-to-date: /home/maclab/Documents/ROS_WORKSPACES/WS_Master_Thesis/install/uc1_robot_perception/include/uc1_robot_perception/uc1_robot_perception/msg/detail/proximity_task_array__rosidl_typesupport_fastrtps_cpp.hpp
[0.205s] -- Up-to-date: /home/maclab/Documents/ROS_WORKSPACES/WS_Master_Thesis/install/uc1_robot_perception/include/uc1_robot_perception/uc1_robot_perception/msg/detail/contact_array__rosidl_typesupport_fastrtps_cpp.hpp
[0.205s] -- Up-to-date: /home/maclab/Documents/ROS_WORKSPACES/WS_Master_Thesis/install/uc1_robot_perception/include/uc1_robot_perception/uc1_robot_perception/msg/detail/dds_fastrtps
[0.205s] -- Up-to-date: /home/maclab/Documents/ROS_WORKSPACES/WS_Master_Thesis/install/uc1_robot_perception/include/uc1_robot_perception/uc1_robot_perception/msg/rosidl_typesupport_fastrtps_cpp__visibility_control.h
[0.205s] -- Up-to-date: /home/maclab/Documents/ROS_WORKSPACES/WS_Master_Thesis/install/uc1_robot_perception/lib/libuc1_robot_perception__rosidl_typesupport_fastrtps_cpp.so
[0.205s] -- Up-to-date: /home/maclab/Documents/ROS_WORKSPACES/WS_Master_Thesis/install/uc1_robot_perception/include/uc1_robot_perception/uc1_robot_perception
[0.205s] -- Up-to-date: /home/maclab/Documents/ROS_WORKSPACES/WS_Master_Thesis/install/uc1_robot_perception/include/uc1_robot_perception/uc1_robot_perception/msg
[0.205s] -- Up-to-date: /home/maclab/Documents/ROS_WORKSPACES/WS_Master_Thesis/install/uc1_robot_perception/include/uc1_robot_perception/uc1_robot_perception/msg/rosidl_typesupport_introspection_c__visibility_control.h
[0.205s] -- Up-to-date: /home/maclab/Documents/ROS_WORKSPACES/WS_Master_Thesis/install/uc1_robot_perception/include/uc1_robot_perception/uc1_robot_perception/msg/detail
[0.205s] -- Up-to-date: /home/maclab/Documents/ROS_WORKSPACES/WS_Master_Thesis/install/uc1_robot_perception/include/uc1_robot_perception/uc1_robot_perception/msg/detail/contact__rosidl_typesupport_introspection_c.h
[0.205s] -- Up-to-date: /home/maclab/Documents/ROS_WORKSPACES/WS_Master_Thesis/install/uc1_robot_perception/include/uc1_robot_perception/uc1_robot_perception/msg/detail/contact_array__type_support.c
[0.205s] -- Up-to-date: /home/maclab/Documents/ROS_WORKSPACES/WS_Master_Thesis/install/uc1_robot_perception/include/uc1_robot_perception/uc1_robot_perception/msg/detail/proximity_task__type_support.c
[0.205s] -- Up-to-date: /home/maclab/Documents/ROS_WORKSPACES/WS_Master_Thesis/install/uc1_robot_perception/include/uc1_robot_perception/uc1_robot_perception/msg/detail/contact_array__rosidl_typesupport_introspection_c.h
[0.205s] -- Up-to-date: /home/maclab/Documents/ROS_WORKSPACES/WS_Master_Thesis/install/uc1_robot_perception/include/uc1_robot_perception/uc1_robot_perception/msg/detail/proximity_task_array__rosidl_typesupport_introspection_c.h
[0.205s] -- Up-to-date: /home/maclab/Documents/ROS_WORKSPACES/WS_Master_Thesis/install/uc1_robot_perception/include/uc1_robot_perception/uc1_robot_perception/msg/detail/contact__type_support.c
[0.205s] -- Up-to-date: /home/maclab/Documents/ROS_WORKSPACES/WS_Master_Thesis/install/uc1_robot_perception/include/uc1_robot_perception/uc1_robot_perception/msg/detail/proximity_task__rosidl_typesupport_introspection_c.h
[0.205s] -- Up-to-date: /home/maclab/Documents/ROS_WORKSPACES/WS_Master_Thesis/install/uc1_robot_perception/include/uc1_robot_perception/uc1_robot_perception/msg/detail/proximity_task_array__type_support.c
[0.205s] -- Up-to-date: /home/maclab/Documents/ROS_WORKSPACES/WS_Master_Thesis/install/uc1_robot_perception/lib/libuc1_robot_perception__rosidl_typesupport_introspection_c.so
[0.205s] -- Up-to-date: /home/maclab/Documents/ROS_WORKSPACES/WS_Master_Thesis/install/uc1_robot_perception/lib/libuc1_robot_perception__rosidl_typesupport_c.so
[0.205s] -- Up-to-date: /home/maclab/Documents/ROS_WORKSPACES/WS_Master_Thesis/install/uc1_robot_perception/include/uc1_robot_perception/uc1_robot_perception
[0.205s] -- Up-to-date: /home/maclab/Documents/ROS_WORKSPACES/WS_Master_Thesis/install/uc1_robot_perception/include/uc1_robot_perception/uc1_robot_perception/msg
[0.205s] -- Up-to-date: /home/maclab/Documents/ROS_WORKSPACES/WS_Master_Thesis/install/uc1_robot_perception/include/uc1_robot_perception/uc1_robot_perception/msg/detail
[0.205s] -- Up-to-date: /home/maclab/Documents/ROS_WORKSPACES/WS_Master_Thesis/install/uc1_robot_perception/include/uc1_robot_perception/uc1_robot_perception/msg/detail/contact__rosidl_typesupport_introspection_cpp.hpp
[0.205s] -- Up-to-date: /home/maclab/Documents/ROS_WORKSPACES/WS_Master_Thesis/install/uc1_robot_perception/include/uc1_robot_perception/uc1_robot_perception/msg/detail/proximity_task_array__rosidl_typesupport_introspection_cpp.hpp
[0.205s] -- Up-to-date: /home/maclab/Documents/ROS_WORKSPACES/WS_Master_Thesis/install/uc1_robot_perception/include/uc1_robot_perception/uc1_robot_perception/msg/detail/contact__type_support.cpp
[0.205s] -- Up-to-date: /home/maclab/Documents/ROS_WORKSPACES/WS_Master_Thesis/install/uc1_robot_perception/include/uc1_robot_perception/uc1_robot_perception/msg/detail/proximity_task_array__type_support.cpp
[0.205s] -- Up-to-date: /home/maclab/Documents/ROS_WORKSPACES/WS_Master_Thesis/install/uc1_robot_perception/include/uc1_robot_perception/uc1_robot_perception/msg/detail/proximity_task__rosidl_typesupport_introspection_cpp.hpp
[0.205s] -- Up-to-date: /home/maclab/Documents/ROS_WORKSPACES/WS_Master_Thesis/install/uc1_robot_perception/include/uc1_robot_perception/uc1_robot_perception/msg/detail/proximity_task__type_support.cpp
[0.205s] -- Up-to-date: /home/maclab/Documents/ROS_WORKSPACES/WS_Master_Thesis/install/uc1_robot_perception/include/uc1_robot_perception/uc1_robot_perception/msg/detail/contact_array__rosidl_typesupport_introspection_cpp.hpp
[0.205s] -- Up-to-date: /home/maclab/Documents/ROS_WORKSPACES/WS_Master_Thesis/install/uc1_robot_perception/include/uc1_robot_perception/uc1_robot_perception/msg/detail/contact_array__type_support.cpp
[0.206s] -- Up-to-date: /home/maclab/Documents/ROS_WORKSPACES/WS_Master_Thesis/install/uc1_robot_perception/lib/libuc1_robot_perception__rosidl_typesupport_introspection_cpp.so
[0.206s] -- Up-to-date: /home/maclab/Documents/ROS_WORKSPACES/WS_Master_Thesis/install/uc1_robot_perception/lib/libuc1_robot_perception__rosidl_typesupport_cpp.so
[0.206s] -- Up-to-date: /home/maclab/Documents/ROS_WORKSPACES/WS_Master_Thesis/install/uc1_robot_perception/share/uc1_robot_perception/environment/pythonpath.sh
[0.206s] -- Up-to-date: /home/maclab/Documents/ROS_WORKSPACES/WS_Master_Thesis/install/uc1_robot_perception/share/uc1_robot_perception/environment/pythonpath.dsv
[0.206s] -- Up-to-date: /home/maclab/Documents/ROS_WORKSPACES/WS_Master_Thesis/install/uc1_robot_perception/local/lib/python3.10/dist-packages/uc1_robot_perception-0.0.0-py3.10.egg-info
[0.206s] -- Installing: /home/maclab/Documents/ROS_WORKSPACES/WS_Master_Thesis/install/uc1_robot_perception/local/lib/python3.10/dist-packages/uc1_robot_perception-0.0.0-py3.10.egg-info/dependency_links.txt
[0.206s] -- Installing: /home/maclab/Documents/ROS_WORKSPACES/WS_Master_Thesis/install/uc1_robot_perception/local/lib/python3.10/dist-packages/uc1_robot_perception-0.0.0-py3.10.egg-info/SOURCES.txt
[0.206s] -- Installing: /home/maclab/Documents/ROS_WORKSPACES/WS_Master_Thesis/install/uc1_robot_perception/local/lib/python3.10/dist-packages/uc1_robot_perception-0.0.0-py3.10.egg-info/PKG-INFO
[0.206s] -- Installing: /home/maclab/Documents/ROS_WORKSPACES/WS_Master_Thesis/install/uc1_robot_perception/local/lib/python3.10/dist-packages/uc1_robot_perception-0.0.0-py3.10.egg-info/top_level.txt
[0.206s] -- Up-to-date: /home/maclab/Documents/ROS_WORKSPACES/WS_Master_Thesis/install/uc1_robot_perception/local/lib/python3.10/dist-packages/uc1_robot_perception
[0.206s] -- Up-to-date: /home/maclab/Documents/ROS_WORKSPACES/WS_Master_Thesis/install/uc1_robot_perception/local/lib/python3.10/dist-packages/uc1_robot_perception/__init__.py
[0.206s] -- Up-to-date: /home/maclab/Documents/ROS_WORKSPACES/WS_Master_Thesis/install/uc1_robot_perception/local/lib/python3.10/dist-packages/uc1_robot_perception/msg
[0.206s] -- Up-to-date: /home/maclab/Documents/ROS_WORKSPACES/WS_Master_Thesis/install/uc1_robot_perception/local/lib/python3.10/dist-packages/uc1_robot_perception/msg/_proximity_task.py
[0.206s] -- Up-to-date: /home/maclab/Documents/ROS_WORKSPACES/WS_Master_Thesis/install/uc1_robot_perception/local/lib/python3.10/dist-packages/uc1_robot_perception/msg/__init__.py
[0.206s] -- Up-to-date: /home/maclab/Documents/ROS_WORKSPACES/WS_Master_Thesis/install/uc1_robot_perception/local/lib/python3.10/dist-packages/uc1_robot_perception/msg/_contact_array.py
[0.206s] -- Up-to-date: /home/maclab/Documents/ROS_WORKSPACES/WS_Master_Thesis/install/uc1_robot_perception/local/lib/python3.10/dist-packages/uc1_robot_perception/msg/_proximity_task_s.c
[0.206s] -- Up-to-date: /home/maclab/Documents/ROS_WORKSPACES/WS_Master_Thesis/install/uc1_robot_perception/local/lib/python3.10/dist-packages/uc1_robot_perception/msg/_contact_array_s.c
[0.206s] -- Up-to-date: /home/maclab/Documents/ROS_WORKSPACES/WS_Master_Thesis/install/uc1_robot_perception/local/lib/python3.10/dist-packages/uc1_robot_perception/msg/_proximity_task_array_s.c
[0.206s] -- Up-to-date: /home/maclab/Documents/ROS_WORKSPACES/WS_Master_Thesis/install/uc1_robot_perception/local/lib/python3.10/dist-packages/uc1_robot_perception/msg/_contact_s.c
[0.206s] -- Up-to-date: /home/maclab/Documents/ROS_WORKSPACES/WS_Master_Thesis/install/uc1_robot_perception/local/lib/python3.10/dist-packages/uc1_robot_perception/msg/_proximity_task_array.py
[0.206s] -- Up-to-date: /home/maclab/Documents/ROS_WORKSPACES/WS_Master_Thesis/install/uc1_robot_perception/local/lib/python3.10/dist-packages/uc1_robot_perception/msg/_contact.py
[0.206s] -- Up-to-date: /home/maclab/Documents/ROS_WORKSPACES/WS_Master_Thesis/install/uc1_robot_perception/local/lib/python3.10/dist-packages/uc1_robot_perception/uc1_robot_perception_s__rosidl_typesupport_fastrtps_c.cpython-310-x86_64-linux-gnu.so
[0.206s] -- Up-to-date: /home/maclab/Documents/ROS_WORKSPACES/WS_Master_Thesis/install/uc1_robot_perception/local/lib/python3.10/dist-packages/uc1_robot_perception/_uc1_robot_perception_s.ep.rosidl_typesupport_fastrtps_c.c
[0.206s] -- Up-to-date: /home/maclab/Documents/ROS_WORKSPACES/WS_Master_Thesis/install/uc1_robot_perception/local/lib/python3.10/dist-packages/uc1_robot_perception/uc1_robot_perception_s__rosidl_typesupport_c.cpython-310-x86_64-linux-gnu.so
[0.206s] -- Up-to-date: /home/maclab/Documents/ROS_WORKSPACES/WS_Master_Thesis/install/uc1_robot_perception/local/lib/python3.10/dist-packages/uc1_robot_perception/libuc1_robot_perception__rosidl_generator_py.so
[0.206s] -- Up-to-date: /home/maclab/Documents/ROS_WORKSPACES/WS_Master_Thesis/install/uc1_robot_perception/local/lib/python3.10/dist-packages/uc1_robot_perception/uc1_robot_perception_s__rosidl_typesupport_introspection_c.cpython-310-x86_64-linux-gnu.so
[0.206s] -- Up-to-date: /home/maclab/Documents/ROS_WORKSPACES/WS_Master_Thesis/install/uc1_robot_perception/local/lib/python3.10/dist-packages/uc1_robot_perception/_uc1_robot_perception_s.ep.rosidl_typesupport_c.c
[0.206s] -- Up-to-date: /home/maclab/Documents/ROS_WORKSPACES/WS_Master_Thesis/install/uc1_robot_perception/local/lib/python3.10/dist-packages/uc1_robot_perception/_uc1_robot_perception_s.ep.rosidl_typesupport_introspection_c.c
[0.231s] Listing '/home/maclab/Documents/ROS_WORKSPACES/WS_Master_Thesis/install/uc1_robot_perception/local/lib/python3.10/dist-packages/uc1_robot_perception'...
[0.231s] Listing '/home/maclab/Documents/ROS_WORKSPACES/WS_Master_Thesis/install/uc1_robot_perception/local/lib/python3.10/dist-packages/uc1_robot_perception/msg'...
[0.235s] -- Up-to-date: /home/maclab/Documents/ROS_WORKSPACES/WS_Master_Thesis/install/uc1_robot_perception/local/lib/python3.10/dist-packages/uc1_robot_perception/uc1_robot_perception_s__rosidl_typesupport_fastrtps_c.cpython-310-x86_64-linux-gnu.so
[0.235s] -- Up-to-date: /home/maclab/Documents/ROS_WORKSPACES/WS_Master_Thesis/install/uc1_robot_perception/local/lib/python3.10/dist-packages/uc1_robot_perception/uc1_robot_perception_s__rosidl_typesupport_introspection_c.cpython-310-x86_64-linux-gnu.so
[0.235s] -- Up-to-date: /home/maclab/Documents/ROS_WORKSPACES/WS_Master_Thesis/install/uc1_robot_perception/local/lib/python3.10/dist-packages/uc1_robot_perception/uc1_robot_perception_s__rosidl_typesupport_c.cpython-310-x86_64-linux-gnu.so
[0.235s] -- Up-to-date: /home/maclab/Documents/ROS_WORKSPACES/WS_Master_Thesis/install/uc1_robot_perception/lib/libuc1_robot_perception__rosidl_generator_py.so
[0.235s] -- Up-to-date: /home/maclab/Documents/ROS_WORKSPACES/WS_Master_Thesis/install/uc1_robot_perception/share/uc1_robot_perception/msg/ProximityTask.idl
[0.235s] -- Up-to-date: /home/maclab/Documents/ROS_WORKSPACES/WS_Master_Thesis/install/uc1_robot_perception/share/uc1_robot_perception/msg/ProximityTaskArray.idl
[0.235s] -- Up-to-date: /home/maclab/Documents/ROS_WORKSPACES/WS_Master_Thesis/install/uc1_robot_perception/share/uc1_robot_perception/msg/Contact.idl
[0.235s] -- Up-to-date: /home/maclab/Documents/ROS_WORKSPACES/WS_Master_Thesis/install/uc1_robot_perception/share/uc1_robot_perception/msg/ContactArray.idl
[0.235s] -- Up-to-date: /home/maclab/Documents/ROS_WORKSPACES/WS_Master_Thesis/install/uc1_robot_perception/share/uc1_robot_perception/msg/ProximityTask.msg
[0.235s] -- Up-to-date: /home/maclab/Documents/ROS_WORKSPACES/WS_Master_Thesis/install/uc1_robot_perception/share/uc1_robot_perception/msg/ProximityTaskArray.msg
[0.236s] -- Up-to-date: /home/maclab/Documents/ROS_WORKSPACES/WS_Master_Thesis/install/uc1_robot_perception/share/uc1_robot_perception/msg/Contact.msg
[0.236s] -- Up-to-date: /home/maclab/Documents/ROS_WORKSPACES/WS_Master_Thesis/install/uc1_robot_perception/share/uc1_robot_perception/msg/ContactArray.msg
[0.236s] -- Up-to-date: /home/maclab/Documents/ROS_WORKSPACES/WS_Master_Thesis/install/uc1_robot_perception/lib/uc1_robot_perception/simulated_contact_publisher
[0.236s] -- Up-to-date: /home/maclab/Documents/ROS_WORKSPACES/WS_Master_Thesis/install/uc1_robot_perception/lib/uc1_robot_perception/interactive_contact_publisher
[0.236s] -- Up-to-date: /home/maclab/Documents/ROS_WORKSPACES/WS_Master_Thesis/install/uc1_robot_perception/lib/uc1_robot_perception/proximity_task_generator
[0.236s] -- Up-to-date: /home/maclab/Documents/ROS_WORKSPACES/WS_Master_Thesis/install/uc1_robot_perception/share/uc1_robot_perception/
[0.236s] -- Up-to-date: /home/maclab/Documents/ROS_WORKSPACES/WS_Master_Thesis/install/uc1_robot_perception/share/uc1_robot_perception//resources
[0.236s] -- Up-to-date: /home/maclab/Documents/ROS_WORKSPACES/WS_Master_Thesis/install/uc1_robot_perception/share/uc1_robot_perception//resources/stl
[0.236s] -- Up-to-date: /home/maclab/Documents/ROS_WORKSPACES/WS_Master_Thesis/install/uc1_robot_perception/share/uc1_robot_perception//resources/stl/wrist2.stl
[0.236s] -- Up-to-date: /home/maclab/Documents/ROS_WORKSPACES/WS_Master_Thesis/install/uc1_robot_perception/share/uc1_robot_perception//resources/stl/shoulder.stl
[0.236s] -- Up-to-date: /home/maclab/Documents/ROS_WORKSPACES/WS_Master_Thesis/install/uc1_robot_perception/share/uc1_robot_perception//resources/stl/wrist1.stl
[0.236s] -- Up-to-date: /home/maclab/Documents/ROS_WORKSPACES/WS_Master_Thesis/install/uc1_robot_perception/share/uc1_robot_perception//resources/stl/forearm.stl
[0.236s] -- Up-to-date: /home/maclab/Documents/ROS_WORKSPACES/WS_Master_Thesis/install/uc1_robot_perception/share/uc1_robot_perception//resources/stl/base.stl
[0.236s] -- Up-to-date: /home/maclab/Documents/ROS_WORKSPACES/WS_Master_Thesis/install/uc1_robot_perception/share/uc1_robot_perception//resources/stl/upperarm.stl
[0.236s] -- Up-to-date: /home/maclab/Documents/ROS_WORKSPACES/WS_Master_Thesis/install/uc1_robot_perception/share/uc1_robot_perception//resources/stl/wrist3.stl
[0.236s] -- Up-to-date: /home/maclab/Documents/ROS_WORKSPACES/WS_Master_Thesis/install/uc1_robot_perception/share/uc1_robot_perception//resources/ply
[0.236s] -- Up-to-date: /home/maclab/Documents/ROS_WORKSPACES/WS_Master_Thesis/install/uc1_robot_perception/share/uc1_robot_perception//resources/ply/ur10
[0.237s] -- Up-to-date: /home/maclab/Documents/ROS_WORKSPACES/WS_Master_Thesis/install/uc1_robot_perception/share/uc1_robot_perception//resources/ply/ur10/upperarm.ply
[0.237s] -- Up-to-date: /home/maclab/Documents/ROS_WORKSPACES/WS_Master_Thesis/install/uc1_robot_perception/share/uc1_robot_perception//resources/ply/ur10/base.ply
[0.237s] -- Up-to-date: /home/maclab/Documents/ROS_WORKSPACES/WS_Master_Thesis/install/uc1_robot_perception/share/uc1_robot_perception//resources/ply/ur10/wrist2.ply
[0.237s] -- Up-to-date: /home/maclab/Documents/ROS_WORKSPACES/WS_Master_Thesis/install/uc1_robot_perception/share/uc1_robot_perception//resources/ply/ur10/wrist1.ply
[0.237s] -- Up-to-date: /home/maclab/Documents/ROS_WORKSPACES/WS_Master_Thesis/install/uc1_robot_perception/share/uc1_robot_perception//resources/ply/ur10/wrist3.ply
[0.237s] -- Up-to-date: /home/maclab/Documents/ROS_WORKSPACES/WS_Master_Thesis/install/uc1_robot_perception/share/uc1_robot_perception//resources/ply/ur10/forearm.ply
[0.237s] -- Up-to-date: /home/maclab/Documents/ROS_WORKSPACES/WS_Master_Thesis/install/uc1_robot_perception/share/uc1_robot_perception//resources/ply/ur10/shoulder.ply
[0.237s] -- Up-to-date: /home/maclab/Documents/ROS_WORKSPACES/WS_Master_Thesis/install/uc1_robot_perception/share/uc1_robot_perception//resources/ply/kuka
[0.237s] -- Up-to-date: /home/maclab/Documents/ROS_WORKSPACES/WS_Master_Thesis/install/uc1_robot_perception/share/uc1_robot_perception//resources/ply/kuka/link_6.ply
[0.237s] -- Up-to-date: /home/maclab/Documents/ROS_WORKSPACES/WS_Master_Thesis/install/uc1_robot_perception/share/uc1_robot_perception//resources/ply/kuka/link_3.ply
[0.237s] -- Up-to-date: /home/maclab/Documents/ROS_WORKSPACES/WS_Master_Thesis/install/uc1_robot_perception/share/uc1_robot_perception//resources/ply/kuka/link_5.ply
[0.237s] -- Up-to-date: /home/maclab/Documents/ROS_WORKSPACES/WS_Master_Thesis/install/uc1_robot_perception/share/uc1_robot_perception//resources/ply/kuka/link_2.ply
[0.237s] -- Up-to-date: /home/maclab/Documents/ROS_WORKSPACES/WS_Master_Thesis/install/uc1_robot_perception/share/uc1_robot_perception//resources/ply/kuka/link_4.ply
[0.237s] -- Up-to-date: /home/maclab/Documents/ROS_WORKSPACES/WS_Master_Thesis/install/uc1_robot_perception/share/uc1_robot_perception//resources/ply/kuka/base_link.ply
[0.237s] -- Up-to-date: /home/maclab/Documents/ROS_WORKSPACES/WS_Master_Thesis/install/uc1_robot_perception/share/uc1_robot_perception//resources/ply/kuka/link_1.ply
[0.237s] -- Up-to-date: /home/maclab/Documents/ROS_WORKSPACES/WS_Master_Thesis/install/uc1_robot_perception/share/uc1_robot_perception/msg
[0.237s] -- Up-to-date: /home/maclab/Documents/ROS_WORKSPACES/WS_Master_Thesis/install/uc1_robot_perception/share/uc1_robot_perception/msg/Contact.msg
[0.237s] -- Up-to-date: /home/maclab/Documents/ROS_WORKSPACES/WS_Master_Thesis/install/uc1_robot_perception/share/uc1_robot_perception/msg/ProximityTask.msg
[0.237s] -- Up-to-date: /home/maclab/Documents/ROS_WORKSPACES/WS_Master_Thesis/install/uc1_robot_perception/share/uc1_robot_perception/msg/ProximityTaskArray.msg
[0.237s] -- Up-to-date: /home/maclab/Documents/ROS_WORKSPACES/WS_Master_Thesis/install/uc1_robot_perception/share/uc1_robot_perception/msg/ContactArray.msg
[0.237s] -- Up-to-date: /home/maclab/Documents/ROS_WORKSPACES/WS_Master_Thesis/install/uc1_robot_perception/share/uc1_robot_perception/package.xml
[0.237s] -- Up-to-date: /home/maclab/Documents/ROS_WORKSPACES/WS_Master_Thesis/install/uc1_robot_perception/share/ament_index/resource_index/package_run_dependencies/uc1_robot_perception
[0.237s] -- Up-to-date: /home/maclab/Documents/ROS_WORKSPACES/WS_Master_Thesis/install/uc1_robot_perception/share/ament_index/resource_index/parent_prefix_path/uc1_robot_perception
[0.238s] -- Up-to-date: /home/maclab/Documents/ROS_WORKSPACES/WS_Master_Thesis/install/uc1_robot_perception/share/uc1_robot_perception/environment/ament_prefix_path.sh
[0.238s] -- Up-to-date: /home/maclab/Documents/ROS_WORKSPACES/WS_Master_Thesis/install/uc1_robot_perception/share/uc1_robot_perception/environment/ament_prefix_path.dsv
[0.238s] -- Up-to-date: /home/maclab/Documents/ROS_WORKSPACES/WS_Master_Thesis/install/uc1_robot_perception/share/uc1_robot_perception/environment/path.sh
[0.238s] -- Up-to-date: /home/maclab/Documents/ROS_WORKSPACES/WS_Master_Thesis/install/uc1_robot_perception/share/uc1_robot_perception/environment/path.dsv
[0.238s] -- Up-to-date: /home/maclab/Documents/ROS_WORKSPACES/WS_Master_Thesis/install/uc1_robot_perception/share/uc1_robot_perception/local_setup.bash
[0.238s] -- Up-to-date: /home/maclab/Documents/ROS_WORKSPACES/WS_Master_Thesis/install/uc1_robot_perception/share/uc1_robot_perception/local_setup.sh
[0.238s] -- Up-to-date: /home/maclab/Documents/ROS_WORKSPACES/WS_Master_Thesis/install/uc1_robot_perception/share/uc1_robot_perception/local_setup.zsh
[0.238s] -- Up-to-date: /home/maclab/Documents/ROS_WORKSPACES/WS_Master_Thesis/install/uc1_robot_perception/share/uc1_robot_perception/local_setup.dsv
[0.238s] -- Installing: /home/maclab/Documents/ROS_WORKSPACES/WS_Master_Thesis/install/uc1_robot_perception/share/uc1_robot_perception/package.dsv
[0.238s] -- Up-to-date: /home/maclab/Documents/ROS_WORKSPACES/WS_Master_Thesis/install/uc1_robot_perception/share/ament_index/resource_index/packages/uc1_robot_perception
[0.238s] -- Up-to-date: /home/maclab/Documents/ROS_WORKSPACES/WS_Master_Thesis/install/uc1_robot_perception/share/uc1_robot_perception/cmake/export_uc1_robot_perception__rosidl_generator_cExport.cmake
[0.238s] -- Up-to-date: /home/maclab/Documents/ROS_WORKSPACES/WS_Master_Thesis/install/uc1_robot_perception/share/uc1_robot_perception/cmake/export_uc1_robot_perception__rosidl_generator_cExport-noconfig.cmake
[0.238s] -- Up-to-date: /home/maclab/Documents/ROS_WORKSPACES/WS_Master_Thesis/install/uc1_robot_perception/share/uc1_robot_perception/cmake/export_uc1_robot_perception__rosidl_typesupport_fastrtps_cExport.cmake
[0.238s] -- Up-to-date: /home/maclab/Documents/ROS_WORKSPACES/WS_Master_Thesis/install/uc1_robot_perception/share/uc1_robot_perception/cmake/export_uc1_robot_perception__rosidl_typesupport_fastrtps_cExport-noconfig.cmake
[0.238s] -- Up-to-date: /home/maclab/Documents/ROS_WORKSPACES/WS_Master_Thesis/install/uc1_robot_perception/share/uc1_robot_perception/cmake/export_uc1_robot_perception__rosidl_generator_cppExport.cmake
[0.238s] -- Up-to-date: /home/maclab/Documents/ROS_WORKSPACES/WS_Master_Thesis/install/uc1_robot_perception/share/uc1_robot_perception/cmake/export_uc1_robot_perception__rosidl_typesupport_fastrtps_cppExport.cmake
[0.238s] -- Up-to-date: /home/maclab/Documents/ROS_WORKSPACES/WS_Master_Thesis/install/uc1_robot_perception/share/uc1_robot_perception/cmake/export_uc1_robot_perception__rosidl_typesupport_fastrtps_cppExport-noconfig.cmake
[0.238s] -- Up-to-date: /home/maclab/Documents/ROS_WORKSPACES/WS_Master_Thesis/install/uc1_robot_perception/share/uc1_robot_perception/cmake/uc1_robot_perception__rosidl_typesupport_introspection_cExport.cmake
[0.239s] -- Up-to-date: /home/maclab/Documents/ROS_WORKSPACES/WS_Master_Thesis/install/uc1_robot_perception/share/uc1_robot_perception/cmake/uc1_robot_perception__rosidl_typesupport_introspection_cExport-noconfig.cmake
[0.239s] -- Up-to-date: /home/maclab/Documents/ROS_WORKSPACES/WS_Master_Thesis/install/uc1_robot_perception/share/uc1_robot_perception/cmake/uc1_robot_perception__rosidl_typesupport_cExport.cmake
[0.239s] -- Up-to-date: /home/maclab/Documents/ROS_WORKSPACES/WS_Master_Thesis/install/uc1_robot_perception/share/uc1_robot_perception/cmake/uc1_robot_perception__rosidl_typesupport_cExport-noconfig.cmake
[0.239s] -- Up-to-date: /home/maclab/Documents/ROS_WORKSPACES/WS_Master_Thesis/install/uc1_robot_perception/share/uc1_robot_perception/cmake/uc1_robot_perception__rosidl_typesupport_introspection_cppExport.cmake
[0.239s] -- Up-to-date: /home/maclab/Documents/ROS_WORKSPACES/WS_Master_Thesis/install/uc1_robot_perception/share/uc1_robot_perception/cmake/uc1_robot_perception__rosidl_typesupport_introspection_cppExport-noconfig.cmake
[0.239s] -- Up-to-date: /home/maclab/Documents/ROS_WORKSPACES/WS_Master_Thesis/install/uc1_robot_perception/share/uc1_robot_perception/cmake/uc1_robot_perception__rosidl_typesupport_cppExport.cmake
[0.239s] -- Up-to-date: /home/maclab/Documents/ROS_WORKSPACES/WS_Master_Thesis/install/uc1_robot_perception/share/uc1_robot_perception/cmake/uc1_robot_perception__rosidl_typesupport_cppExport-noconfig.cmake
[0.239s] -- Up-to-date: /home/maclab/Documents/ROS_WORKSPACES/WS_Master_Thesis/install/uc1_robot_perception/share/uc1_robot_perception/cmake/export_uc1_robot_perception__rosidl_generator_pyExport.cmake
[0.239s] -- Up-to-date: /home/maclab/Documents/ROS_WORKSPACES/WS_Master_Thesis/install/uc1_robot_perception/share/uc1_robot_perception/cmake/export_uc1_robot_perception__rosidl_generator_pyExport-noconfig.cmake
[0.239s] -- Up-to-date: /home/maclab/Documents/ROS_WORKSPACES/WS_Master_Thesis/install/uc1_robot_perception/share/uc1_robot_perception/cmake/rosidl_cmake-extras.cmake
[0.239s] -- Up-to-date: /home/maclab/Documents/ROS_WORKSPACES/WS_Master_Thesis/install/uc1_robot_perception/share/uc1_robot_perception/cmake/ament_cmake_export_dependencies-extras.cmake
[0.239s] -- Up-to-date: /home/maclab/Documents/ROS_WORKSPACES/WS_Master_Thesis/install/uc1_robot_perception/share/uc1_robot_perception/cmake/ament_cmake_export_include_directories-extras.cmake
[0.239s] -- Up-to-date: /home/maclab/Documents/ROS_WORKSPACES/WS_Master_Thesis/install/uc1_robot_perception/share/uc1_robot_perception/cmake/ament_cmake_export_libraries-extras.cmake
[0.239s] -- Up-to-date: /home/maclab/Documents/ROS_WORKSPACES/WS_Master_Thesis/install/uc1_robot_perception/share/uc1_robot_perception/cmake/ament_cmake_export_targets-extras.cmake
[0.239s] -- Up-to-date: /home/maclab/Documents/ROS_WORKSPACES/WS_Master_Thesis/install/uc1_robot_perception/share/uc1_robot_perception/cmake/rosidl_cmake_export_typesupport_targets-extras.cmake
[0.239s] -- Up-to-date: /home/maclab/Documents/ROS_WORKSPACES/WS_Master_Thesis/install/uc1_robot_perception/share/uc1_robot_perception/cmake/rosidl_cmake_export_typesupport_libraries-extras.cmake
[0.240s] -- Up-to-date: /home/maclab/Documents/ROS_WORKSPACES/WS_Master_Thesis/install/uc1_robot_perception/share/uc1_robot_perception/cmake/uc1_robot_perceptionConfig.cmake
[0.240s] -- Up-to-date: /home/maclab/Documents/ROS_WORKSPACES/WS_Master_Thesis/install/uc1_robot_perception/share/uc1_robot_perception/cmake/uc1_robot_perceptionConfig-version.cmake
[0.240s] -- Up-to-date: /home/maclab/Documents/ROS_WORKSPACES/WS_Master_Thesis/install/uc1_robot_perception/share/uc1_robot_perception/package.xml
[0.240s] Invoked command in '/home/maclab/Documents/ROS_WORKSPACES/WS_Master_Thesis/build/uc1_robot_perception' returned '0': CMAKE_PREFIX_PATH=/opt/ros/humble /usr/bin/cmake --install /home/maclab/Documents/ROS_WORKSPACES/WS_Master_Thesis/build/uc1_robot_perception
