[35m[1mConsolidate compiler generated dependencies of target joint-robot-test[0m
[35m[1mConsolidate compiler generated dependencies of target joint-robot-tp-test[0m
[  9%] Built target kuka-joint-cmd-buf
[ 31%] Built target robot-test
[ 36%] [32mBuilding CXX object CMakeFiles/joint-robot-test.dir/src/TPComputation.cpp.o[0m
[ 40%] [32mBuilding CXX object CMakeFiles/joint-robot-tp-test.dir/src/TPComputation.cpp.o[0m
[01m[K/home/maclab/Documents/ROS_WORKSPACES/WS_Master_Thesis/src/uc1_robot_controllers/src/TPComputation.cpp:[m[K In member function ‘[01m[KEigen::MatrixXd TPComputation::REG_Pinv(const MatrixXd&)[m[K’:
[01m[K/home/maclab/Documents/ROS_WORKSPACES/WS_Master_Thesis/src/uc1_robot_controllers/src/TPComputation.cpp:67:44:[m[K [01;31m[Kerror: [m[K‘[01m[Ktemplate<class _Scalar, int SizeAtCompileTime, int MaxSizeAtCompileTime> class Eigen::DiagonalMatrix[m[K’ used without template arguments
   67 |     Eigen::DiagonalMatrix SS_pinv = Eigen::[01;31m[KDiagonalMatrix[m[K::Zero(r);
      |                                            [01;31m[K^~~~~~~~~~~~~~[m[K
[01m[K/home/maclab/Documents/ROS_WORKSPACES/WS_Master_Thesis/src/uc1_robot_controllers/src/TPComputation.cpp:[m[K In member function ‘[01m[KEigen::MatrixXd TPComputation::REG_Pinv(const MatrixXd&)[m[K’:
[01m[K/home/maclab/Documents/ROS_WORKSPACES/WS_Master_Thesis/src/uc1_robot_controllers/src/TPComputation.cpp:67:44:[m[K [01;31m[Kerror: [m[K‘[01m[Ktemplate<class _Scalar, int SizeAtCompileTime, int MaxSizeAtCompileTime> class Eigen::DiagonalMatrix[m[K’ used without template arguments
   67 |     Eigen::DiagonalMatrix SS_pinv = Eigen::[01;31m[KDiagonalMatrix[m[K::Zero(r);
      |                                            [01;31m[K^~~~~~~~~~~~~~[m[K
gmake[2]: *** [CMakeFiles/joint-robot-test.dir/build.make:146: CMakeFiles/joint-robot-test.dir/src/TPComputation.cpp.o] Error 1
gmake[1]: *** [CMakeFiles/Makefile2:169: CMakeFiles/joint-robot-test.dir/all] Error 2
gmake[1]: *** Waiting for unfinished jobs....
gmake[2]: *** [CMakeFiles/joint-robot-tp-test.dir/build.make:160: CMakeFiles/joint-robot-tp-test.dir/src/TPComputation.cpp.o] Error 1
gmake[1]: *** [CMakeFiles/Makefile2:195: CMakeFiles/joint-robot-tp-test.dir/all] Error 2
gmake: *** [Makefile:146: all] Error 2
