[0.010s] Invoking command in '/home/maclab/Documents/ROS_WORKSPACES/WS_Master_Thesis/build/uc1_robot_controllers': AMENT_PREFIX_PATH=/home/maclab/Documents/ROS_WORKSPACES/WS_Master_Thesis/install/uc1_robot_perception:/home/maclab/Documents/ROS_WORKSPACES/WS_Master_Thesis/install/uc1_robot_controllers_interfaces:${AMENT_PREFIX_PATH} CMAKE_PREFIX_PATH=/home/maclab/Documents/ROS_WORKSPACES/WS_Master_Thesis/install/uc1_robot_perception:/home/maclab/Documents/ROS_WORKSPACES/WS_Master_Thesis/install/uc1_robot_controllers_interfaces:/opt/ros/humble LD_LIBRARY_PATH=/home/maclab/Documents/ROS_WORKSPACES/WS_Master_Thesis/install/uc1_robot_perception/lib:/home/maclab/Documents/ROS_WORKSPACES/WS_Master_Thesis/install/uc1_robot_controllers_interfaces/lib:${LD_LIBRARY_PATH} PYTHONPATH=/home/maclab/Documents/ROS_WORKSPACES/WS_Master_Thesis/install/uc1_robot_perception/local/lib/python3.10/dist-packages:/home/maclab/Documents/ROS_WORKSPACES/WS_Master_Thesis/install/uc1_robot_controllers_interfaces/local/lib/python3.10/dist-packages:${PYTHONPATH} /usr/bin/cmake --build /home/maclab/Documents/ROS_WORKSPACES/WS_Master_Thesis/build/uc1_robot_controllers -- -j32 -l32
[0.050s] [35m[1mConsolidate compiler generated dependencies of target joint-robot-test[0m
[0.055s] [35m[1mConsolidate compiler generated dependencies of target joint-robot-tp-test[0m
[0.057s] [  9%] Built target kuka-joint-cmd-buf
[0.062s] [ 31%] Built target robot-test
[0.069s] [ 36%] [32mBuilding CXX object CMakeFiles/joint-robot-test.dir/src/TPComputation.cpp.o[0m
[0.078s] [ 40%] [32mBuilding CXX object CMakeFiles/joint-robot-tp-test.dir/src/TPComputation.cpp.o[0m
[0.546s] [01m[K/home/maclab/Documents/ROS_WORKSPACES/WS_Master_Thesis/src/uc1_robot_controllers/src/TPComputation.cpp:[m[K In member function ‘[01m[KEigen::MatrixXd TPComputation::REG_Pinv(const MatrixXd&)[m[K’:
[0.546s] [01m[K/home/maclab/Documents/ROS_WORKSPACES/WS_Master_Thesis/src/uc1_robot_controllers/src/TPComputation.cpp:67:44:[m[K [01;31m[Kerror: [m[K‘[01m[Ktemplate<class _Scalar, int SizeAtCompileTime, int MaxSizeAtCompileTime> class Eigen::DiagonalMatrix[m[K’ used without template arguments
[0.546s]    67 |     Eigen::DiagonalMatrix SS_pinv = Eigen::[01;31m[KDiagonalMatrix[m[K::Zero(r);
[0.546s]       |                                            [01;31m[K^~~~~~~~~~~~~~[m[K
[0.568s] [01m[K/home/maclab/Documents/ROS_WORKSPACES/WS_Master_Thesis/src/uc1_robot_controllers/src/TPComputation.cpp:[m[K In member function ‘[01m[KEigen::MatrixXd TPComputation::REG_Pinv(const MatrixXd&)[m[K’:
[0.569s] [01m[K/home/maclab/Documents/ROS_WORKSPACES/WS_Master_Thesis/src/uc1_robot_controllers/src/TPComputation.cpp:67:44:[m[K [01;31m[Kerror: [m[K‘[01m[Ktemplate<class _Scalar, int SizeAtCompileTime, int MaxSizeAtCompileTime> class Eigen::DiagonalMatrix[m[K’ used without template arguments
[0.569s]    67 |     Eigen::DiagonalMatrix SS_pinv = Eigen::[01;31m[KDiagonalMatrix[m[K::Zero(r);
[0.569s]       |                                            [01;31m[K^~~~~~~~~~~~~~[m[K
[4.321s] gmake[2]: *** [CMakeFiles/joint-robot-test.dir/build.make:146: CMakeFiles/joint-robot-test.dir/src/TPComputation.cpp.o] Error 1
[4.321s] gmake[1]: *** [CMakeFiles/Makefile2:169: CMakeFiles/joint-robot-test.dir/all] Error 2
[4.321s] gmake[1]: *** Waiting for unfinished jobs....
[4.322s] gmake[2]: *** [CMakeFiles/joint-robot-tp-test.dir/build.make:160: CMakeFiles/joint-robot-tp-test.dir/src/TPComputation.cpp.o] Error 1
[4.322s] gmake[1]: *** [CMakeFiles/Makefile2:195: CMakeFiles/joint-robot-tp-test.dir/all] Error 2
[4.322s] gmake: *** [Makefile:146: all] Error 2
[4.324s] Invoked command in '/home/maclab/Documents/ROS_WORKSPACES/WS_Master_Thesis/build/uc1_robot_controllers' returned '2': AMENT_PREFIX_PATH=/home/maclab/Documents/ROS_WORKSPACES/WS_Master_Thesis/install/uc1_robot_perception:/home/maclab/Documents/ROS_WORKSPACES/WS_Master_Thesis/install/uc1_robot_controllers_interfaces:${AMENT_PREFIX_PATH} CMAKE_PREFIX_PATH=/home/maclab/Documents/ROS_WORKSPACES/WS_Master_Thesis/install/uc1_robot_perception:/home/maclab/Documents/ROS_WORKSPACES/WS_Master_Thesis/install/uc1_robot_controllers_interfaces:/opt/ros/humble LD_LIBRARY_PATH=/home/maclab/Documents/ROS_WORKSPACES/WS_Master_Thesis/install/uc1_robot_perception/lib:/home/maclab/Documents/ROS_WORKSPACES/WS_Master_Thesis/install/uc1_robot_controllers_interfaces/lib:${LD_LIBRARY_PATH} PYTHONPATH=/home/maclab/Documents/ROS_WORKSPACES/WS_Master_Thesis/install/uc1_robot_perception/local/lib/python3.10/dist-packages:/home/maclab/Documents/ROS_WORKSPACES/WS_Master_Thesis/install/uc1_robot_controllers_interfaces/local/lib/python3.10/dist-packages:${PYTHONPATH} /usr/bin/cmake --build /home/maclab/Documents/ROS_WORKSPACES/WS_Master_Thesis/build/uc1_robot_controllers -- -j32 -l32
