[0.117s] Invoking command in '/home/maclab/Documents/ROS_WORKSPACES/WS_Master_Thesis/build/urdf_launch': CMAKE_PREFIX_PATH=/opt/ros/humble /usr/bin/cmake /home/maclab/Documents/ROS_WORKSPACES/WS_Master_Thesis/src/urdf_launch -DCMAKE_INSTALL_PREFIX=/home/maclab/Documents/ROS_WORKSPACES/WS_Master_Thesis/install/urdf_launch
[0.200s] -- The C compiler identification is GNU 12.3.0
[0.252s] -- The CXX compiler identification is GNU 11.4.0
[0.256s] -- Detecting C compiler ABI info
[0.314s] -- Detecting C compiler ABI info - done
[0.318s] -- Check for working C compiler: /usr/bin/cc - skipped
[0.319s] -- Detecting C compile features
[0.319s] -- Detecting C compile features - done
[0.320s] -- Detecting CXX compiler ABI info
[0.366s] -- Detecting CXX compiler ABI info - done
[0.373s] -- Check for working CXX compiler: /usr/bin/c++ - skipped
[0.373s] -- Detecting CXX compile features
[0.373s] -- Detecting CXX compile features - done
[0.375s] -- Found ament_cmake: 1.3.12 (/opt/ros/humble/share/ament_cmake/cmake)
[0.452s] -- Found Python3: /usr/bin/python3 (found version "3.10.12") found components: Interpreter 
[0.523s] -- Configuring done
[0.524s] -- Generating done
[0.525s] -- Build files have been written to: /home/maclab/Documents/ROS_WORKSPACES/WS_Master_Thesis/build/urdf_launch
[0.529s] Invoked command in '/home/maclab/Documents/ROS_WORKSPACES/WS_Master_Thesis/build/urdf_launch' returned '0': CMAKE_PREFIX_PATH=/opt/ros/humble /usr/bin/cmake /home/maclab/Documents/ROS_WORKSPACES/WS_Master_Thesis/src/urdf_launch -DCMAKE_INSTALL_PREFIX=/home/maclab/Documents/ROS_WORKSPACES/WS_Master_Thesis/install/urdf_launch
[0.530s] Invoking command in '/home/maclab/Documents/ROS_WORKSPACES/WS_Master_Thesis/build/urdf_launch': CMAKE_PREFIX_PATH=/opt/ros/humble /usr/bin/cmake --build /home/maclab/Documents/ROS_WORKSPACES/WS_Master_Thesis/build/urdf_launch -- -j32 -l32
[0.656s] Invoked command in '/home/maclab/Documents/ROS_WORKSPACES/WS_Master_Thesis/build/urdf_launch' returned '0': CMAKE_PREFIX_PATH=/opt/ros/humble /usr/bin/cmake --build /home/maclab/Documents/ROS_WORKSPACES/WS_Master_Thesis/build/urdf_launch -- -j32 -l32
[0.663s] Invoking command in '/home/maclab/Documents/ROS_WORKSPACES/WS_Master_Thesis/build/urdf_launch': CMAKE_PREFIX_PATH=/opt/ros/humble /usr/bin/cmake --install /home/maclab/Documents/ROS_WORKSPACES/WS_Master_Thesis/build/urdf_launch
[0.668s] -- Install configuration: ""
[0.668s] -- Installing: /home/maclab/Documents/ROS_WORKSPACES/WS_Master_Thesis/install/urdf_launch/share/urdf_launch/config
[0.669s] -- Installing: /home/maclab/Documents/ROS_WORKSPACES/WS_Master_Thesis/install/urdf_launch/share/urdf_launch/config/urdf.rviz
[0.669s] -- Installing: /home/maclab/Documents/ROS_WORKSPACES/WS_Master_Thesis/install/urdf_launch/share/urdf_launch/launch
[0.669s] -- Installing: /home/maclab/Documents/ROS_WORKSPACES/WS_Master_Thesis/install/urdf_launch/share/urdf_launch/launch/display.launch.py
[0.669s] -- Installing: /home/maclab/Documents/ROS_WORKSPACES/WS_Master_Thesis/install/urdf_launch/share/urdf_launch/launch/description.launch.py
[0.669s] -- Installing: /home/maclab/Documents/ROS_WORKSPACES/WS_Master_Thesis/install/urdf_launch/share/ament_index/resource_index/package_run_dependencies/urdf_launch
[0.669s] -- Installing: /home/maclab/Documents/ROS_WORKSPACES/WS_Master_Thesis/install/urdf_launch/share/ament_index/resource_index/parent_prefix_path/urdf_launch
[0.669s] -- Installing: /home/maclab/Documents/ROS_WORKSPACES/WS_Master_Thesis/install/urdf_launch/share/urdf_launch/environment/ament_prefix_path.sh
[0.669s] -- Installing: /home/maclab/Documents/ROS_WORKSPACES/WS_Master_Thesis/install/urdf_launch/share/urdf_launch/environment/ament_prefix_path.dsv
[0.669s] -- Installing: /home/maclab/Documents/ROS_WORKSPACES/WS_Master_Thesis/install/urdf_launch/share/urdf_launch/environment/path.sh
[0.669s] -- Installing: /home/maclab/Documents/ROS_WORKSPACES/WS_Master_Thesis/install/urdf_launch/share/urdf_launch/environment/path.dsv
[0.670s] -- Installing: /home/maclab/Documents/ROS_WORKSPACES/WS_Master_Thesis/install/urdf_launch/share/urdf_launch/local_setup.bash
[0.670s] -- Installing: /home/maclab/Documents/ROS_WORKSPACES/WS_Master_Thesis/install/urdf_launch/share/urdf_launch/local_setup.sh
[0.670s] -- Installing: /home/maclab/Documents/ROS_WORKSPACES/WS_Master_Thesis/install/urdf_launch/share/urdf_launch/local_setup.zsh
[0.670s] -- Installing: /home/maclab/Documents/ROS_WORKSPACES/WS_Master_Thesis/install/urdf_launch/share/urdf_launch/local_setup.dsv
[0.670s] -- Installing: /home/maclab/Documents/ROS_WORKSPACES/WS_Master_Thesis/install/urdf_launch/share/urdf_launch/package.dsv
[0.670s] -- Installing: /home/maclab/Documents/ROS_WORKSPACES/WS_Master_Thesis/install/urdf_launch/share/ament_index/resource_index/packages/urdf_launch
[0.670s] -- Installing: /home/maclab/Documents/ROS_WORKSPACES/WS_Master_Thesis/install/urdf_launch/share/urdf_launch/cmake/urdf_launchConfig.cmake
[0.670s] -- Installing: /home/maclab/Documents/ROS_WORKSPACES/WS_Master_Thesis/install/urdf_launch/share/urdf_launch/cmake/urdf_launchConfig-version.cmake
[0.670s] -- Installing: /home/maclab/Documents/ROS_WORKSPACES/WS_Master_Thesis/install/urdf_launch/share/urdf_launch/package.xml
[0.675s] Invoked command in '/home/maclab/Documents/ROS_WORKSPACES/WS_Master_Thesis/build/urdf_launch' returned '0': CMAKE_PREFIX_PATH=/opt/ros/humble /usr/bin/cmake --install /home/maclab/Documents/ROS_WORKSPACES/WS_Master_Thesis/build/urdf_launch
