[0.010s] Invoking command in '/home/maclab/Documents/ROS_WORKSPACES/WS_Master_Thesis/build/uc1_robot_controllers': AMENT_PREFIX_PATH=/home/maclab/Documents/ROS_WORKSPACES/WS_Master_Thesis/install/uc1_robot_perception:/home/maclab/Documents/ROS_WORKSPACES/WS_Master_Thesis/install/uc1_robot_controllers_interfaces:${AMENT_PREFIX_PATH} CMAKE_PREFIX_PATH=/home/maclab/Documents/ROS_WORKSPACES/WS_Master_Thesis/install/uc1_robot_perception:/home/maclab/Documents/ROS_WORKSPACES/WS_Master_Thesis/install/uc1_robot_controllers_interfaces:/opt/ros/humble LD_LIBRARY_PATH=/home/maclab/Documents/ROS_WORKSPACES/WS_Master_Thesis/install/uc1_robot_perception/lib:/home/maclab/Documents/ROS_WORKSPACES/WS_Master_Thesis/install/uc1_robot_controllers_interfaces/lib:${LD_LIBRARY_PATH} PYTHONPATH=/home/maclab/Documents/ROS_WORKSPACES/WS_Master_Thesis/install/uc1_robot_perception/local/lib/python3.10/dist-packages:/home/maclab/Documents/ROS_WORKSPACES/WS_Master_Thesis/install/uc1_robot_controllers_interfaces/local/lib/python3.10/dist-packages:${PYTHONPATH} /usr/bin/cmake --build /home/maclab/Documents/ROS_WORKSPACES/WS_Master_Thesis/build/uc1_robot_controllers -- -j32 -l32
[0.057s] [35m[1mConsolidate compiler generated dependencies of target joint-robot-test[0m
[0.058s] [35m[1mConsolidate compiler generated dependencies of target joint-robot-tp-test[0m
[0.063s] [  9%] Built target kuka-joint-cmd-buf
[0.070s] [ 31%] Built target robot-test
[0.074s] [ 36%] [32mBuilding CXX object CMakeFiles/joint-robot-test.dir/src/TPComputation.cpp.o[0m
[0.075s] [ 40%] [32mBuilding CXX object CMakeFiles/joint-robot-tp-test.dir/src/TPComputation.cpp.o[0m
[0.538s] [01m[K/home/maclab/Documents/ROS_WORKSPACES/WS_Master_Thesis/src/uc1_robot_controllers/src/TPComputation.cpp:[m[K In member function ‘[01m[KEigen::MatrixXd TPComputation::REG_Pinv(const MatrixXd&)[m[K’:
[0.538s] [01m[K/home/maclab/Documents/ROS_WORKSPACES/WS_Master_Thesis/src/uc1_robot_controllers/src/TPComputation.cpp:67:69:[m[K [01;31m[Kerror: [m[K‘[01m[KEigen::VecotorXd[m[K’ has not been declared
[0.538s]    67 |     Eigen::DiagonalMatrix<double, Eigen::Dynamic> SS_pinv = (Eigen::[01;31m[KVecotorXd[m[K::Zero(r)).asDiagonal();
[0.538s]       |                                                                     [01;31m[K^~~~~~~~~[m[K
[0.552s] [01m[K/home/maclab/Documents/ROS_WORKSPACES/WS_Master_Thesis/src/uc1_robot_controllers/src/TPComputation.cpp:[m[K In member function ‘[01m[KEigen::MatrixXd TPComputation::REG_Pinv(const MatrixXd&)[m[K’:
[0.552s] [01m[K/home/maclab/Documents/ROS_WORKSPACES/WS_Master_Thesis/src/uc1_robot_controllers/src/TPComputation.cpp:67:69:[m[K [01;31m[Kerror: [m[K‘[01m[KEigen::VecotorXd[m[K’ has not been declared
[0.552s]    67 |     Eigen::DiagonalMatrix<double, Eigen::Dynamic> SS_pinv = (Eigen::[01;31m[KVecotorXd[m[K::Zero(r)).asDiagonal();
[0.552s]       |                                                                     [01;31m[K^~~~~~~~~[m[K
[4.125s] gmake[2]: *** [CMakeFiles/joint-robot-test.dir/build.make:146: CMakeFiles/joint-robot-test.dir/src/TPComputation.cpp.o] Error 1
[4.125s] gmake[1]: *** [CMakeFiles/Makefile2:169: CMakeFiles/joint-robot-test.dir/all] Error 2
[4.125s] gmake[1]: *** Waiting for unfinished jobs....
[4.143s] gmake[2]: *** [CMakeFiles/joint-robot-tp-test.dir/build.make:160: CMakeFiles/joint-robot-tp-test.dir/src/TPComputation.cpp.o] Error 1
[4.144s] gmake[1]: *** [CMakeFiles/Makefile2:195: CMakeFiles/joint-robot-tp-test.dir/all] Error 2
[4.144s] gmake: *** [Makefile:146: all] Error 2
[4.145s] Invoked command in '/home/maclab/Documents/ROS_WORKSPACES/WS_Master_Thesis/build/uc1_robot_controllers' returned '2': AMENT_PREFIX_PATH=/home/maclab/Documents/ROS_WORKSPACES/WS_Master_Thesis/install/uc1_robot_perception:/home/maclab/Documents/ROS_WORKSPACES/WS_Master_Thesis/install/uc1_robot_controllers_interfaces:${AMENT_PREFIX_PATH} CMAKE_PREFIX_PATH=/home/maclab/Documents/ROS_WORKSPACES/WS_Master_Thesis/install/uc1_robot_perception:/home/maclab/Documents/ROS_WORKSPACES/WS_Master_Thesis/install/uc1_robot_controllers_interfaces:/opt/ros/humble LD_LIBRARY_PATH=/home/maclab/Documents/ROS_WORKSPACES/WS_Master_Thesis/install/uc1_robot_perception/lib:/home/maclab/Documents/ROS_WORKSPACES/WS_Master_Thesis/install/uc1_robot_controllers_interfaces/lib:${LD_LIBRARY_PATH} PYTHONPATH=/home/maclab/Documents/ROS_WORKSPACES/WS_Master_Thesis/install/uc1_robot_perception/local/lib/python3.10/dist-packages:/home/maclab/Documents/ROS_WORKSPACES/WS_Master_Thesis/install/uc1_robot_controllers_interfaces/local/lib/python3.10/dist-packages:${PYTHONPATH} /usr/bin/cmake --build /home/maclab/Documents/ROS_WORKSPACES/WS_Master_Thesis/build/uc1_robot_controllers -- -j32 -l32
