[0.030s] Invoking command in '/home/maclab/Documents/ROS_WORKSPACES/WS_Master_Thesis/build/urdf_launch': CMAKE_PREFIX_PATH=/opt/ros/humble /usr/bin/cmake --build /home/maclab/Documents/ROS_WORKSPACES/WS_Master_Thesis/build/urdf_launch -- -j32 -l32
[0.071s] Invoked command in '/home/maclab/Documents/ROS_WORKSPACES/WS_Master_Thesis/build/urdf_launch' returned '0': CMAKE_PREFIX_PATH=/opt/ros/humble /usr/bin/cmake --build /home/maclab/Documents/ROS_WORKSPACES/WS_Master_Thesis/build/urdf_launch -- -j32 -l32
[0.078s] Invoking command in '/home/maclab/Documents/ROS_WORKSPACES/WS_Master_Thesis/build/urdf_launch': CMAKE_PREFIX_PATH=/opt/ros/humble /usr/bin/cmake --install /home/maclab/Documents/ROS_WORKSPACES/WS_Master_Thesis/build/urdf_launch
[0.079s] -- Install configuration: ""
[0.079s] -- Up-to-date: /home/maclab/Documents/ROS_WORKSPACES/WS_Master_Thesis/install/urdf_launch/share/urdf_launch/config
[0.079s] -- Up-to-date: /home/maclab/Documents/ROS_WORKSPACES/WS_Master_Thesis/install/urdf_launch/share/urdf_launch/config/urdf.rviz
[0.079s] -- Up-to-date: /home/maclab/Documents/ROS_WORKSPACES/WS_Master_Thesis/install/urdf_launch/share/urdf_launch/launch
[0.079s] -- Up-to-date: /home/maclab/Documents/ROS_WORKSPACES/WS_Master_Thesis/install/urdf_launch/share/urdf_launch/launch/display.launch.py
[0.079s] -- Up-to-date: /home/maclab/Documents/ROS_WORKSPACES/WS_Master_Thesis/install/urdf_launch/share/urdf_launch/launch/description.launch.py
[0.079s] -- Up-to-date: /home/maclab/Documents/ROS_WORKSPACES/WS_Master_Thesis/install/urdf_launch/share/ament_index/resource_index/package_run_dependencies/urdf_launch
[0.079s] -- Up-to-date: /home/maclab/Documents/ROS_WORKSPACES/WS_Master_Thesis/install/urdf_launch/share/ament_index/resource_index/parent_prefix_path/urdf_launch
[0.080s] -- Up-to-date: /home/maclab/Documents/ROS_WORKSPACES/WS_Master_Thesis/install/urdf_launch/share/urdf_launch/environment/ament_prefix_path.sh
[0.080s] -- Up-to-date: /home/maclab/Documents/ROS_WORKSPACES/WS_Master_Thesis/install/urdf_launch/share/urdf_launch/environment/ament_prefix_path.dsv
[0.080s] -- Up-to-date: /home/maclab/Documents/ROS_WORKSPACES/WS_Master_Thesis/install/urdf_launch/share/urdf_launch/environment/path.sh
[0.080s] -- Up-to-date: /home/maclab/Documents/ROS_WORKSPACES/WS_Master_Thesis/install/urdf_launch/share/urdf_launch/environment/path.dsv
[0.080s] -- Up-to-date: /home/maclab/Documents/ROS_WORKSPACES/WS_Master_Thesis/install/urdf_launch/share/urdf_launch/local_setup.bash
[0.080s] -- Up-to-date: /home/maclab/Documents/ROS_WORKSPACES/WS_Master_Thesis/install/urdf_launch/share/urdf_launch/local_setup.sh
[0.080s] -- Up-to-date: /home/maclab/Documents/ROS_WORKSPACES/WS_Master_Thesis/install/urdf_launch/share/urdf_launch/local_setup.zsh
[0.080s] -- Up-to-date: /home/maclab/Documents/ROS_WORKSPACES/WS_Master_Thesis/install/urdf_launch/share/urdf_launch/local_setup.dsv
[0.080s] -- Up-to-date: /home/maclab/Documents/ROS_WORKSPACES/WS_Master_Thesis/install/urdf_launch/share/urdf_launch/package.dsv
[0.080s] -- Up-to-date: /home/maclab/Documents/ROS_WORKSPACES/WS_Master_Thesis/install/urdf_launch/share/ament_index/resource_index/packages/urdf_launch
[0.080s] -- Up-to-date: /home/maclab/Documents/ROS_WORKSPACES/WS_Master_Thesis/install/urdf_launch/share/urdf_launch/cmake/urdf_launchConfig.cmake
[0.080s] -- Up-to-date: /home/maclab/Documents/ROS_WORKSPACES/WS_Master_Thesis/install/urdf_launch/share/urdf_launch/cmake/urdf_launchConfig-version.cmake
[0.080s] -- Up-to-date: /home/maclab/Documents/ROS_WORKSPACES/WS_Master_Thesis/install/urdf_launch/share/urdf_launch/package.xml
[0.114s] Invoked command in '/home/maclab/Documents/ROS_WORKSPACES/WS_Master_Thesis/build/urdf_launch' returned '0': CMAKE_PREFIX_PATH=/opt/ros/humble /usr/bin/cmake --install /home/maclab/Documents/ROS_WORKSPACES/WS_Master_Thesis/build/urdf_launch
