[35m[1mConsolidate compiler generated dependencies of target joint-robot-test[0m
[35m[1mConsolidate compiler generated dependencies of target joint-robot-tp-test[0m
[  9%] Built target kuka-joint-cmd-buf
[ 31%] Built target robot-test
[ 36%] [32mBuilding CXX object CMakeFiles/joint-robot-test.dir/src/TPComputation.cpp.o[0m
[ 40%] [32mBuilding CXX object CMakeFiles/joint-robot-tp-test.dir/src/TPComputation.cpp.o[0m
[01m[K/home/maclab/Documents/ROS_WORKSPACES/WS_Master_Thesis/src/uc1_robot_controllers/src/TPComputation.cpp:[m[K In member function ‘[01m[KEigen::MatrixXd TPComputation::REG_Pinv(const MatrixXd&)[m[K’:
[01m[K/home/maclab/Documents/ROS_WORKSPACES/WS_Master_Thesis/src/uc1_robot_controllers/src/TPComputation.cpp:67:27:[m[K [01;31m[Kerror: [m[Kclass template argument deduction failed:
   67 |     Eigen::DiagonalMatrix [01;31m[KSS_pinv[m[K;
      |                           [01;31m[K^~~~~~~[m[K
[01m[K/home/maclab/Documents/ROS_WORKSPACES/WS_Master_Thesis/src/uc1_robot_controllers/src/TPComputation.cpp:67:27:[m[K [01;31m[Kerror: [m[Kno matching function for call to ‘[01m[KDiagonalMatrix()[m[K’
In file included from [01m[K/usr/include/eigen3/Eigen/Core:314[m[K,
                 from [01m[K/usr/include/eigen3/Eigen/Dense:1[m[K,
                 from [01m[K/home/maclab/Documents/ROS_WORKSPACES/WS_Master_Thesis/src/uc1_robot_controllers/include/TPComputation.hpp:6[m[K,
                 from [01m[K/home/maclab/Documents/ROS_WORKSPACES/WS_Master_Thesis/src/uc1_robot_controllers/src/TPComputation.cpp:1[m[K:
[01m[K/usr/include/eigen3/Eigen/src/Core/DiagonalMatrix.h:218:21:[m[K [01;36m[Knote: [m[Kcandidate: ‘[01m[Ktemplate<class _Scalar, int SizeAtCompileTime, int MaxSizeAtCompileTime, class OtherDerived> DiagonalMatrix(const Eigen::MatrixBase<OtherDerived>&)-> Eigen::DiagonalMatrix<_Scalar, SizeAtCompileTime, MaxSizeAtCompileTime>[m[K’
  218 |     explicit inline [01;36m[KDiagonalMatrix[m[K(const MatrixBase<OtherDerived>& other) : m_diagonal(other)
      |                     [01;36m[K^~~~~~~~~~~~~~[m[K
[01m[K/usr/include/eigen3/Eigen/src/Core/DiagonalMatrix.h:218:21:[m[K [01;36m[Knote: [m[K  template argument deduction/substitution failed:
[01m[K/home/maclab/Documents/ROS_WORKSPACES/WS_Master_Thesis/src/uc1_robot_controllers/src/TPComputation.cpp:67:27:[m[K [01;36m[Knote: [m[K  candidate expects 1 argument, 0 provided
   67 |     Eigen::DiagonalMatrix [01;36m[KSS_pinv[m[K;
      |                           [01;36m[K^~~~~~~[m[K
In file included from [01m[K/usr/include/eigen3/Eigen/Core:314[m[K,
                 from [01m[K/usr/include/eigen3/Eigen/Dense:1[m[K,
                 from [01m[K/home/maclab/Documents/ROS_WORKSPACES/WS_Master_Thesis/src/uc1_robot_controllers/include/TPComputation.hpp:6[m[K,
                 from [01m[K/home/maclab/Documents/ROS_WORKSPACES/WS_Master_Thesis/src/uc1_robot_controllers/src/TPComputation.cpp:1[m[K:
[01m[K/usr/include/eigen3/Eigen/src/Core/DiagonalMatrix.h:212:12:[m[K [01;36m[Knote: [m[Kcandidate: ‘[01m[Ktemplate<class _Scalar, int SizeAtCompileTime, int MaxSizeAtCompileTime> DiagonalMatrix(const Eigen::DiagonalMatrix<_Scalar, SizeAtCompileTime, MaxSizeAtCompileTime>&)-> Eigen::DiagonalMatrix<_Scalar, SizeAtCompileTime, MaxSizeAtCompileTime>[m[K’
  212 |     inline [01;36m[KDiagonalMatrix[m[K(const DiagonalMatrix& other) : m_diagonal(other.diagonal()) {}
      |            [01;36m[K^~~~~~~~~~~~~~[m[K
[01m[K/usr/include/eigen3/Eigen/src/Core/DiagonalMatrix.h:212:12:[m[K [01;36m[Knote: [m[K  template argument deduction/substitution failed:
[01m[K/home/maclab/Documents/ROS_WORKSPACES/WS_Master_Thesis/src/uc1_robot_controllers/src/TPComputation.cpp:67:27:[m[K [01;36m[Knote: [m[K  candidate expects 1 argument, 0 provided
   67 |     Eigen::DiagonalMatrix [01;36m[KSS_pinv[m[K;
      |                           [01;36m[K^~~~~~~[m[K
In file included from [01m[K/usr/include/eigen3/Eigen/Core:314[m[K,
                 from [01m[K/usr/include/eigen3/Eigen/Dense:1[m[K,
                 from [01m[K/home/maclab/Documents/ROS_WORKSPACES/WS_Master_Thesis/src/uc1_robot_controllers/include/TPComputation.hpp:6[m[K,
                 from [01m[K/home/maclab/Documents/ROS_WORKSPACES/WS_Master_Thesis/src/uc1_robot_controllers/src/TPComputation.cpp:1[m[K:
[01m[K/usr/include/eigen3/Eigen/src/Core/DiagonalMatrix.h:208:12:[m[K [01;36m[Knote: [m[Kcandidate: ‘[01m[Ktemplate<class _Scalar, int SizeAtCompileTime, int MaxSizeAtCompileTime, class OtherDerived> DiagonalMatrix(const Eigen::DiagonalBase<OtherDerived>&)-> Eigen::DiagonalMatrix<_Scalar, SizeAtCompileTime, MaxSizeAtCompileTime>[m[K’
  208 |     inline [01;36m[KDiagonalMatrix[m[K(const DiagonalBase<OtherDerived>& other) : m_diagonal(other.diagonal()) {}
      |            [01;36m[K^~~~~~~~~~~~~~[m[K
[01m[K/usr/include/eigen3/Eigen/src/Core/DiagonalMatrix.h:208:12:[m[K [01;36m[Knote: [m[K  template argument deduction/substitution failed:
[01m[K/home/maclab/Documents/ROS_WORKSPACES/WS_Master_Thesis/src/uc1_robot_controllers/src/TPComputation.cpp:67:27:[m[K [01;36m[Knote: [m[K  candidate expects 1 argument, 0 provided
   67 |     Eigen::DiagonalMatrix [01;36m[KSS_pinv[m[K;
      |                           [01;36m[K^~~~~~~[m[K
In file included from [01m[K/usr/include/eigen3/Eigen/Core:314[m[K,
                 from [01m[K/usr/include/eigen3/Eigen/Dense:1[m[K,
                 from [01m[K/home/maclab/Documents/ROS_WORKSPACES/WS_Master_Thesis/src/uc1_robot_controllers/include/TPComputation.hpp:6[m[K,
                 from [01m[K/home/maclab/Documents/ROS_WORKSPACES/WS_Master_Thesis/src/uc1_robot_controllers/src/TPComputation.cpp:1[m[K:
[01m[K/usr/include/eigen3/Eigen/src/Core/DiagonalMatrix.h:201:34:[m[K [01;36m[Knote: [m[Kcandidate: ‘[01m[Ktemplate<class _Scalar, int SizeAtCompileTime, int MaxSizeAtCompileTime> DiagonalMatrix(const std::initializer_list<std::initializer_list<_Tp> >&)-> Eigen::DiagonalMatrix<_Scalar, SizeAtCompileTime, MaxSizeAtCompileTime>[m[K’
  201 |     explicit EIGEN_STRONG_INLINE [01;36m[KDiagonalMatrix[m[K(const std::initializer_list<std::initializer_list<Scalar>>& list)
      |                                  [01;36m[K^~~~~~~~~~~~~~[m[K
[01m[K/usr/include/eigen3/Eigen/src/Core/DiagonalMatrix.h:201:34:[m[K [01;36m[Knote: [m[K  template argument deduction/substitution failed:
[01m[K/home/maclab/Documents/ROS_WORKSPACES/WS_Master_Thesis/src/uc1_robot_controllers/src/TPComputation.cpp:67:27:[m[K [01;36m[Knote: [m[K  candidate expects 1 argument, 0 provided
   67 |     Eigen::DiagonalMatrix [01;36m[KSS_pinv[m[K;
      |                           [01;36m[K^~~~~~~[m[K
In file included from [01m[K/usr/include/eigen3/Eigen/Core:314[m[K,
                 from [01m[K/usr/include/eigen3/Eigen/Dense:1[m[K,
                 from [01m[K/home/maclab/Documents/ROS_WORKSPACES/WS_Master_Thesis/src/uc1_robot_controllers/include/TPComputation.hpp:6[m[K,
                 from [01m[K/home/maclab/Documents/ROS_WORKSPACES/WS_Master_Thesis/src/uc1_robot_controllers/src/TPComputation.cpp:1[m[K:
[01m[K/usr/include/eigen3/Eigen/src/Core/DiagonalMatrix.h:194:5:[m[K [01;36m[Knote: [m[Kcandidate: ‘[01m[Ktemplate<class _Scalar, int SizeAtCompileTime, int MaxSizeAtCompileTime, class ... ArgTypes> DiagonalMatrix(const _Scalar&, const _Scalar&, const _Scalar&, const ArgTypes& ...)-> Eigen::DiagonalMatrix<_Scalar, SizeAtCompileTime, MaxSizeAtCompileTime>[m[K’
  194 |     [01;36m[KDiagonalMatrix[m[K(const Scalar& a0, const Scalar& a1, const Scalar& a2, const ArgTypes&... args)
      |     [01;36m[K^~~~~~~~~~~~~~[m[K
[01m[K/usr/include/eigen3/Eigen/src/Core/DiagonalMatrix.h:194:5:[m[K [01;36m[Knote: [m[K  template argument deduction/substitution failed:
[01m[K/home/maclab/Documents/ROS_WORKSPACES/WS_Master_Thesis/src/uc1_robot_controllers/src/TPComputation.cpp:67:27:[m[K [01;36m[Knote: [m[K  candidate expects at least 3 arguments, 0 provided
   67 |     Eigen::DiagonalMatrix [01;36m[KSS_pinv[m[K;
      |                           [01;36m[K^~~~~~~[m[K
In file included from [01m[K/usr/include/eigen3/Eigen/Core:314[m[K,
                 from [01m[K/usr/include/eigen3/Eigen/Dense:1[m[K,
                 from [01m[K/home/maclab/Documents/ROS_WORKSPACES/WS_Master_Thesis/src/uc1_robot_controllers/include/TPComputation.hpp:6[m[K,
                 from [01m[K/home/maclab/Documents/ROS_WORKSPACES/WS_Master_Thesis/src/uc1_robot_controllers/src/TPComputation.cpp:1[m[K:
[01m[K/usr/include/eigen3/Eigen/src/Core/DiagonalMatrix.h:179:12:[m[K [01;36m[Knote: [m[Kcandidate: ‘[01m[Ktemplate<class _Scalar, int SizeAtCompileTime, int MaxSizeAtCompileTime> DiagonalMatrix(const _Scalar&, const _Scalar&, const _Scalar&)-> Eigen::DiagonalMatrix<_Scalar, SizeAtCompileTime, MaxSizeAtCompileTime>[m[K’
  179 |     inline [01;36m[KDiagonalMatrix[m[K(const Scalar& x, const Scalar& y, const Scalar& z) : m_diagonal(x,y,z) {}
      |            [01;36m[K^~~~~~~~~~~~~~[m[K
[01m[K/usr/include/eigen3/Eigen/src/Core/DiagonalMatrix.h:179:12:[m[K [01;36m[Knote: [m[K  template argument deduction/substitution failed:
[01m[K/home/maclab/Documents/ROS_WORKSPACES/WS_Master_Thesis/src/uc1_robot_controllers/src/TPComputation.cpp:67:27:[m[K [01;36m[Knote: [m[K  candidate expects 3 arguments, 0 provided
   67 |     Eigen::DiagonalMatrix [01;36m[KSS_pinv[m[K;
      |                           [01;36m[K^~~~~~~[m[K
In file included from [01m[K/usr/include/eigen3/Eigen/Core:314[m[K,
                 from [01m[K/usr/include/eigen3/Eigen/Dense:1[m[K,
                 from [01m[K/home/maclab/Documents/ROS_WORKSPACES/WS_Master_Thesis/src/uc1_robot_controllers/include/TPComputation.hpp:6[m[K,
                 from [01m[K/home/maclab/Documents/ROS_WORKSPACES/WS_Master_Thesis/src/uc1_robot_controllers/src/TPComputation.cpp:1[m[K:
[01m[K/usr/include/eigen3/Eigen/src/Core/DiagonalMatrix.h:175:12:[m[K [01;36m[Knote: [m[Kcandidate: ‘[01m[Ktemplate<class _Scalar, int SizeAtCompileTime, int MaxSizeAtCompileTime> DiagonalMatrix(const _Scalar&, const _Scalar&)-> Eigen::DiagonalMatrix<_Scalar, SizeAtCompileTime, MaxSizeAtCompileTime>[m[K’
  175 |     inline [01;36m[KDiagonalMatrix[m[K(const Scalar& x, const Scalar& y) : m_diagonal(x,y) {}
      |            [01;36m[K^~~~~~~~~~~~~~[m[K
[01m[K/usr/include/eigen3/Eigen/src/Core/DiagonalMatrix.h:175:12:[m[K [01;36m[Knote: [m[K  template argument deduction/substitution failed:
[01m[K/home/maclab/Documents/ROS_WORKSPACES/WS_Master_Thesis/src/uc1_robot_controllers/src/TPComputation.cpp:67:27:[m[K [01;36m[Knote: [m[K  candidate expects 2 arguments, 0 provided
   67 |     Eigen::DiagonalMatrix [01;36m[KSS_pinv[m[K;
      |                           [01;36m[K^~~~~~~[m[K
In file included from [01m[K/usr/include/eigen3/Eigen/Core:314[m[K,
                 from [01m[K/usr/include/eigen3/Eigen/Dense:1[m[K,
                 from [01m[K/home/maclab/Documents/ROS_WORKSPACES/WS_Master_Thesis/src/uc1_robot_controllers/include/TPComputation.hpp:6[m[K,
                 from [01m[K/home/maclab/Documents/ROS_WORKSPACES/WS_Master_Thesis/src/uc1_robot_controllers/src/TPComputation.cpp:1[m[K:
[01m[K/usr/include/eigen3/Eigen/src/Core/DiagonalMatrix.h:171:21:[m[K [01;36m[Knote: [m[Kcandidate: ‘[01m[Ktemplate<class _Scalar, int SizeAtCompileTime, int MaxSizeAtCompileTime> DiagonalMatrix(Eigen::Index)-> Eigen::DiagonalMatrix<_Scalar, SizeAtCompileTime, MaxSizeAtCompileTime>[m[K’
  171 |     explicit inline [01;36m[KDiagonalMatrix[m[K(Index dim) : m_diagonal(dim) {}
      |                     [01;36m[K^~~~~~~~~~~~~~[m[K
[01m[K/usr/include/eigen3/Eigen/src/Core/DiagonalMatrix.h:171:21:[m[K [01;36m[Knote: [m[K  template argument deduction/substitution failed:
[01m[K/home/maclab/Documents/ROS_WORKSPACES/WS_Master_Thesis/src/uc1_robot_controllers/src/TPComputation.cpp:67:27:[m[K [01;36m[Knote: [m[K  candidate expects 1 argument, 0 provided
   67 |     Eigen::DiagonalMatrix [01;36m[KSS_pinv[m[K;
      |                           [01;36m[K^~~~~~~[m[K
In file included from [01m[K/usr/include/eigen3/Eigen/Core:314[m[K,
                 from [01m[K/usr/include/eigen3/Eigen/Dense:1[m[K,
                 from [01m[K/home/maclab/Documents/ROS_WORKSPACES/WS_Master_Thesis/src/uc1_robot_controllers/include/TPComputation.hpp:6[m[K,
                 from [01m[K/home/maclab/Documents/ROS_WORKSPACES/WS_Master_Thesis/src/uc1_robot_controllers/src/TPComputation.cpp:1[m[K:
[01m[K/usr/include/eigen3/Eigen/src/Core/DiagonalMatrix.h:167:12:[m[K [01;36m[Knote: [m[Kcandidate: ‘[01m[Ktemplate<class _Scalar, int SizeAtCompileTime, int MaxSizeAtCompileTime> DiagonalMatrix()-> Eigen::DiagonalMatrix<_Scalar, SizeAtCompileTime, MaxSizeAtCompileTime>[m[K’
  167 |     inline [01;36m[KDiagonalMatrix[m[K() {}
      |            [01;36m[K^~~~~~~~~~~~~~[m[K
[01m[K/usr/include/eigen3/Eigen/src/Core/DiagonalMatrix.h:167:12:[m[K [01;36m[Knote: [m[K  template argument deduction/substitution failed:
[01m[K/home/maclab/Documents/ROS_WORKSPACES/WS_Master_Thesis/src/uc1_robot_controllers/src/TPComputation.cpp:67:27:[m[K [01;36m[Knote: [m[K  couldn’t deduce template parameter ‘[01m[K_Scalar[m[K’
   67 |     Eigen::DiagonalMatrix [01;36m[KSS_pinv[m[K;
      |                           [01;36m[K^~~~~~~[m[K
In file included from [01m[K/usr/include/eigen3/Eigen/Core:163[m[K,
                 from [01m[K/usr/include/eigen3/Eigen/Dense:1[m[K,
                 from [01m[K/home/maclab/Documents/ROS_WORKSPACES/WS_Master_Thesis/src/uc1_robot_controllers/include/TPComputation.hpp:6[m[K,
                 from [01m[K/home/maclab/Documents/ROS_WORKSPACES/WS_Master_Thesis/src/uc1_robot_controllers/src/TPComputation.cpp:1[m[K:
[01m[K/usr/include/eigen3/Eigen/src/Core/util/ForwardDeclarations.h:100:101:[m[K [01;36m[Knote: [m[Kcandidate: ‘[01m[Ktemplate<class _Scalar, int SizeAtCompileTime, int MaxSizeAtCompileTime> DiagonalMatrix(Eigen::DiagonalMatrix<_Scalar, SizeAtCompileTime, MaxSizeAtCompileTime>)-> Eigen::DiagonalMatrix<_Scalar, SizeAtCompileTime, MaxSizeAtCompileTime>[m[K’
  100 | template<typename _Scalar, int SizeAtCompileTime, int MaxSizeAtCompileTime=SizeAtCompileTime> class [01;36m[KDiagonalMatrix[m[K;
      |                                                                                                     [01;36m[K^~~~~~~~~~~~~~[m[K
[01m[K/usr/include/eigen3/Eigen/src/Core/util/ForwardDeclarations.h:100:101:[m[K [01;36m[Knote: [m[K  template argument deduction/substitution failed:
[01m[K/home/maclab/Documents/ROS_WORKSPACES/WS_Master_Thesis/src/uc1_robot_controllers/src/TPComputation.cpp:67:27:[m[K [01;36m[Knote: [m[K  candidate expects 1 argument, 0 provided
   67 |     Eigen::DiagonalMatrix [01;36m[KSS_pinv[m[K;
      |                           [01;36m[K^~~~~~~[m[K
[01m[K/home/maclab/Documents/ROS_WORKSPACES/WS_Master_Thesis/src/uc1_robot_controllers/src/TPComputation.cpp:[m[K In member function ‘[01m[KEigen::MatrixXd TPComputation::REG_Pinv(const MatrixXd&)[m[K’:
[01m[K/home/maclab/Documents/ROS_WORKSPACES/WS_Master_Thesis/src/uc1_robot_controllers/src/TPComputation.cpp:67:27:[m[K [01;31m[Kerror: [m[Kclass template argument deduction failed:
   67 |     Eigen::DiagonalMatrix [01;31m[KSS_pinv[m[K;
      |                           [01;31m[K^~~~~~~[m[K
[01m[K/home/maclab/Documents/ROS_WORKSPACES/WS_Master_Thesis/src/uc1_robot_controllers/src/TPComputation.cpp:67:27:[m[K [01;31m[Kerror: [m[Kno matching function for call to ‘[01m[KDiagonalMatrix()[m[K’
In file included from [01m[K/usr/include/eigen3/Eigen/Core:314[m[K,
                 from [01m[K/usr/include/eigen3/Eigen/Dense:1[m[K,
                 from [01m[K/home/maclab/Documents/ROS_WORKSPACES/WS_Master_Thesis/src/uc1_robot_controllers/include/TPComputation.hpp:6[m[K,
                 from [01m[K/home/maclab/Documents/ROS_WORKSPACES/WS_Master_Thesis/src/uc1_robot_controllers/src/TPComputation.cpp:1[m[K:
[01m[K/usr/include/eigen3/Eigen/src/Core/DiagonalMatrix.h:218:21:[m[K [01;36m[Knote: [m[Kcandidate: ‘[01m[Ktemplate<class _Scalar, int SizeAtCompileTime, int MaxSizeAtCompileTime, class OtherDerived> DiagonalMatrix(const Eigen::MatrixBase<OtherDerived>&)-> Eigen::DiagonalMatrix<_Scalar, SizeAtCompileTime, MaxSizeAtCompileTime>[m[K’
  218 |     explicit inline [01;36m[KDiagonalMatrix[m[K(const MatrixBase<OtherDerived>& other) : m_diagonal(other)
      |                     [01;36m[K^~~~~~~~~~~~~~[m[K
[01m[K/usr/include/eigen3/Eigen/src/Core/DiagonalMatrix.h:218:21:[m[K [01;36m[Knote: [m[K  template argument deduction/substitution failed:
[01m[K/home/maclab/Documents/ROS_WORKSPACES/WS_Master_Thesis/src/uc1_robot_controllers/src/TPComputation.cpp:67:27:[m[K [01;36m[Knote: [m[K  candidate expects 1 argument, 0 provided
   67 |     Eigen::DiagonalMatrix [01;36m[KSS_pinv[m[K;
      |                           [01;36m[K^~~~~~~[m[K
In file included from [01m[K/usr/include/eigen3/Eigen/Core:314[m[K,
                 from [01m[K/usr/include/eigen3/Eigen/Dense:1[m[K,
                 from [01m[K/home/maclab/Documents/ROS_WORKSPACES/WS_Master_Thesis/src/uc1_robot_controllers/include/TPComputation.hpp:6[m[K,
                 from [01m[K/home/maclab/Documents/ROS_WORKSPACES/WS_Master_Thesis/src/uc1_robot_controllers/src/TPComputation.cpp:1[m[K:
[01m[K/usr/include/eigen3/Eigen/src/Core/DiagonalMatrix.h:212:12:[m[K [01;36m[Knote: [m[Kcandidate: ‘[01m[Ktemplate<class _Scalar, int SizeAtCompileTime, int MaxSizeAtCompileTime> DiagonalMatrix(const Eigen::DiagonalMatrix<_Scalar, SizeAtCompileTime, MaxSizeAtCompileTime>&)-> Eigen::DiagonalMatrix<_Scalar, SizeAtCompileTime, MaxSizeAtCompileTime>[m[K’
  212 |     inline [01;36m[KDiagonalMatrix[m[K(const DiagonalMatrix& other) : m_diagonal(other.diagonal()) {}
      |            [01;36m[K^~~~~~~~~~~~~~[m[K
[01m[K/usr/include/eigen3/Eigen/src/Core/DiagonalMatrix.h:212:12:[m[K [01;36m[Knote: [m[K  template argument deduction/substitution failed:
[01m[K/home/maclab/Documents/ROS_WORKSPACES/WS_Master_Thesis/src/uc1_robot_controllers/src/TPComputation.cpp:67:27:[m[K [01;36m[Knote: [m[K  candidate expects 1 argument, 0 provided
   67 |     Eigen::DiagonalMatrix [01;36m[KSS_pinv[m[K;
      |                           [01;36m[K^~~~~~~[m[K
In file included from [01m[K/usr/include/eigen3/Eigen/Core:314[m[K,
                 from [01m[K/usr/include/eigen3/Eigen/Dense:1[m[K,
                 from [01m[K/home/maclab/Documents/ROS_WORKSPACES/WS_Master_Thesis/src/uc1_robot_controllers/include/TPComputation.hpp:6[m[K,
                 from [01m[K/home/maclab/Documents/ROS_WORKSPACES/WS_Master_Thesis/src/uc1_robot_controllers/src/TPComputation.cpp:1[m[K:
[01m[K/usr/include/eigen3/Eigen/src/Core/DiagonalMatrix.h:208:12:[m[K [01;36m[Knote: [m[Kcandidate: ‘[01m[Ktemplate<class _Scalar, int SizeAtCompileTime, int MaxSizeAtCompileTime, class OtherDerived> DiagonalMatrix(const Eigen::DiagonalBase<OtherDerived>&)-> Eigen::DiagonalMatrix<_Scalar, SizeAtCompileTime, MaxSizeAtCompileTime>[m[K’
  208 |     inline [01;36m[KDiagonalMatrix[m[K(const DiagonalBase<OtherDerived>& other) : m_diagonal(other.diagonal()) {}
      |            [01;36m[K^~~~~~~~~~~~~~[m[K
[01m[K/usr/include/eigen3/Eigen/src/Core/DiagonalMatrix.h:208:12:[m[K [01;36m[Knote: [m[K  template argument deduction/substitution failed:
[01m[K/home/maclab/Documents/ROS_WORKSPACES/WS_Master_Thesis/src/uc1_robot_controllers/src/TPComputation.cpp:67:27:[m[K [01;36m[Knote: [m[K  candidate expects 1 argument, 0 provided
   67 |     Eigen::DiagonalMatrix [01;36m[KSS_pinv[m[K;
      |                           [01;36m[K^~~~~~~[m[K
In file included from [01m[K/usr/include/eigen3/Eigen/Core:314[m[K,
                 from [01m[K/usr/include/eigen3/Eigen/Dense:1[m[K,
                 from [01m[K/home/maclab/Documents/ROS_WORKSPACES/WS_Master_Thesis/src/uc1_robot_controllers/include/TPComputation.hpp:6[m[K,
                 from [01m[K/home/maclab/Documents/ROS_WORKSPACES/WS_Master_Thesis/src/uc1_robot_controllers/src/TPComputation.cpp:1[m[K:
[01m[K/usr/include/eigen3/Eigen/src/Core/DiagonalMatrix.h:201:34:[m[K [01;36m[Knote: [m[Kcandidate: ‘[01m[Ktemplate<class _Scalar, int SizeAtCompileTime, int MaxSizeAtCompileTime> DiagonalMatrix(const std::initializer_list<std::initializer_list<_Tp> >&)-> Eigen::DiagonalMatrix<_Scalar, SizeAtCompileTime, MaxSizeAtCompileTime>[m[K’
  201 |     explicit EIGEN_STRONG_INLINE [01;36m[KDiagonalMatrix[m[K(const std::initializer_list<std::initializer_list<Scalar>>& list)
      |                                  [01;36m[K^~~~~~~~~~~~~~[m[K
[01m[K/usr/include/eigen3/Eigen/src/Core/DiagonalMatrix.h:201:34:[m[K [01;36m[Knote: [m[K  template argument deduction/substitution failed:
[01m[K/home/maclab/Documents/ROS_WORKSPACES/WS_Master_Thesis/src/uc1_robot_controllers/src/TPComputation.cpp:67:27:[m[K [01;36m[Knote: [m[K  candidate expects 1 argument, 0 provided
   67 |     Eigen::DiagonalMatrix [01;36m[KSS_pinv[m[K;
      |                           [01;36m[K^~~~~~~[m[K
In file included from [01m[K/usr/include/eigen3/Eigen/Core:314[m[K,
                 from [01m[K/usr/include/eigen3/Eigen/Dense:1[m[K,
                 from [01m[K/home/maclab/Documents/ROS_WORKSPACES/WS_Master_Thesis/src/uc1_robot_controllers/include/TPComputation.hpp:6[m[K,
                 from [01m[K/home/maclab/Documents/ROS_WORKSPACES/WS_Master_Thesis/src/uc1_robot_controllers/src/TPComputation.cpp:1[m[K:
[01m[K/usr/include/eigen3/Eigen/src/Core/DiagonalMatrix.h:194:5:[m[K [01;36m[Knote: [m[Kcandidate: ‘[01m[Ktemplate<class _Scalar, int SizeAtCompileTime, int MaxSizeAtCompileTime, class ... ArgTypes> DiagonalMatrix(const _Scalar&, const _Scalar&, const _Scalar&, const ArgTypes& ...)-> Eigen::DiagonalMatrix<_Scalar, SizeAtCompileTime, MaxSizeAtCompileTime>[m[K’
  194 |     [01;36m[KDiagonalMatrix[m[K(const Scalar& a0, const Scalar& a1, const Scalar& a2, const ArgTypes&... args)
      |     [01;36m[K^~~~~~~~~~~~~~[m[K
[01m[K/usr/include/eigen3/Eigen/src/Core/DiagonalMatrix.h:194:5:[m[K [01;36m[Knote: [m[K  template argument deduction/substitution failed:
[01m[K/home/maclab/Documents/ROS_WORKSPACES/WS_Master_Thesis/src/uc1_robot_controllers/src/TPComputation.cpp:67:27:[m[K [01;36m[Knote: [m[K  candidate expects at least 3 arguments, 0 provided
   67 |     Eigen::DiagonalMatrix [01;36m[KSS_pinv[m[K;
      |                           [01;36m[K^~~~~~~[m[K
In file included from [01m[K/usr/include/eigen3/Eigen/Core:314[m[K,
                 from [01m[K/usr/include/eigen3/Eigen/Dense:1[m[K,
                 from [01m[K/home/maclab/Documents/ROS_WORKSPACES/WS_Master_Thesis/src/uc1_robot_controllers/include/TPComputation.hpp:6[m[K,
                 from [01m[K/home/maclab/Documents/ROS_WORKSPACES/WS_Master_Thesis/src/uc1_robot_controllers/src/TPComputation.cpp:1[m[K:
[01m[K/usr/include/eigen3/Eigen/src/Core/DiagonalMatrix.h:179:12:[m[K [01;36m[Knote: [m[Kcandidate: ‘[01m[Ktemplate<class _Scalar, int SizeAtCompileTime, int MaxSizeAtCompileTime> DiagonalMatrix(const _Scalar&, const _Scalar&, const _Scalar&)-> Eigen::DiagonalMatrix<_Scalar, SizeAtCompileTime, MaxSizeAtCompileTime>[m[K’
  179 |     inline [01;36m[KDiagonalMatrix[m[K(const Scalar& x, const Scalar& y, const Scalar& z) : m_diagonal(x,y,z) {}
      |            [01;36m[K^~~~~~~~~~~~~~[m[K
[01m[K/usr/include/eigen3/Eigen/src/Core/DiagonalMatrix.h:179:12:[m[K [01;36m[Knote: [m[K  template argument deduction/substitution failed:
[01m[K/home/maclab/Documents/ROS_WORKSPACES/WS_Master_Thesis/src/uc1_robot_controllers/src/TPComputation.cpp:67:27:[m[K [01;36m[Knote: [m[K  candidate expects 3 arguments, 0 provided
   67 |     Eigen::DiagonalMatrix [01;36m[KSS_pinv[m[K;
      |                           [01;36m[K^~~~~~~[m[K
In file included from [01m[K/usr/include/eigen3/Eigen/Core:314[m[K,
                 from [01m[K/usr/include/eigen3/Eigen/Dense:1[m[K,
                 from [01m[K/home/maclab/Documents/ROS_WORKSPACES/WS_Master_Thesis/src/uc1_robot_controllers/include/TPComputation.hpp:6[m[K,
                 from [01m[K/home/maclab/Documents/ROS_WORKSPACES/WS_Master_Thesis/src/uc1_robot_controllers/src/TPComputation.cpp:1[m[K:
[01m[K/usr/include/eigen3/Eigen/src/Core/DiagonalMatrix.h:175:12:[m[K [01;36m[Knote: [m[Kcandidate: ‘[01m[Ktemplate<class _Scalar, int SizeAtCompileTime, int MaxSizeAtCompileTime> DiagonalMatrix(const _Scalar&, const _Scalar&)-> Eigen::DiagonalMatrix<_Scalar, SizeAtCompileTime, MaxSizeAtCompileTime>[m[K’
  175 |     inline [01;36m[KDiagonalMatrix[m[K(const Scalar& x, const Scalar& y) : m_diagonal(x,y) {}
      |            [01;36m[K^~~~~~~~~~~~~~[m[K
[01m[K/usr/include/eigen3/Eigen/src/Core/DiagonalMatrix.h:175:12:[m[K [01;36m[Knote: [m[K  template argument deduction/substitution failed:
[01m[K/home/maclab/Documents/ROS_WORKSPACES/WS_Master_Thesis/src/uc1_robot_controllers/src/TPComputation.cpp:67:27:[m[K [01;36m[Knote: [m[K  candidate expects 2 arguments, 0 provided
   67 |     Eigen::DiagonalMatrix [01;36m[KSS_pinv[m[K;
      |                           [01;36m[K^~~~~~~[m[K
In file included from [01m[K/usr/include/eigen3/Eigen/Core:314[m[K,
                 from [01m[K/usr/include/eigen3/Eigen/Dense:1[m[K,
                 from [01m[K/home/maclab/Documents/ROS_WORKSPACES/WS_Master_Thesis/src/uc1_robot_controllers/include/TPComputation.hpp:6[m[K,
                 from [01m[K/home/maclab/Documents/ROS_WORKSPACES/WS_Master_Thesis/src/uc1_robot_controllers/src/TPComputation.cpp:1[m[K:
[01m[K/usr/include/eigen3/Eigen/src/Core/DiagonalMatrix.h:171:21:[m[K [01;36m[Knote: [m[Kcandidate: ‘[01m[Ktemplate<class _Scalar, int SizeAtCompileTime, int MaxSizeAtCompileTime> DiagonalMatrix(Eigen::Index)-> Eigen::DiagonalMatrix<_Scalar, SizeAtCompileTime, MaxSizeAtCompileTime>[m[K’
  171 |     explicit inline [01;36m[KDiagonalMatrix[m[K(Index dim) : m_diagonal(dim) {}
      |                     [01;36m[K^~~~~~~~~~~~~~[m[K
[01m[K/usr/include/eigen3/Eigen/src/Core/DiagonalMatrix.h:171:21:[m[K [01;36m[Knote: [m[K  template argument deduction/substitution failed:
[01m[K/home/maclab/Documents/ROS_WORKSPACES/WS_Master_Thesis/src/uc1_robot_controllers/src/TPComputation.cpp:67:27:[m[K [01;36m[Knote: [m[K  candidate expects 1 argument, 0 provided
   67 |     Eigen::DiagonalMatrix [01;36m[KSS_pinv[m[K;
      |                           [01;36m[K^~~~~~~[m[K
In file included from [01m[K/usr/include/eigen3/Eigen/Core:314[m[K,
                 from [01m[K/usr/include/eigen3/Eigen/Dense:1[m[K,
                 from [01m[K/home/maclab/Documents/ROS_WORKSPACES/WS_Master_Thesis/src/uc1_robot_controllers/include/TPComputation.hpp:6[m[K,
                 from [01m[K/home/maclab/Documents/ROS_WORKSPACES/WS_Master_Thesis/src/uc1_robot_controllers/src/TPComputation.cpp:1[m[K:
[01m[K/usr/include/eigen3/Eigen/src/Core/DiagonalMatrix.h:167:12:[m[K [01;36m[Knote: [m[Kcandidate: ‘[01m[Ktemplate<class _Scalar, int SizeAtCompileTime, int MaxSizeAtCompileTime> DiagonalMatrix()-> Eigen::DiagonalMatrix<_Scalar, SizeAtCompileTime, MaxSizeAtCompileTime>[m[K’
  167 |     inline [01;36m[KDiagonalMatrix[m[K() {}
      |            [01;36m[K^~~~~~~~~~~~~~[m[K
[01m[K/usr/include/eigen3/Eigen/src/Core/DiagonalMatrix.h:167:12:[m[K [01;36m[Knote: [m[K  template argument deduction/substitution failed:
[01m[K/home/maclab/Documents/ROS_WORKSPACES/WS_Master_Thesis/src/uc1_robot_controllers/src/TPComputation.cpp:67:27:[m[K [01;36m[Knote: [m[K  couldn’t deduce template parameter ‘[01m[K_Scalar[m[K’
   67 |     Eigen::DiagonalMatrix [01;36m[KSS_pinv[m[K;
      |                           [01;36m[K^~~~~~~[m[K
In file included from [01m[K/usr/include/eigen3/Eigen/Core:163[m[K,
                 from [01m[K/usr/include/eigen3/Eigen/Dense:1[m[K,
                 from [01m[K/home/maclab/Documents/ROS_WORKSPACES/WS_Master_Thesis/src/uc1_robot_controllers/include/TPComputation.hpp:6[m[K,
                 from [01m[K/home/maclab/Documents/ROS_WORKSPACES/WS_Master_Thesis/src/uc1_robot_controllers/src/TPComputation.cpp:1[m[K:
[01m[K/usr/include/eigen3/Eigen/src/Core/util/ForwardDeclarations.h:100:101:[m[K [01;36m[Knote: [m[Kcandidate: ‘[01m[Ktemplate<class _Scalar, int SizeAtCompileTime, int MaxSizeAtCompileTime> DiagonalMatrix(Eigen::DiagonalMatrix<_Scalar, SizeAtCompileTime, MaxSizeAtCompileTime>)-> Eigen::DiagonalMatrix<_Scalar, SizeAtCompileTime, MaxSizeAtCompileTime>[m[K’
  100 | template<typename _Scalar, int SizeAtCompileTime, int MaxSizeAtCompileTime=SizeAtCompileTime> class [01;36m[KDiagonalMatrix[m[K;
      |                                                                                                     [01;36m[K^~~~~~~~~~~~~~[m[K
[01m[K/usr/include/eigen3/Eigen/src/Core/util/ForwardDeclarations.h:100:101:[m[K [01;36m[Knote: [m[K  template argument deduction/substitution failed:
[01m[K/home/maclab/Documents/ROS_WORKSPACES/WS_Master_Thesis/src/uc1_robot_controllers/src/TPComputation.cpp:67:27:[m[K [01;36m[Knote: [m[K  candidate expects 1 argument, 0 provided
   67 |     Eigen::DiagonalMatrix [01;36m[KSS_pinv[m[K;
      |                           [01;36m[K^~~~~~~[m[K
gmake[2]: *** [CMakeFiles/joint-robot-test.dir/build.make:146: CMakeFiles/joint-robot-test.dir/src/TPComputation.cpp.o] Error 1
gmake[1]: *** [CMakeFiles/Makefile2:169: CMakeFiles/joint-robot-test.dir/all] Error 2
gmake[1]: *** Waiting for unfinished jobs....
gmake[2]: *** [CMakeFiles/joint-robot-tp-test.dir/build.make:160: CMakeFiles/joint-robot-tp-test.dir/src/TPComputation.cpp.o] Error 1
gmake[1]: *** [CMakeFiles/Makefile2:195: CMakeFiles/joint-robot-tp-test.dir/all] Error 2
gmake: *** [Makefile:146: all] Error 2
