-- Found ament_cmake: 1.3.12 (/opt/ros/humble/share/ament_cmake/cmake)
-- Found builtin_interfaces: 1.2.2 (/opt/ros/humble/share/builtin_interfaces/cmake)
-- Found rosidl_generator_c: 3.1.7 (/opt/ros/humble/share/rosidl_generator_c/cmake)
-- Found rosidl_adapter: 3.1.7 (/opt/ros/humble/share/rosidl_adapter/cmake)
-- Found rosidl_generator_cpp: 3.1.7 (/opt/ros/humble/share/rosidl_generator_cpp/cmake)
-- Using all available rosidl_typesupport_c: rosidl_typesupport_fastrtps_c;rosidl_typesupport_introspection_c
-- Using all available rosidl_typesupport_cpp: rosidl_typesupport_fastrtps_cpp;rosidl_typesupport_introspection_cpp
-- Found geometry_msgs: 4.9.0 (/opt/ros/humble/share/geometry_msgs/cmake)
-- Found kdl_parser: 2.6.4 (/opt/ros/humble/share/kdl_parser/cmake)
-- Found eigen3_cmake_module: 0.1.1 (/opt/ros/humble/share/eigen3_cmake_module/cmake)
-- Ensuring Eigen3 include directory is part of orocos-kdl CMake target
-- Found rcl_interfaces: 1.2.2 (/opt/ros/humble/share/rcl_interfaces/cmake)
-- Found rclcpp: 16.0.15 (/opt/ros/humble/share/rclcpp/cmake)
-- Found rmw_implementation_cmake: 6.1.2 (/opt/ros/humble/share/rmw_implementation_cmake/cmake)
-- Found rmw_fastrtps_cpp: 6.2.9 (/opt/ros/humble/share/rmw_fastrtps_cpp/cmake)
-- Using RMW implementation 'rmw_fastrtps_cpp' as default
-- Found rclcpp_components: 16.0.15 (/opt/ros/humble/share/rclcpp_components/cmake)
-- Found sensor_msgs: 4.9.0 (/opt/ros/humble/share/sensor_msgs/cmake)
-- Found tf2_ros: 0.25.16 (/opt/ros/humble/share/tf2_ros/cmake)
-- Found urdf: 2.6.1 (/opt/ros/humble/share/urdf/cmake)
-- Found ament_lint_auto: 0.12.14 (/opt/ros/humble/share/ament_lint_auto/cmake)
-- Found python_cmake_module: 0.10.0 (/opt/ros/humble/share/python_cmake_module/cmake)
-- Using PYTHON_EXECUTABLE: /usr/bin/python3
-- Using PYTHON_INCLUDE_DIRS: /usr/include/python3.10
-- Using PYTHON_LIBRARIES: /usr/lib/x86_64-linux-gnu/libpython3.10.so
-- Found gtest sources under '/opt/ros/humble/src/gtest_vendor': C++ tests using 'Google Test' will be built
-- Added test 'copyright' to check source files copyright and LICENSE
-- Added test 'cppcheck' to perform static code analysis on C / C++ code
-- Configured cppcheck include dirs: $<BUILD_INTERFACE:/home/maclab/Documents/ROS_WORKSPACES/WS_Master_Thesis/src/rsp_uc1/include>
-- Configured cppcheck exclude dirs and/or files: 
-- Added test 'cpplint' to check C / C++ code against the Google style
-- Configured cpplint exclude dirs and/or files: 
-- Added test 'flake8' to check Python code syntax and style conventions
-- Added test 'lint_cmake' to check CMake code style
-- Added test 'pep257' to check Python code against some of the docstring style conventions in PEP 257
-- Added test 'uncrustify' to check C / C++ code style
-- Configured uncrustify additional arguments: 
-- Added test 'xmllint' to check XML markup files
-- Configuring done
-- Generating done
-- Build files have been written to: /home/maclab/Documents/ROS_WORKSPACES/WS_Master_Thesis/build/rsp_uc1
/usr/bin/cmake -S/home/maclab/Documents/ROS_WORKSPACES/WS_Master_Thesis/src/rsp_uc1 -B/home/maclab/Documents/ROS_WORKSPACES/WS_Master_Thesis/build/rsp_uc1 --check-build-system CMakeFiles/Makefile.cmake 0
/usr/bin/cmake -E cmake_progress_start /home/maclab/Documents/ROS_WORKSPACES/WS_Master_Thesis/build/rsp_uc1/CMakeFiles /home/maclab/Documents/ROS_WORKSPACES/WS_Master_Thesis/build/rsp_uc1//CMakeFiles/progress.marks
/usr/bin/gmake  -f CMakeFiles/Makefile2 all
gmake[1]: Entering directory '/home/maclab/Documents/ROS_WORKSPACES/WS_Master_Thesis/build/rsp_uc1'
/usr/bin/gmake  -f CMakeFiles/rsp_uc1_node.dir/build.make CMakeFiles/rsp_uc1_node.dir/depend
/usr/bin/gmake  -f CMakeFiles/rsp_uc1.dir/build.make CMakeFiles/rsp_uc1.dir/depend
/usr/bin/gmake  -f gtest/CMakeFiles/gtest.dir/build.make gtest/CMakeFiles/gtest.dir/depend
gmake[2]: Entering directory '/home/maclab/Documents/ROS_WORKSPACES/WS_Master_Thesis/build/rsp_uc1'
gmake[2]: Entering directory '/home/maclab/Documents/ROS_WORKSPACES/WS_Master_Thesis/build/rsp_uc1'
cd /home/maclab/Documents/ROS_WORKSPACES/WS_Master_Thesis/build/rsp_uc1 && /usr/bin/cmake -E cmake_depends "Unix Makefiles" /home/maclab/Documents/ROS_WORKSPACES/WS_Master_Thesis/src/rsp_uc1 /home/maclab/Documents/ROS_WORKSPACES/WS_Master_Thesis/src/rsp_uc1 /home/maclab/Documents/ROS_WORKSPACES/WS_Master_Thesis/build/rsp_uc1 /home/maclab/Documents/ROS_WORKSPACES/WS_Master_Thesis/build/rsp_uc1 /home/maclab/Documents/ROS_WORKSPACES/WS_Master_Thesis/build/rsp_uc1/CMakeFiles/rsp_uc1.dir/DependInfo.cmake --color=
gmake[2]: Entering directory '/home/maclab/Documents/ROS_WORKSPACES/WS_Master_Thesis/build/rsp_uc1'
cd /home/maclab/Documents/ROS_WORKSPACES/WS_Master_Thesis/build/rsp_uc1 && /usr/bin/cmake -E cmake_depends "Unix Makefiles" /home/maclab/Documents/ROS_WORKSPACES/WS_Master_Thesis/src/rsp_uc1 /home/maclab/Documents/ROS_WORKSPACES/WS_Master_Thesis/src/rsp_uc1 /home/maclab/Documents/ROS_WORKSPACES/WS_Master_Thesis/build/rsp_uc1 /home/maclab/Documents/ROS_WORKSPACES/WS_Master_Thesis/build/rsp_uc1 /home/maclab/Documents/ROS_WORKSPACES/WS_Master_Thesis/build/rsp_uc1/CMakeFiles/rsp_uc1_node.dir/DependInfo.cmake --color=
cd /home/maclab/Documents/ROS_WORKSPACES/WS_Master_Thesis/build/rsp_uc1 && /usr/bin/cmake -E cmake_depends "Unix Makefiles" /home/maclab/Documents/ROS_WORKSPACES/WS_Master_Thesis/src/rsp_uc1 /opt/ros/humble/src/gtest_vendor /home/maclab/Documents/ROS_WORKSPACES/WS_Master_Thesis/build/rsp_uc1 /home/maclab/Documents/ROS_WORKSPACES/WS_Master_Thesis/build/rsp_uc1/gtest /home/maclab/Documents/ROS_WORKSPACES/WS_Master_Thesis/build/rsp_uc1/gtest/CMakeFiles/gtest.dir/DependInfo.cmake --color=
Dependencies file "CMakeFiles/rsp_uc1_node.dir/src/rsp_uc1.cpp.o.d" is newer than depends file "/home/maclab/Documents/ROS_WORKSPACES/WS_Master_Thesis/build/rsp_uc1/CMakeFiles/rsp_uc1_node.dir/compiler_depend.internal".
[35m[1mConsolidate compiler generated dependencies of target rsp_uc1_node[0m
Dependencies file "CMakeFiles/rsp_uc1.dir/rclcpp_components/node_main_rsp_uc1.cpp.o.d" is newer than depends file "/home/maclab/Documents/ROS_WORKSPACES/WS_Master_Thesis/build/rsp_uc1/CMakeFiles/rsp_uc1.dir/compiler_depend.internal".
Dependencies file "gtest/CMakeFiles/gtest.dir/src/gtest-all.cc.o.d" is newer than depends file "/home/maclab/Documents/ROS_WORKSPACES/WS_Master_Thesis/build/rsp_uc1/gtest/CMakeFiles/gtest.dir/compiler_depend.internal".
[35m[1mConsolidate compiler generated dependencies of target rsp_uc1[0m
[35m[1mConsolidate compiler generated dependencies of target gtest[0m
gmake[2]: Leaving directory '/home/maclab/Documents/ROS_WORKSPACES/WS_Master_Thesis/build/rsp_uc1'
/usr/bin/gmake  -f CMakeFiles/rsp_uc1_node.dir/build.make CMakeFiles/rsp_uc1_node.dir/build
gmake[2]: Leaving directory '/home/maclab/Documents/ROS_WORKSPACES/WS_Master_Thesis/build/rsp_uc1'
/usr/bin/gmake  -f gtest/CMakeFiles/gtest.dir/build.make gtest/CMakeFiles/gtest.dir/build
gmake[2]: Leaving directory '/home/maclab/Documents/ROS_WORKSPACES/WS_Master_Thesis/build/rsp_uc1'
/usr/bin/gmake  -f CMakeFiles/rsp_uc1.dir/build.make CMakeFiles/rsp_uc1.dir/build
gmake[2]: Entering directory '/home/maclab/Documents/ROS_WORKSPACES/WS_Master_Thesis/build/rsp_uc1'
gmake[2]: Nothing to be done for 'gtest/CMakeFiles/gtest.dir/build'.
gmake[2]: Leaving directory '/home/maclab/Documents/ROS_WORKSPACES/WS_Master_Thesis/build/rsp_uc1'
gmake[2]: Entering directory '/home/maclab/Documents/ROS_WORKSPACES/WS_Master_Thesis/build/rsp_uc1'
gmake[2]: Nothing to be done for 'CMakeFiles/rsp_uc1.dir/build'.
gmake[2]: Leaving directory '/home/maclab/Documents/ROS_WORKSPACES/WS_Master_Thesis/build/rsp_uc1'
gmake[2]: Entering directory '/home/maclab/Documents/ROS_WORKSPACES/WS_Master_Thesis/build/rsp_uc1'
gmake[2]: Nothing to be done for 'CMakeFiles/rsp_uc1_node.dir/build'.
gmake[2]: Leaving directory '/home/maclab/Documents/ROS_WORKSPACES/WS_Master_Thesis/build/rsp_uc1'
[ 12%] Built target gtest
[ 25%] Built target rsp_uc1_node
/usr/bin/gmake  -f CMakeFiles/test_two_links_fixed_joint.dir/build.make CMakeFiles/test_two_links_fixed_joint.dir/depend
/usr/bin/gmake  -f CMakeFiles/test_two_links_fixed_joint_prefix.dir/build.make CMakeFiles/test_two_links_fixed_joint_prefix.dir/depend
[ 37%] Built target rsp_uc1
/usr/bin/gmake  -f CMakeFiles/test_two_links_moving_joint.dir/build.make CMakeFiles/test_two_links_moving_joint.dir/depend
/usr/bin/gmake  -f CMakeFiles/test_two_links_change_fixed_joint.dir/build.make CMakeFiles/test_two_links_change_fixed_joint.dir/depend
/usr/bin/gmake  -f CMakeFiles/test_change_mimic_joint.dir/build.make CMakeFiles/test_change_mimic_joint.dir/depend
gmake[2]: Entering directory '/home/maclab/Documents/ROS_WORKSPACES/WS_Master_Thesis/build/rsp_uc1'
cd /home/maclab/Documents/ROS_WORKSPACES/WS_Master_Thesis/build/rsp_uc1 && /usr/bin/cmake -E cmake_depends "Unix Makefiles" /home/maclab/Documents/ROS_WORKSPACES/WS_Master_Thesis/src/rsp_uc1 /home/maclab/Documents/ROS_WORKSPACES/WS_Master_Thesis/src/rsp_uc1 /home/maclab/Documents/ROS_WORKSPACES/WS_Master_Thesis/build/rsp_uc1 /home/maclab/Documents/ROS_WORKSPACES/WS_Master_Thesis/build/rsp_uc1 /home/maclab/Documents/ROS_WORKSPACES/WS_Master_Thesis/build/rsp_uc1/CMakeFiles/test_two_links_fixed_joint.dir/DependInfo.cmake --color=
gmake[2]: Entering directory '/home/maclab/Documents/ROS_WORKSPACES/WS_Master_Thesis/build/rsp_uc1'
cd /home/maclab/Documents/ROS_WORKSPACES/WS_Master_Thesis/build/rsp_uc1 && /usr/bin/cmake -E cmake_depends "Unix Makefiles" /home/maclab/Documents/ROS_WORKSPACES/WS_Master_Thesis/src/rsp_uc1 /home/maclab/Documents/ROS_WORKSPACES/WS_Master_Thesis/src/rsp_uc1 /home/maclab/Documents/ROS_WORKSPACES/WS_Master_Thesis/build/rsp_uc1 /home/maclab/Documents/ROS_WORKSPACES/WS_Master_Thesis/build/rsp_uc1 /home/maclab/Documents/ROS_WORKSPACES/WS_Master_Thesis/build/rsp_uc1/CMakeFiles/test_two_links_fixed_joint_prefix.dir/DependInfo.cmake --color=
gmake[2]: Entering directory '/home/maclab/Documents/ROS_WORKSPACES/WS_Master_Thesis/build/rsp_uc1'
cd /home/maclab/Documents/ROS_WORKSPACES/WS_Master_Thesis/build/rsp_uc1 && /usr/bin/cmake -E cmake_depends "Unix Makefiles" /home/maclab/Documents/ROS_WORKSPACES/WS_Master_Thesis/src/rsp_uc1 /home/maclab/Documents/ROS_WORKSPACES/WS_Master_Thesis/src/rsp_uc1 /home/maclab/Documents/ROS_WORKSPACES/WS_Master_Thesis/build/rsp_uc1 /home/maclab/Documents/ROS_WORKSPACES/WS_Master_Thesis/build/rsp_uc1 /home/maclab/Documents/ROS_WORKSPACES/WS_Master_Thesis/build/rsp_uc1/CMakeFiles/test_two_links_change_fixed_joint.dir/DependInfo.cmake --color=
gmake[2]: Entering directory '/home/maclab/Documents/ROS_WORKSPACES/WS_Master_Thesis/build/rsp_uc1'
cd /home/maclab/Documents/ROS_WORKSPACES/WS_Master_Thesis/build/rsp_uc1 && /usr/bin/cmake -E cmake_depends "Unix Makefiles" /home/maclab/Documents/ROS_WORKSPACES/WS_Master_Thesis/src/rsp_uc1 /home/maclab/Documents/ROS_WORKSPACES/WS_Master_Thesis/src/rsp_uc1 /home/maclab/Documents/ROS_WORKSPACES/WS_Master_Thesis/build/rsp_uc1 /home/maclab/Documents/ROS_WORKSPACES/WS_Master_Thesis/build/rsp_uc1 /home/maclab/Documents/ROS_WORKSPACES/WS_Master_Thesis/build/rsp_uc1/CMakeFiles/test_two_links_moving_joint.dir/DependInfo.cmake --color=
gmake[2]: Entering directory '/home/maclab/Documents/ROS_WORKSPACES/WS_Master_Thesis/build/rsp_uc1'
cd /home/maclab/Documents/ROS_WORKSPACES/WS_Master_Thesis/build/rsp_uc1 && /usr/bin/cmake -E cmake_depends "Unix Makefiles" /home/maclab/Documents/ROS_WORKSPACES/WS_Master_Thesis/src/rsp_uc1 /home/maclab/Documents/ROS_WORKSPACES/WS_Master_Thesis/src/rsp_uc1 /home/maclab/Documents/ROS_WORKSPACES/WS_Master_Thesis/build/rsp_uc1 /home/maclab/Documents/ROS_WORKSPACES/WS_Master_Thesis/build/rsp_uc1 /home/maclab/Documents/ROS_WORKSPACES/WS_Master_Thesis/build/rsp_uc1/CMakeFiles/test_change_mimic_joint.dir/DependInfo.cmake --color=
Dependencies file "CMakeFiles/test_two_links_fixed_joint.dir/test/test_two_links_fixed_joint.cpp.o.d" is newer than depends file "/home/maclab/Documents/ROS_WORKSPACES/WS_Master_Thesis/build/rsp_uc1/CMakeFiles/test_two_links_fixed_joint.dir/compiler_depend.internal".
[35m[1mConsolidate compiler generated dependencies of target test_two_links_fixed_joint[0m
Dependencies file "CMakeFiles/test_two_links_change_fixed_joint.dir/test/test_two_links_change_fixed_joint.cpp.o.d" is newer than depends file "/home/maclab/Documents/ROS_WORKSPACES/WS_Master_Thesis/build/rsp_uc1/CMakeFiles/test_two_links_change_fixed_joint.dir/compiler_depend.internal".
[35m[1mConsolidate compiler generated dependencies of target test_two_links_change_fixed_joint[0m
Dependencies file "CMakeFiles/test_two_links_fixed_joint_prefix.dir/test/test_two_links_fixed_joint_prefix.cpp.o.d" is newer than depends file "/home/maclab/Documents/ROS_WORKSPACES/WS_Master_Thesis/build/rsp_uc1/CMakeFiles/test_two_links_fixed_joint_prefix.dir/compiler_depend.internal".
Dependencies file "CMakeFiles/test_two_links_moving_joint.dir/test/test_two_links_moving_joint.cpp.o.d" is newer than depends file "/home/maclab/Documents/ROS_WORKSPACES/WS_Master_Thesis/build/rsp_uc1/CMakeFiles/test_two_links_moving_joint.dir/compiler_depend.internal".
gmake[2]: Leaving directory '/home/maclab/Documents/ROS_WORKSPACES/WS_Master_Thesis/build/rsp_uc1'
/usr/bin/gmake  -f CMakeFiles/test_two_links_fixed_joint.dir/build.make CMakeFiles/test_two_links_fixed_joint.dir/build
Dependencies file "CMakeFiles/test_change_mimic_joint.dir/test/test_change_mimic_joint.cpp.o.d" is newer than depends file "/home/maclab/Documents/ROS_WORKSPACES/WS_Master_Thesis/build/rsp_uc1/CMakeFiles/test_change_mimic_joint.dir/compiler_depend.internal".
[35m[1mConsolidate compiler generated dependencies of target test_two_links_fixed_joint_prefix[0m
[35m[1mConsolidate compiler generated dependencies of target test_two_links_moving_joint[0m
[35m[1mConsolidate compiler generated dependencies of target test_change_mimic_joint[0m
gmake[2]: Leaving directory '/home/maclab/Documents/ROS_WORKSPACES/WS_Master_Thesis/build/rsp_uc1'
/usr/bin/gmake  -f CMakeFiles/test_two_links_change_fixed_joint.dir/build.make CMakeFiles/test_two_links_change_fixed_joint.dir/build
gmake[2]: Leaving directory '/home/maclab/Documents/ROS_WORKSPACES/WS_Master_Thesis/build/rsp_uc1'
/usr/bin/gmake  -f CMakeFiles/test_two_links_fixed_joint_prefix.dir/build.make CMakeFiles/test_two_links_fixed_joint_prefix.dir/build
gmake[2]: Leaving directory '/home/maclab/Documents/ROS_WORKSPACES/WS_Master_Thesis/build/rsp_uc1'
/usr/bin/gmake  -f CMakeFiles/test_two_links_moving_joint.dir/build.make CMakeFiles/test_two_links_moving_joint.dir/build
gmake[2]: Leaving directory '/home/maclab/Documents/ROS_WORKSPACES/WS_Master_Thesis/build/rsp_uc1'
/usr/bin/gmake  -f CMakeFiles/test_change_mimic_joint.dir/build.make CMakeFiles/test_change_mimic_joint.dir/build
gmake[2]: Entering directory '/home/maclab/Documents/ROS_WORKSPACES/WS_Master_Thesis/build/rsp_uc1'
gmake[2]: Nothing to be done for 'CMakeFiles/test_two_links_change_fixed_joint.dir/build'.
gmake[2]: Leaving directory '/home/maclab/Documents/ROS_WORKSPACES/WS_Master_Thesis/build/rsp_uc1'
gmake[2]: Entering directory '/home/maclab/Documents/ROS_WORKSPACES/WS_Master_Thesis/build/rsp_uc1'
gmake[2]: Nothing to be done for 'CMakeFiles/test_two_links_fixed_joint.dir/build'.
gmake[2]: Leaving directory '/home/maclab/Documents/ROS_WORKSPACES/WS_Master_Thesis/build/rsp_uc1'
gmake[2]: Entering directory '/home/maclab/Documents/ROS_WORKSPACES/WS_Master_Thesis/build/rsp_uc1'
gmake[2]: Nothing to be done for 'CMakeFiles/test_change_mimic_joint.dir/build'.
gmake[2]: Leaving directory '/home/maclab/Documents/ROS_WORKSPACES/WS_Master_Thesis/build/rsp_uc1'
gmake[2]: Entering directory '/home/maclab/Documents/ROS_WORKSPACES/WS_Master_Thesis/build/rsp_uc1'
gmake[2]: Nothing to be done for 'CMakeFiles/test_two_links_fixed_joint_prefix.dir/build'.
gmake[2]: Leaving directory '/home/maclab/Documents/ROS_WORKSPACES/WS_Master_Thesis/build/rsp_uc1'
gmake[2]: Entering directory '/home/maclab/Documents/ROS_WORKSPACES/WS_Master_Thesis/build/rsp_uc1'
gmake[2]: Nothing to be done for 'CMakeFiles/test_two_links_moving_joint.dir/build'.
gmake[2]: Leaving directory '/home/maclab/Documents/ROS_WORKSPACES/WS_Master_Thesis/build/rsp_uc1'
[ 62%] Built target test_two_links_change_fixed_joint
[ 62%] Built target test_two_links_fixed_joint
[ 75%] Built target test_change_mimic_joint
[ 87%] Built target test_two_links_fixed_joint_prefix
[100%] Built target test_two_links_moving_joint
gmake[1]: Leaving directory '/home/maclab/Documents/ROS_WORKSPACES/WS_Master_Thesis/build/rsp_uc1'
/usr/bin/cmake -E cmake_progress_start /home/maclab/Documents/ROS_WORKSPACES/WS_Master_Thesis/build/rsp_uc1/CMakeFiles 0
-- Install configuration: ""
-- Up-to-date: /home/maclab/Documents/ROS_WORKSPACES/WS_Master_Thesis/install/rsp_uc1/lib/rsp_uc1/rsp_uc1
-- Up-to-date: /home/maclab/Documents/ROS_WORKSPACES/WS_Master_Thesis/install/rsp_uc1/lib/librsp_uc1_node.so
-- Up-to-date: /home/maclab/Documents/ROS_WORKSPACES/WS_Master_Thesis/install/rsp_uc1/include/rsp_uc1
-- Up-to-date: /home/maclab/Documents/ROS_WORKSPACES/WS_Master_Thesis/install/rsp_uc1/include/rsp_uc1/robot_state_publisher
-- Up-to-date: /home/maclab/Documents/ROS_WORKSPACES/WS_Master_Thesis/install/rsp_uc1/include/rsp_uc1/robot_state_publisher/robot_state_publisher.hpp
-- Up-to-date: /home/maclab/Documents/ROS_WORKSPACES/WS_Master_Thesis/install/rsp_uc1/share/rsp_uc1/launch
-- Up-to-date: /home/maclab/Documents/ROS_WORKSPACES/WS_Master_Thesis/install/rsp_uc1/share/rsp_uc1/launch/rsp-launch-xacro-command-subst.xml
-- Up-to-date: /home/maclab/Documents/ROS_WORKSPACES/WS_Master_Thesis/install/rsp_uc1/share/rsp_uc1/launch/rsp-launch-xacro-command-subst.py
-- Up-to-date: /home/maclab/Documents/ROS_WORKSPACES/WS_Master_Thesis/install/rsp_uc1/share/rsp_uc1/launch/rsp-launch-urdf-inline.xml
-- Up-to-date: /home/maclab/Documents/ROS_WORKSPACES/WS_Master_Thesis/install/rsp_uc1/share/rsp_uc1/launch/rsp-launch-urdf-inline.py
-- Up-to-date: /home/maclab/Documents/ROS_WORKSPACES/WS_Master_Thesis/install/rsp_uc1/share/rsp_uc1/launch/rsp-launch-urdf-file1.py
-- Up-to-date: /home/maclab/Documents/ROS_WORKSPACES/WS_Master_Thesis/install/rsp_uc1/share/rsp_uc1/launch/rsp-launch-urdf-file.xml
-- Up-to-date: /home/maclab/Documents/ROS_WORKSPACES/WS_Master_Thesis/install/rsp_uc1/share/rsp_uc1/launch/rsp-launch-xacro-api.py
-- Up-to-date: /home/maclab/Documents/ROS_WORKSPACES/WS_Master_Thesis/install/rsp_uc1/share/rsp_uc1/launch/rsp-launch-xacro-popen.py
-- Up-to-date: /home/maclab/Documents/ROS_WORKSPACES/WS_Master_Thesis/install/rsp_uc1/share/rsp_uc1/launch/rsp-launch-urdf-file2.py
-- Up-to-date: /home/maclab/Documents/ROS_WORKSPACES/WS_Master_Thesis/install/rsp_uc1/share/rsp_uc1/urdf
-- Up-to-date: /home/maclab/Documents/ROS_WORKSPACES/WS_Master_Thesis/install/rsp_uc1/share/rsp_uc1/urdf/test-desc.urdf
-- Up-to-date: /home/maclab/Documents/ROS_WORKSPACES/WS_Master_Thesis/install/rsp_uc1/share/rsp_uc1/urdf/test-desc.urdf.xacro
-- Up-to-date: /home/maclab/Documents/ROS_WORKSPACES/WS_Master_Thesis/install/rsp_uc1/share/ament_index/resource_index/package_run_dependencies/rsp_uc1
-- Up-to-date: /home/maclab/Documents/ROS_WORKSPACES/WS_Master_Thesis/install/rsp_uc1/share/ament_index/resource_index/parent_prefix_path/rsp_uc1
-- Up-to-date: /home/maclab/Documents/ROS_WORKSPACES/WS_Master_Thesis/install/rsp_uc1/share/rsp_uc1/environment/ament_prefix_path.sh
-- Installing: /home/maclab/Documents/ROS_WORKSPACES/WS_Master_Thesis/install/rsp_uc1/share/rsp_uc1/environment/ament_prefix_path.dsv
-- Up-to-date: /home/maclab/Documents/ROS_WORKSPACES/WS_Master_Thesis/install/rsp_uc1/share/rsp_uc1/environment/path.sh
-- Installing: /home/maclab/Documents/ROS_WORKSPACES/WS_Master_Thesis/install/rsp_uc1/share/rsp_uc1/environment/path.dsv
-- Up-to-date: /home/maclab/Documents/ROS_WORKSPACES/WS_Master_Thesis/install/rsp_uc1/share/rsp_uc1/local_setup.bash
-- Up-to-date: /home/maclab/Documents/ROS_WORKSPACES/WS_Master_Thesis/install/rsp_uc1/share/rsp_uc1/local_setup.sh
-- Up-to-date: /home/maclab/Documents/ROS_WORKSPACES/WS_Master_Thesis/install/rsp_uc1/share/rsp_uc1/local_setup.zsh
-- Installing: /home/maclab/Documents/ROS_WORKSPACES/WS_Master_Thesis/install/rsp_uc1/share/rsp_uc1/local_setup.dsv
-- Installing: /home/maclab/Documents/ROS_WORKSPACES/WS_Master_Thesis/install/rsp_uc1/share/rsp_uc1/package.dsv
-- Up-to-date: /home/maclab/Documents/ROS_WORKSPACES/WS_Master_Thesis/install/rsp_uc1/share/ament_index/resource_index/packages/rsp_uc1
-- Up-to-date: /home/maclab/Documents/ROS_WORKSPACES/WS_Master_Thesis/install/rsp_uc1/share/rsp_uc1/cmake/export_rsp_uc1_nodeExport.cmake
-- Up-to-date: /home/maclab/Documents/ROS_WORKSPACES/WS_Master_Thesis/install/rsp_uc1/share/rsp_uc1/cmake/export_rsp_uc1_nodeExport-noconfig.cmake
-- Up-to-date: /home/maclab/Documents/ROS_WORKSPACES/WS_Master_Thesis/install/rsp_uc1/share/ament_index/resource_index/rclcpp_components/rsp_uc1
-- Up-to-date: /home/maclab/Documents/ROS_WORKSPACES/WS_Master_Thesis/install/rsp_uc1/share/rsp_uc1/cmake/ament_cmake_export_targets-extras.cmake
-- Up-to-date: /home/maclab/Documents/ROS_WORKSPACES/WS_Master_Thesis/install/rsp_uc1/share/rsp_uc1/cmake/ament_cmake_export_dependencies-extras.cmake
-- Up-to-date: /home/maclab/Documents/ROS_WORKSPACES/WS_Master_Thesis/install/rsp_uc1/share/rsp_uc1/cmake/rsp_uc1Config.cmake
-- Up-to-date: /home/maclab/Documents/ROS_WORKSPACES/WS_Master_Thesis/install/rsp_uc1/share/rsp_uc1/cmake/rsp_uc1Config-version.cmake
-- Up-to-date: /home/maclab/Documents/ROS_WORKSPACES/WS_Master_Thesis/install/rsp_uc1/share/rsp_uc1/package.xml
