[0.015s] Invoking command in '/home/maclab/Documents/ROS_WORKSPACES/WS_Master_Thesis/build/rsp_uc1': CMAKE_PREFIX_PATH=/opt/ros/humble /usr/bin/cmake /home/maclab/Documents/ROS_WORKSPACES/WS_Master_Thesis/src/rsp_uc1 -DCMAKE_INSTALL_PREFIX=/home/maclab/Documents/ROS_WORKSPACES/WS_Master_Thesis/install/rsp_uc1
[0.032s] -- Found ament_cmake: 1.3.12 (/opt/ros/humble/share/ament_cmake/cmake)
[0.101s] -- Found builtin_interfaces: 1.2.2 (/opt/ros/humble/share/builtin_interfaces/cmake)
[0.118s] -- Found rosidl_generator_c: 3.1.7 (/opt/ros/humble/share/rosidl_generator_c/cmake)
[0.120s] -- Found rosidl_adapter: 3.1.7 (/opt/ros/humble/share/rosidl_adapter/cmake)
[0.125s] -- Found rosidl_generator_cpp: 3.1.7 (/opt/ros/humble/share/rosidl_generator_cpp/cmake)
[0.131s] -- Using all available rosidl_typesupport_c: rosidl_typesupport_fastrtps_c;rosidl_typesupport_introspection_c
[0.140s] -- Using all available rosidl_typesupport_cpp: rosidl_typesupport_fastrtps_cpp;rosidl_typesupport_introspection_cpp
[0.148s] -- Found geometry_msgs: 4.9.0 (/opt/ros/humble/share/geometry_msgs/cmake)
[0.166s] -- Found kdl_parser: 2.6.4 (/opt/ros/humble/share/kdl_parser/cmake)
[0.167s] -- Found eigen3_cmake_module: 0.1.1 (/opt/ros/humble/share/eigen3_cmake_module/cmake)
[0.168s] -- Ensuring Eigen3 include directory is part of orocos-kdl CMake target
[0.170s] -- Found rcl_interfaces: 1.2.2 (/opt/ros/humble/share/rcl_interfaces/cmake)
[0.178s] -- Found rclcpp: 16.0.15 (/opt/ros/humble/share/rclcpp/cmake)
[0.189s] -- Found rmw_implementation_cmake: 6.1.2 (/opt/ros/humble/share/rmw_implementation_cmake/cmake)
[0.189s] -- Found rmw_fastrtps_cpp: 6.2.9 (/opt/ros/humble/share/rmw_fastrtps_cpp/cmake)
[0.253s] -- Using RMW implementation 'rmw_fastrtps_cpp' as default
[0.271s] -- Found rclcpp_components: 16.0.15 (/opt/ros/humble/share/rclcpp_components/cmake)
[0.279s] -- Found sensor_msgs: 4.9.0 (/opt/ros/humble/share/sensor_msgs/cmake)
[0.286s] -- Found tf2_ros: 0.25.16 (/opt/ros/humble/share/tf2_ros/cmake)
[0.315s] -- Found urdf: 2.6.1 (/opt/ros/humble/share/urdf/cmake)
[0.327s] -- Found ament_lint_auto: 0.12.14 (/opt/ros/humble/share/ament_lint_auto/cmake)
[0.370s] -- Found python_cmake_module: 0.10.0 (/opt/ros/humble/share/python_cmake_module/cmake)
[0.385s] -- Using PYTHON_EXECUTABLE: /usr/bin/python3
[0.385s] -- Using PYTHON_INCLUDE_DIRS: /usr/include/python3.10
[0.385s] -- Using PYTHON_LIBRARIES: /usr/lib/x86_64-linux-gnu/libpython3.10.so
[0.386s] -- Found gtest sources under '/opt/ros/humble/src/gtest_vendor': C++ tests using 'Google Test' will be built
[0.393s] -- Added test 'copyright' to check source files copyright and LICENSE
[0.395s] -- Added test 'cppcheck' to perform static code analysis on C / C++ code
[0.395s] -- Configured cppcheck include dirs: $<BUILD_INTERFACE:/home/maclab/Documents/ROS_WORKSPACES/WS_Master_Thesis/src/rsp_uc1/include>
[0.395s] -- Configured cppcheck exclude dirs and/or files: 
[0.396s] -- Added test 'cpplint' to check C / C++ code against the Google style
[0.396s] -- Configured cpplint exclude dirs and/or files: 
[0.396s] -- Added test 'flake8' to check Python code syntax and style conventions
[0.396s] -- Added test 'lint_cmake' to check CMake code style
[0.397s] -- Added test 'pep257' to check Python code against some of the docstring style conventions in PEP 257
[0.398s] -- Added test 'uncrustify' to check C / C++ code style
[0.398s] -- Configured uncrustify additional arguments: 
[0.398s] -- Added test 'xmllint' to check XML markup files
[0.399s] -- Configuring done
[0.424s] -- Generating done
[0.434s] -- Build files have been written to: /home/maclab/Documents/ROS_WORKSPACES/WS_Master_Thesis/build/rsp_uc1
[0.442s] Invoked command in '/home/maclab/Documents/ROS_WORKSPACES/WS_Master_Thesis/build/rsp_uc1' returned '0': CMAKE_PREFIX_PATH=/opt/ros/humble /usr/bin/cmake /home/maclab/Documents/ROS_WORKSPACES/WS_Master_Thesis/src/rsp_uc1 -DCMAKE_INSTALL_PREFIX=/home/maclab/Documents/ROS_WORKSPACES/WS_Master_Thesis/install/rsp_uc1
[0.443s] Invoking command in '/home/maclab/Documents/ROS_WORKSPACES/WS_Master_Thesis/build/rsp_uc1': CMAKE_PREFIX_PATH=/opt/ros/humble /usr/bin/cmake --build /home/maclab/Documents/ROS_WORKSPACES/WS_Master_Thesis/build/rsp_uc1 -- -j32 -l32
[0.451s] /usr/bin/cmake -S/home/maclab/Documents/ROS_WORKSPACES/WS_Master_Thesis/src/rsp_uc1 -B/home/maclab/Documents/ROS_WORKSPACES/WS_Master_Thesis/build/rsp_uc1 --check-build-system CMakeFiles/Makefile.cmake 0
[0.456s] /usr/bin/cmake -E cmake_progress_start /home/maclab/Documents/ROS_WORKSPACES/WS_Master_Thesis/build/rsp_uc1/CMakeFiles /home/maclab/Documents/ROS_WORKSPACES/WS_Master_Thesis/build/rsp_uc1//CMakeFiles/progress.marks
[0.461s] /usr/bin/gmake  -f CMakeFiles/Makefile2 all
[0.462s] gmake[1]: Entering directory '/home/maclab/Documents/ROS_WORKSPACES/WS_Master_Thesis/build/rsp_uc1'
[0.462s] /usr/bin/gmake  -f CMakeFiles/rsp_uc1_node.dir/build.make CMakeFiles/rsp_uc1_node.dir/depend
[0.462s] /usr/bin/gmake  -f CMakeFiles/rsp_uc1.dir/build.make CMakeFiles/rsp_uc1.dir/depend
[0.462s] /usr/bin/gmake  -f gtest/CMakeFiles/gtest.dir/build.make gtest/CMakeFiles/gtest.dir/depend
[0.463s] gmake[2]: Entering directory '/home/maclab/Documents/ROS_WORKSPACES/WS_Master_Thesis/build/rsp_uc1'
[0.463s] gmake[2]: Entering directory '/home/maclab/Documents/ROS_WORKSPACES/WS_Master_Thesis/build/rsp_uc1'
[0.463s] cd /home/maclab/Documents/ROS_WORKSPACES/WS_Master_Thesis/build/rsp_uc1 && /usr/bin/cmake -E cmake_depends "Unix Makefiles" /home/maclab/Documents/ROS_WORKSPACES/WS_Master_Thesis/src/rsp_uc1 /home/maclab/Documents/ROS_WORKSPACES/WS_Master_Thesis/src/rsp_uc1 /home/maclab/Documents/ROS_WORKSPACES/WS_Master_Thesis/build/rsp_uc1 /home/maclab/Documents/ROS_WORKSPACES/WS_Master_Thesis/build/rsp_uc1 /home/maclab/Documents/ROS_WORKSPACES/WS_Master_Thesis/build/rsp_uc1/CMakeFiles/rsp_uc1.dir/DependInfo.cmake --color=
[0.463s] gmake[2]: Entering directory '/home/maclab/Documents/ROS_WORKSPACES/WS_Master_Thesis/build/rsp_uc1'
[0.463s] cd /home/maclab/Documents/ROS_WORKSPACES/WS_Master_Thesis/build/rsp_uc1 && /usr/bin/cmake -E cmake_depends "Unix Makefiles" /home/maclab/Documents/ROS_WORKSPACES/WS_Master_Thesis/src/rsp_uc1 /home/maclab/Documents/ROS_WORKSPACES/WS_Master_Thesis/src/rsp_uc1 /home/maclab/Documents/ROS_WORKSPACES/WS_Master_Thesis/build/rsp_uc1 /home/maclab/Documents/ROS_WORKSPACES/WS_Master_Thesis/build/rsp_uc1 /home/maclab/Documents/ROS_WORKSPACES/WS_Master_Thesis/build/rsp_uc1/CMakeFiles/rsp_uc1_node.dir/DependInfo.cmake --color=
[0.463s] cd /home/maclab/Documents/ROS_WORKSPACES/WS_Master_Thesis/build/rsp_uc1 && /usr/bin/cmake -E cmake_depends "Unix Makefiles" /home/maclab/Documents/ROS_WORKSPACES/WS_Master_Thesis/src/rsp_uc1 /opt/ros/humble/src/gtest_vendor /home/maclab/Documents/ROS_WORKSPACES/WS_Master_Thesis/build/rsp_uc1 /home/maclab/Documents/ROS_WORKSPACES/WS_Master_Thesis/build/rsp_uc1/gtest /home/maclab/Documents/ROS_WORKSPACES/WS_Master_Thesis/build/rsp_uc1/gtest/CMakeFiles/gtest.dir/DependInfo.cmake --color=
[0.466s] Dependencies file "CMakeFiles/rsp_uc1_node.dir/src/rsp_uc1.cpp.o.d" is newer than depends file "/home/maclab/Documents/ROS_WORKSPACES/WS_Master_Thesis/build/rsp_uc1/CMakeFiles/rsp_uc1_node.dir/compiler_depend.internal".
[0.467s] [35m[1mConsolidate compiler generated dependencies of target rsp_uc1_node[0m
[0.468s] Dependencies file "CMakeFiles/rsp_uc1.dir/rclcpp_components/node_main_rsp_uc1.cpp.o.d" is newer than depends file "/home/maclab/Documents/ROS_WORKSPACES/WS_Master_Thesis/build/rsp_uc1/CMakeFiles/rsp_uc1.dir/compiler_depend.internal".
[0.468s] Dependencies file "gtest/CMakeFiles/gtest.dir/src/gtest-all.cc.o.d" is newer than depends file "/home/maclab/Documents/ROS_WORKSPACES/WS_Master_Thesis/build/rsp_uc1/gtest/CMakeFiles/gtest.dir/compiler_depend.internal".
[0.468s] [35m[1mConsolidate compiler generated dependencies of target rsp_uc1[0m
[0.468s] [35m[1mConsolidate compiler generated dependencies of target gtest[0m
[0.468s] gmake[2]: Leaving directory '/home/maclab/Documents/ROS_WORKSPACES/WS_Master_Thesis/build/rsp_uc1'
[0.468s] /usr/bin/gmake  -f CMakeFiles/rsp_uc1_node.dir/build.make CMakeFiles/rsp_uc1_node.dir/build
[0.469s] gmake[2]: Leaving directory '/home/maclab/Documents/ROS_WORKSPACES/WS_Master_Thesis/build/rsp_uc1'
[0.469s] /usr/bin/gmake  -f gtest/CMakeFiles/gtest.dir/build.make gtest/CMakeFiles/gtest.dir/build
[0.469s] gmake[2]: Leaving directory '/home/maclab/Documents/ROS_WORKSPACES/WS_Master_Thesis/build/rsp_uc1'
[0.469s] /usr/bin/gmake  -f CMakeFiles/rsp_uc1.dir/build.make CMakeFiles/rsp_uc1.dir/build
[0.470s] gmake[2]: Entering directory '/home/maclab/Documents/ROS_WORKSPACES/WS_Master_Thesis/build/rsp_uc1'
[0.471s] gmake[2]: Nothing to be done for 'gtest/CMakeFiles/gtest.dir/build'.
[0.471s] gmake[2]: Leaving directory '/home/maclab/Documents/ROS_WORKSPACES/WS_Master_Thesis/build/rsp_uc1'
[0.472s] gmake[2]: Entering directory '/home/maclab/Documents/ROS_WORKSPACES/WS_Master_Thesis/build/rsp_uc1'
[0.472s] gmake[2]: Nothing to be done for 'CMakeFiles/rsp_uc1.dir/build'.
[0.472s] gmake[2]: Leaving directory '/home/maclab/Documents/ROS_WORKSPACES/WS_Master_Thesis/build/rsp_uc1'
[0.472s] gmake[2]: Entering directory '/home/maclab/Documents/ROS_WORKSPACES/WS_Master_Thesis/build/rsp_uc1'
[0.472s] gmake[2]: Nothing to be done for 'CMakeFiles/rsp_uc1_node.dir/build'.
[0.472s] gmake[2]: Leaving directory '/home/maclab/Documents/ROS_WORKSPACES/WS_Master_Thesis/build/rsp_uc1'
[0.475s] [ 12%] Built target gtest
[0.476s] [ 25%] Built target rsp_uc1_node
[0.476s] /usr/bin/gmake  -f CMakeFiles/test_two_links_fixed_joint.dir/build.make CMakeFiles/test_two_links_fixed_joint.dir/depend
[0.476s] /usr/bin/gmake  -f CMakeFiles/test_two_links_fixed_joint_prefix.dir/build.make CMakeFiles/test_two_links_fixed_joint_prefix.dir/depend
[0.476s] [ 37%] Built target rsp_uc1
[0.476s] /usr/bin/gmake  -f CMakeFiles/test_two_links_moving_joint.dir/build.make CMakeFiles/test_two_links_moving_joint.dir/depend
[0.476s] /usr/bin/gmake  -f CMakeFiles/test_two_links_change_fixed_joint.dir/build.make CMakeFiles/test_two_links_change_fixed_joint.dir/depend
[0.476s] /usr/bin/gmake  -f CMakeFiles/test_change_mimic_joint.dir/build.make CMakeFiles/test_change_mimic_joint.dir/depend
[0.477s] gmake[2]: Entering directory '/home/maclab/Documents/ROS_WORKSPACES/WS_Master_Thesis/build/rsp_uc1'
[0.477s] cd /home/maclab/Documents/ROS_WORKSPACES/WS_Master_Thesis/build/rsp_uc1 && /usr/bin/cmake -E cmake_depends "Unix Makefiles" /home/maclab/Documents/ROS_WORKSPACES/WS_Master_Thesis/src/rsp_uc1 /home/maclab/Documents/ROS_WORKSPACES/WS_Master_Thesis/src/rsp_uc1 /home/maclab/Documents/ROS_WORKSPACES/WS_Master_Thesis/build/rsp_uc1 /home/maclab/Documents/ROS_WORKSPACES/WS_Master_Thesis/build/rsp_uc1 /home/maclab/Documents/ROS_WORKSPACES/WS_Master_Thesis/build/rsp_uc1/CMakeFiles/test_two_links_fixed_joint.dir/DependInfo.cmake --color=
[0.477s] gmake[2]: Entering directory '/home/maclab/Documents/ROS_WORKSPACES/WS_Master_Thesis/build/rsp_uc1'
[0.477s] cd /home/maclab/Documents/ROS_WORKSPACES/WS_Master_Thesis/build/rsp_uc1 && /usr/bin/cmake -E cmake_depends "Unix Makefiles" /home/maclab/Documents/ROS_WORKSPACES/WS_Master_Thesis/src/rsp_uc1 /home/maclab/Documents/ROS_WORKSPACES/WS_Master_Thesis/src/rsp_uc1 /home/maclab/Documents/ROS_WORKSPACES/WS_Master_Thesis/build/rsp_uc1 /home/maclab/Documents/ROS_WORKSPACES/WS_Master_Thesis/build/rsp_uc1 /home/maclab/Documents/ROS_WORKSPACES/WS_Master_Thesis/build/rsp_uc1/CMakeFiles/test_two_links_fixed_joint_prefix.dir/DependInfo.cmake --color=
[0.477s] gmake[2]: Entering directory '/home/maclab/Documents/ROS_WORKSPACES/WS_Master_Thesis/build/rsp_uc1'
[0.477s] cd /home/maclab/Documents/ROS_WORKSPACES/WS_Master_Thesis/build/rsp_uc1 && /usr/bin/cmake -E cmake_depends "Unix Makefiles" /home/maclab/Documents/ROS_WORKSPACES/WS_Master_Thesis/src/rsp_uc1 /home/maclab/Documents/ROS_WORKSPACES/WS_Master_Thesis/src/rsp_uc1 /home/maclab/Documents/ROS_WORKSPACES/WS_Master_Thesis/build/rsp_uc1 /home/maclab/Documents/ROS_WORKSPACES/WS_Master_Thesis/build/rsp_uc1 /home/maclab/Documents/ROS_WORKSPACES/WS_Master_Thesis/build/rsp_uc1/CMakeFiles/test_two_links_change_fixed_joint.dir/DependInfo.cmake --color=
[0.477s] gmake[2]: Entering directory '/home/maclab/Documents/ROS_WORKSPACES/WS_Master_Thesis/build/rsp_uc1'
[0.477s] cd /home/maclab/Documents/ROS_WORKSPACES/WS_Master_Thesis/build/rsp_uc1 && /usr/bin/cmake -E cmake_depends "Unix Makefiles" /home/maclab/Documents/ROS_WORKSPACES/WS_Master_Thesis/src/rsp_uc1 /home/maclab/Documents/ROS_WORKSPACES/WS_Master_Thesis/src/rsp_uc1 /home/maclab/Documents/ROS_WORKSPACES/WS_Master_Thesis/build/rsp_uc1 /home/maclab/Documents/ROS_WORKSPACES/WS_Master_Thesis/build/rsp_uc1 /home/maclab/Documents/ROS_WORKSPACES/WS_Master_Thesis/build/rsp_uc1/CMakeFiles/test_two_links_moving_joint.dir/DependInfo.cmake --color=
[0.477s] gmake[2]: Entering directory '/home/maclab/Documents/ROS_WORKSPACES/WS_Master_Thesis/build/rsp_uc1'
[0.477s] cd /home/maclab/Documents/ROS_WORKSPACES/WS_Master_Thesis/build/rsp_uc1 && /usr/bin/cmake -E cmake_depends "Unix Makefiles" /home/maclab/Documents/ROS_WORKSPACES/WS_Master_Thesis/src/rsp_uc1 /home/maclab/Documents/ROS_WORKSPACES/WS_Master_Thesis/src/rsp_uc1 /home/maclab/Documents/ROS_WORKSPACES/WS_Master_Thesis/build/rsp_uc1 /home/maclab/Documents/ROS_WORKSPACES/WS_Master_Thesis/build/rsp_uc1 /home/maclab/Documents/ROS_WORKSPACES/WS_Master_Thesis/build/rsp_uc1/CMakeFiles/test_change_mimic_joint.dir/DependInfo.cmake --color=
[0.480s] Dependencies file "CMakeFiles/test_two_links_fixed_joint.dir/test/test_two_links_fixed_joint.cpp.o.d" is newer than depends file "/home/maclab/Documents/ROS_WORKSPACES/WS_Master_Thesis/build/rsp_uc1/CMakeFiles/test_two_links_fixed_joint.dir/compiler_depend.internal".
[0.480s] [35m[1mConsolidate compiler generated dependencies of target test_two_links_fixed_joint[0m
[0.481s] Dependencies file "CMakeFiles/test_two_links_change_fixed_joint.dir/test/test_two_links_change_fixed_joint.cpp.o.d" is newer than depends file "/home/maclab/Documents/ROS_WORKSPACES/WS_Master_Thesis/build/rsp_uc1/CMakeFiles/test_two_links_change_fixed_joint.dir/compiler_depend.internal".
[0.481s] [35m[1mConsolidate compiler generated dependencies of target test_two_links_change_fixed_joint[0m
[0.482s] Dependencies file "CMakeFiles/test_two_links_fixed_joint_prefix.dir/test/test_two_links_fixed_joint_prefix.cpp.o.d" is newer than depends file "/home/maclab/Documents/ROS_WORKSPACES/WS_Master_Thesis/build/rsp_uc1/CMakeFiles/test_two_links_fixed_joint_prefix.dir/compiler_depend.internal".
[0.482s] Dependencies file "CMakeFiles/test_two_links_moving_joint.dir/test/test_two_links_moving_joint.cpp.o.d" is newer than depends file "/home/maclab/Documents/ROS_WORKSPACES/WS_Master_Thesis/build/rsp_uc1/CMakeFiles/test_two_links_moving_joint.dir/compiler_depend.internal".
[0.482s] gmake[2]: Leaving directory '/home/maclab/Documents/ROS_WORKSPACES/WS_Master_Thesis/build/rsp_uc1'
[0.482s] /usr/bin/gmake  -f CMakeFiles/test_two_links_fixed_joint.dir/build.make CMakeFiles/test_two_links_fixed_joint.dir/build
[0.482s] Dependencies file "CMakeFiles/test_change_mimic_joint.dir/test/test_change_mimic_joint.cpp.o.d" is newer than depends file "/home/maclab/Documents/ROS_WORKSPACES/WS_Master_Thesis/build/rsp_uc1/CMakeFiles/test_change_mimic_joint.dir/compiler_depend.internal".
[0.482s] [35m[1mConsolidate compiler generated dependencies of target test_two_links_fixed_joint_prefix[0m
[0.482s] [35m[1mConsolidate compiler generated dependencies of target test_two_links_moving_joint[0m
[0.482s] [35m[1mConsolidate compiler generated dependencies of target test_change_mimic_joint[0m
[0.482s] gmake[2]: Leaving directory '/home/maclab/Documents/ROS_WORKSPACES/WS_Master_Thesis/build/rsp_uc1'
[0.483s] /usr/bin/gmake  -f CMakeFiles/test_two_links_change_fixed_joint.dir/build.make CMakeFiles/test_two_links_change_fixed_joint.dir/build
[0.484s] gmake[2]: Leaving directory '/home/maclab/Documents/ROS_WORKSPACES/WS_Master_Thesis/build/rsp_uc1'
[0.484s] /usr/bin/gmake  -f CMakeFiles/test_two_links_fixed_joint_prefix.dir/build.make CMakeFiles/test_two_links_fixed_joint_prefix.dir/build
[0.484s] gmake[2]: Leaving directory '/home/maclab/Documents/ROS_WORKSPACES/WS_Master_Thesis/build/rsp_uc1'
[0.484s] /usr/bin/gmake  -f CMakeFiles/test_two_links_moving_joint.dir/build.make CMakeFiles/test_two_links_moving_joint.dir/build
[0.484s] gmake[2]: Leaving directory '/home/maclab/Documents/ROS_WORKSPACES/WS_Master_Thesis/build/rsp_uc1'
[0.484s] /usr/bin/gmake  -f CMakeFiles/test_change_mimic_joint.dir/build.make CMakeFiles/test_change_mimic_joint.dir/build
[0.485s] gmake[2]: Entering directory '/home/maclab/Documents/ROS_WORKSPACES/WS_Master_Thesis/build/rsp_uc1'
[0.485s] gmake[2]: Nothing to be done for 'CMakeFiles/test_two_links_change_fixed_joint.dir/build'.
[0.485s] gmake[2]: Leaving directory '/home/maclab/Documents/ROS_WORKSPACES/WS_Master_Thesis/build/rsp_uc1'
[0.485s] gmake[2]: Entering directory '/home/maclab/Documents/ROS_WORKSPACES/WS_Master_Thesis/build/rsp_uc1'
[0.485s] gmake[2]: Nothing to be done for 'CMakeFiles/test_two_links_fixed_joint.dir/build'.
[0.485s] gmake[2]: Leaving directory '/home/maclab/Documents/ROS_WORKSPACES/WS_Master_Thesis/build/rsp_uc1'
[0.487s] gmake[2]: Entering directory '/home/maclab/Documents/ROS_WORKSPACES/WS_Master_Thesis/build/rsp_uc1'
[0.487s] gmake[2]: Nothing to be done for 'CMakeFiles/test_change_mimic_joint.dir/build'.
[0.487s] gmake[2]: Leaving directory '/home/maclab/Documents/ROS_WORKSPACES/WS_Master_Thesis/build/rsp_uc1'
[0.487s] gmake[2]: Entering directory '/home/maclab/Documents/ROS_WORKSPACES/WS_Master_Thesis/build/rsp_uc1'
[0.487s] gmake[2]: Nothing to be done for 'CMakeFiles/test_two_links_fixed_joint_prefix.dir/build'.
[0.488s] gmake[2]: Leaving directory '/home/maclab/Documents/ROS_WORKSPACES/WS_Master_Thesis/build/rsp_uc1'
[0.488s] gmake[2]: Entering directory '/home/maclab/Documents/ROS_WORKSPACES/WS_Master_Thesis/build/rsp_uc1'
[0.488s] gmake[2]: Nothing to be done for 'CMakeFiles/test_two_links_moving_joint.dir/build'.
[0.488s] gmake[2]: Leaving directory '/home/maclab/Documents/ROS_WORKSPACES/WS_Master_Thesis/build/rsp_uc1'
[0.490s] [ 62%] Built target test_two_links_change_fixed_joint
[0.490s] [ 62%] Built target test_two_links_fixed_joint
[0.491s] [ 75%] Built target test_change_mimic_joint
[0.492s] [ 87%] Built target test_two_links_fixed_joint_prefix
[0.492s] [100%] Built target test_two_links_moving_joint
[0.493s] gmake[1]: Leaving directory '/home/maclab/Documents/ROS_WORKSPACES/WS_Master_Thesis/build/rsp_uc1'
[0.493s] /usr/bin/cmake -E cmake_progress_start /home/maclab/Documents/ROS_WORKSPACES/WS_Master_Thesis/build/rsp_uc1/CMakeFiles 0
[0.499s] Invoked command in '/home/maclab/Documents/ROS_WORKSPACES/WS_Master_Thesis/build/rsp_uc1' returned '0': CMAKE_PREFIX_PATH=/opt/ros/humble /usr/bin/cmake --build /home/maclab/Documents/ROS_WORKSPACES/WS_Master_Thesis/build/rsp_uc1 -- -j32 -l32
[0.500s] Invoking command in '/home/maclab/Documents/ROS_WORKSPACES/WS_Master_Thesis/build/rsp_uc1': CMAKE_PREFIX_PATH=/opt/ros/humble /usr/bin/cmake --install /home/maclab/Documents/ROS_WORKSPACES/WS_Master_Thesis/build/rsp_uc1
[0.503s] -- Install configuration: ""
[0.503s] -- Up-to-date: /home/maclab/Documents/ROS_WORKSPACES/WS_Master_Thesis/install/rsp_uc1/lib/rsp_uc1/rsp_uc1
[0.503s] -- Up-to-date: /home/maclab/Documents/ROS_WORKSPACES/WS_Master_Thesis/install/rsp_uc1/lib/librsp_uc1_node.so
[0.503s] -- Up-to-date: /home/maclab/Documents/ROS_WORKSPACES/WS_Master_Thesis/install/rsp_uc1/include/rsp_uc1
[0.503s] -- Up-to-date: /home/maclab/Documents/ROS_WORKSPACES/WS_Master_Thesis/install/rsp_uc1/include/rsp_uc1/robot_state_publisher
[0.503s] -- Up-to-date: /home/maclab/Documents/ROS_WORKSPACES/WS_Master_Thesis/install/rsp_uc1/include/rsp_uc1/robot_state_publisher/robot_state_publisher.hpp
[0.503s] -- Up-to-date: /home/maclab/Documents/ROS_WORKSPACES/WS_Master_Thesis/install/rsp_uc1/share/rsp_uc1/launch
[0.503s] -- Up-to-date: /home/maclab/Documents/ROS_WORKSPACES/WS_Master_Thesis/install/rsp_uc1/share/rsp_uc1/launch/rsp-launch-xacro-command-subst.xml
[0.503s] -- Up-to-date: /home/maclab/Documents/ROS_WORKSPACES/WS_Master_Thesis/install/rsp_uc1/share/rsp_uc1/launch/rsp-launch-xacro-command-subst.py
[0.503s] -- Up-to-date: /home/maclab/Documents/ROS_WORKSPACES/WS_Master_Thesis/install/rsp_uc1/share/rsp_uc1/launch/rsp-launch-urdf-inline.xml
[0.504s] -- Up-to-date: /home/maclab/Documents/ROS_WORKSPACES/WS_Master_Thesis/install/rsp_uc1/share/rsp_uc1/launch/rsp-launch-urdf-inline.py
[0.504s] -- Up-to-date: /home/maclab/Documents/ROS_WORKSPACES/WS_Master_Thesis/install/rsp_uc1/share/rsp_uc1/launch/rsp-launch-urdf-file1.py
[0.504s] -- Up-to-date: /home/maclab/Documents/ROS_WORKSPACES/WS_Master_Thesis/install/rsp_uc1/share/rsp_uc1/launch/rsp-launch-urdf-file.xml
[0.504s] -- Up-to-date: /home/maclab/Documents/ROS_WORKSPACES/WS_Master_Thesis/install/rsp_uc1/share/rsp_uc1/launch/rsp-launch-xacro-api.py
[0.504s] -- Up-to-date: /home/maclab/Documents/ROS_WORKSPACES/WS_Master_Thesis/install/rsp_uc1/share/rsp_uc1/launch/rsp-launch-xacro-popen.py
[0.504s] -- Up-to-date: /home/maclab/Documents/ROS_WORKSPACES/WS_Master_Thesis/install/rsp_uc1/share/rsp_uc1/launch/rsp-launch-urdf-file2.py
[0.504s] -- Up-to-date: /home/maclab/Documents/ROS_WORKSPACES/WS_Master_Thesis/install/rsp_uc1/share/rsp_uc1/urdf
[0.504s] -- Up-to-date: /home/maclab/Documents/ROS_WORKSPACES/WS_Master_Thesis/install/rsp_uc1/share/rsp_uc1/urdf/test-desc.urdf
[0.504s] -- Up-to-date: /home/maclab/Documents/ROS_WORKSPACES/WS_Master_Thesis/install/rsp_uc1/share/rsp_uc1/urdf/test-desc.urdf.xacro
[0.504s] -- Up-to-date: /home/maclab/Documents/ROS_WORKSPACES/WS_Master_Thesis/install/rsp_uc1/share/ament_index/resource_index/package_run_dependencies/rsp_uc1
[0.504s] -- Up-to-date: /home/maclab/Documents/ROS_WORKSPACES/WS_Master_Thesis/install/rsp_uc1/share/ament_index/resource_index/parent_prefix_path/rsp_uc1
[0.504s] -- Up-to-date: /home/maclab/Documents/ROS_WORKSPACES/WS_Master_Thesis/install/rsp_uc1/share/rsp_uc1/environment/ament_prefix_path.sh
[0.504s] -- Installing: /home/maclab/Documents/ROS_WORKSPACES/WS_Master_Thesis/install/rsp_uc1/share/rsp_uc1/environment/ament_prefix_path.dsv
[0.504s] -- Up-to-date: /home/maclab/Documents/ROS_WORKSPACES/WS_Master_Thesis/install/rsp_uc1/share/rsp_uc1/environment/path.sh
[0.504s] -- Installing: /home/maclab/Documents/ROS_WORKSPACES/WS_Master_Thesis/install/rsp_uc1/share/rsp_uc1/environment/path.dsv
[0.504s] -- Up-to-date: /home/maclab/Documents/ROS_WORKSPACES/WS_Master_Thesis/install/rsp_uc1/share/rsp_uc1/local_setup.bash
[0.504s] -- Up-to-date: /home/maclab/Documents/ROS_WORKSPACES/WS_Master_Thesis/install/rsp_uc1/share/rsp_uc1/local_setup.sh
[0.504s] -- Up-to-date: /home/maclab/Documents/ROS_WORKSPACES/WS_Master_Thesis/install/rsp_uc1/share/rsp_uc1/local_setup.zsh
[0.504s] -- Installing: /home/maclab/Documents/ROS_WORKSPACES/WS_Master_Thesis/install/rsp_uc1/share/rsp_uc1/local_setup.dsv
[0.505s] -- Installing: /home/maclab/Documents/ROS_WORKSPACES/WS_Master_Thesis/install/rsp_uc1/share/rsp_uc1/package.dsv
[0.505s] -- Up-to-date: /home/maclab/Documents/ROS_WORKSPACES/WS_Master_Thesis/install/rsp_uc1/share/ament_index/resource_index/packages/rsp_uc1
[0.505s] -- Up-to-date: /home/maclab/Documents/ROS_WORKSPACES/WS_Master_Thesis/install/rsp_uc1/share/rsp_uc1/cmake/export_rsp_uc1_nodeExport.cmake
[0.505s] -- Up-to-date: /home/maclab/Documents/ROS_WORKSPACES/WS_Master_Thesis/install/rsp_uc1/share/rsp_uc1/cmake/export_rsp_uc1_nodeExport-noconfig.cmake
[0.505s] -- Up-to-date: /home/maclab/Documents/ROS_WORKSPACES/WS_Master_Thesis/install/rsp_uc1/share/ament_index/resource_index/rclcpp_components/rsp_uc1
[0.505s] -- Up-to-date: /home/maclab/Documents/ROS_WORKSPACES/WS_Master_Thesis/install/rsp_uc1/share/rsp_uc1/cmake/ament_cmake_export_targets-extras.cmake
[0.505s] -- Up-to-date: /home/maclab/Documents/ROS_WORKSPACES/WS_Master_Thesis/install/rsp_uc1/share/rsp_uc1/cmake/ament_cmake_export_dependencies-extras.cmake
[0.505s] -- Up-to-date: /home/maclab/Documents/ROS_WORKSPACES/WS_Master_Thesis/install/rsp_uc1/share/rsp_uc1/cmake/rsp_uc1Config.cmake
[0.505s] -- Up-to-date: /home/maclab/Documents/ROS_WORKSPACES/WS_Master_Thesis/install/rsp_uc1/share/rsp_uc1/cmake/rsp_uc1Config-version.cmake
[0.505s] -- Up-to-date: /home/maclab/Documents/ROS_WORKSPACES/WS_Master_Thesis/install/rsp_uc1/share/rsp_uc1/package.xml
[0.505s] Invoked command in '/home/maclab/Documents/ROS_WORKSPACES/WS_Master_Thesis/build/rsp_uc1' returned '0': CMAKE_PREFIX_PATH=/opt/ros/humble /usr/bin/cmake --install /home/maclab/Documents/ROS_WORKSPACES/WS_Master_Thesis/build/rsp_uc1
