[0.019s] Invoking command in '/home/maclab/Documents/ROS_WORKSPACES/WS_Master_Thesis/build/uc1_robot_controllers_interfaces': CMAKE_PREFIX_PATH=/opt/ros/humble /usr/bin/cmake /home/maclab/Documents/ROS_WORKSPACES/WS_Master_Thesis/src/uc1_robot_controllers_interfaces -DCMAKE_INSTALL_PREFIX=/home/maclab/Documents/ROS_WORKSPACES/WS_Master_Thesis/install/uc1_robot_controllers_interfaces
[0.070s] -- The C compiler identification is GNU 12.3.0
[0.106s] -- The CXX compiler identification is GNU 11.4.0
[0.111s] -- Detecting C compiler ABI info
[0.154s] -- Detecting C compiler ABI info - done
[0.159s] -- Check for working C compiler: /usr/bin/cc - skipped
[0.159s] -- Detecting C compile features
[0.160s] -- Detecting C compile features - done
[0.162s] -- Detecting CXX compiler ABI info
[0.205s] -- Detecting CXX compiler ABI info - done
[0.209s] -- Check for working CXX compiler: /usr/bin/c++ - skipped
[0.209s] -- Detecting CXX compile features
[0.209s] -- Detecting CXX compile features - done
[0.210s] -- Found ament_cmake: 1.3.12 (/opt/ros/humble/share/ament_cmake/cmake)
[0.300s] -- Found Python3: /usr/bin/python3 (found version "3.10.12") found components: Interpreter 
[0.339s] -- Found rclcpp: 16.0.15 (/opt/ros/humble/share/rclcpp/cmake)
[0.365s] -- Found rosidl_generator_c: 3.1.7 (/opt/ros/humble/share/rosidl_generator_c/cmake)
[0.366s] -- Found rosidl_adapter: 3.1.7 (/opt/ros/humble/share/rosidl_adapter/cmake)
[0.370s] -- Found rosidl_generator_cpp: 3.1.7 (/opt/ros/humble/share/rosidl_generator_cpp/cmake)
[0.374s] -- Using all available rosidl_typesupport_c: rosidl_typesupport_fastrtps_c;rosidl_typesupport_introspection_c
[0.381s] -- Using all available rosidl_typesupport_cpp: rosidl_typesupport_fastrtps_cpp;rosidl_typesupport_introspection_cpp
[0.401s] -- Found rmw_implementation_cmake: 6.1.2 (/opt/ros/humble/share/rmw_implementation_cmake/cmake)
[0.402s] -- Found rmw_fastrtps_cpp: 6.2.9 (/opt/ros/humble/share/rmw_fastrtps_cpp/cmake)
[0.445s] -- Found OpenSSL: /usr/lib/x86_64-linux-gnu/libcrypto.so (found version "3.0.2")  
[0.461s] -- Found FastRTPS: /opt/ros/humble/include  
[0.485s] -- Using RMW implementation 'rmw_fastrtps_cpp' as default
[0.488s] -- Looking for pthread.h
[0.532s] -- Looking for pthread.h - found
[0.532s] -- Performing Test CMAKE_HAVE_LIBC_PTHREAD
[0.574s] -- Performing Test CMAKE_HAVE_LIBC_PTHREAD - Success
[0.575s] -- Found Threads: TRUE  
[0.604s] -- Found geometry_msgs: 4.9.0 (/opt/ros/humble/share/geometry_msgs/cmake)
[0.610s] -- Found rosidl_default_generators: 1.2.0 (/opt/ros/humble/share/rosidl_default_generators/cmake)
[0.794s] -- Found ament_cmake_ros: 0.10.0 (/opt/ros/humble/share/ament_cmake_ros/cmake)
[1.061s] -- Using all available rosidl_typesupport_c: rosidl_typesupport_fastrtps_c;rosidl_typesupport_introspection_c
[1.181s] -- Using all available rosidl_typesupport_cpp: rosidl_typesupport_fastrtps_cpp;rosidl_typesupport_introspection_cpp
[1.196s] -- Found PythonInterp: /usr/bin/python3 (found suitable version "3.10.12", minimum required is "3.6") 
[1.197s] -- Found python_cmake_module: 0.10.0 (/opt/ros/humble/share/python_cmake_module/cmake)
[1.210s] -- Found PythonLibs: /usr/lib/x86_64-linux-gnu/libpython3.10.so (found suitable version "3.10.12", minimum required is "3.5") 
[1.210s] -- Using PYTHON_EXECUTABLE: /usr/bin/python3
[1.210s] -- Using PYTHON_INCLUDE_DIRS: /usr/include/python3.10
[1.210s] -- Using PYTHON_LIBRARIES: /usr/lib/x86_64-linux-gnu/libpython3.10.so
[1.220s] -- Found PythonExtra: .so  
[1.259s] -- Found ament_lint_auto: 0.12.14 (/opt/ros/humble/share/ament_lint_auto/cmake)
[1.267s] -- Added test 'cppcheck' to perform static code analysis on C / C++ code
[1.267s] -- Configured cppcheck include dirs: $<BUILD_INTERFACE:/home/maclab/Documents/ROS_WORKSPACES/WS_Master_Thesis/src/uc1_robot_controllers_interfaces/include/uc1_robot_controllers_interfaces>
[1.267s] -- Configured cppcheck exclude dirs and/or files: 
[1.268s] -- Added test 'lint_cmake' to check CMake code style
[1.268s] -- Added test 'uncrustify' to check C / C++ code style
[1.268s] -- Configured uncrustify additional arguments: 
[1.269s] -- Added test 'xmllint' to check XML markup files
[1.269s] -- Configuring done
[1.290s] -- Generating done
[1.296s] -- Build files have been written to: /home/maclab/Documents/ROS_WORKSPACES/WS_Master_Thesis/build/uc1_robot_controllers_interfaces
[1.302s] Invoked command in '/home/maclab/Documents/ROS_WORKSPACES/WS_Master_Thesis/build/uc1_robot_controllers_interfaces' returned '0': CMAKE_PREFIX_PATH=/opt/ros/humble /usr/bin/cmake /home/maclab/Documents/ROS_WORKSPACES/WS_Master_Thesis/src/uc1_robot_controllers_interfaces -DCMAKE_INSTALL_PREFIX=/home/maclab/Documents/ROS_WORKSPACES/WS_Master_Thesis/install/uc1_robot_controllers_interfaces
[1.303s] Invoking command in '/home/maclab/Documents/ROS_WORKSPACES/WS_Master_Thesis/build/uc1_robot_controllers_interfaces': CMAKE_PREFIX_PATH=/opt/ros/humble /usr/bin/cmake --build /home/maclab/Documents/ROS_WORKSPACES/WS_Master_Thesis/build/uc1_robot_controllers_interfaces -- -j32 -l32
[1.331s] [  1%] [34m[1mGenerating C code for ROS interfaces[0m
[1.337s] [  3%] [34m[1mGenerating C++ code for ROS interfaces[0m
[1.337s] [  4%] [32mBuilding CXX object CMakeFiles/TPComputation.dir/src/TPComputation.cpp.o[0m
[1.340s] [  4%] Built target ament_cmake_python_copy_uc1_robot_controllers_interfaces
[1.461s] running egg_info
[1.462s] creating uc1_robot_controllers_interfaces.egg-info
[1.462s] writing uc1_robot_controllers_interfaces.egg-info/PKG-INFO
[1.462s] writing dependency_links to uc1_robot_controllers_interfaces.egg-info/dependency_links.txt
[1.462s] writing top-level names to uc1_robot_controllers_interfaces.egg-info/top_level.txt
[1.462s] writing manifest file 'uc1_robot_controllers_interfaces.egg-info/SOURCES.txt'
[1.464s] reading manifest file 'uc1_robot_controllers_interfaces.egg-info/SOURCES.txt'
[1.464s] writing manifest file 'uc1_robot_controllers_interfaces.egg-info/SOURCES.txt'
[1.485s] [  4%] Built target ament_cmake_python_build_uc1_robot_controllers_interfaces_egg
[1.741s] [  7%] [32mBuilding C object CMakeFiles/uc1_robot_controllers_interfaces__rosidl_generator_c.dir/rosidl_generator_c/uc1_robot_controllers_interfaces/action/detail/move_robot_tp__functions.c.o[0m
[1.741s] [  7%] [32mBuilding C object CMakeFiles/uc1_robot_controllers_interfaces__rosidl_generator_c.dir/rosidl_generator_c/uc1_robot_controllers_interfaces/action/detail/move_robot__functions.c.o[0m
[1.741s] [  9%] [32mBuilding C object CMakeFiles/uc1_robot_controllers_interfaces__rosidl_generator_c.dir/rosidl_generator_c/uc1_robot_controllers_interfaces/msg/detail/move_robot_orient__functions.c.o[0m
[1.741s] [ 10%] [32mBuilding C object CMakeFiles/uc1_robot_controllers_interfaces__rosidl_generator_c.dir/rosidl_generator_c/uc1_robot_controllers_interfaces/msg/detail/move_robot_goal__functions.c.o[0m
[1.746s] [ 12%] [32mBuilding C object CMakeFiles/uc1_robot_controllers_interfaces__rosidl_generator_c.dir/rosidl_generator_c/uc1_robot_controllers_interfaces/msg/detail/move_robot_point__functions.c.o[0m
[1.886s] [01m[K/home/maclab/Documents/ROS_WORKSPACES/WS_Master_Thesis/src/uc1_robot_controllers_interfaces/src/TPComputation.cpp:[m[K In member function ‘[01m[Kvoid TPComputation::computeTP_step(const string&, const MatrixXd&, const MatrixXd&, const VectorXd&)[m[K’:
[1.886s] [01m[K/home/maclab/Documents/ROS_WORKSPACES/WS_Master_Thesis/src/uc1_robot_controllers_interfaces/src/TPComputation.cpp:81:55:[m[K [01;35m[Kwarning: [m[Kunused parameter ‘[01m[Ktask_id[m[K’ [[01;35m[K]8;;https://gcc.gnu.org/onlinedocs/gcc/Warning-Options.html#index-Wunused-parameter-Wunused-parameter]8;;[m[K]
[1.886s]    81 | void TPComputation::computeTP_step([01;35m[Kconst std::string& task_id[m[K, const Eigen::MatrixXd& ActivationFnc, const Eigen::MatrixXd& TaskJac, const Eigen::VectorXd& TaskRef)
[1.886s]       |                                    [01;35m[K~~~~~~~~~~~~~~~~~~~^~~~~~~[m[K
[1.950s] [ 12%] Built target uc1_robot_controllers_interfaces__cpp
[1.955s] [ 13%] [34m[1mGenerating C++ introspection for ROS interfaces[0m
[1.956s] [ 15%] [34m[1mGenerating C++ type support dispatch for ROS interfaces[0m
[1.956s] [ 16%] [34m[1mGenerating C++ type support for eProsima Fast-RTPS[0m
[2.036s] [ 18%] [32m[1mLinking C shared library libuc1_robot_controllers_interfaces__rosidl_generator_c.so[0m
[2.059s] [ 18%] Built target uc1_robot_controllers_interfaces__rosidl_generator_c
[2.063s] [ 20%] [34m[1mGenerating C type support for eProsima Fast-RTPS[0m
[2.065s] [ 23%] [34m[1mGenerating C introspection for ROS interfaces[0m
[2.065s] [ 23%] [34m[1mGenerating C type support dispatch for ROS interfaces[0m
[2.327s] [ 24%] [32mBuilding CXX object CMakeFiles/uc1_robot_controllers_interfaces__rosidl_typesupport_cpp.dir/rosidl_typesupport_cpp/uc1_robot_controllers_interfaces/action/move_robot_tp__type_support.cpp.o[0m
[2.327s] [ 26%] [32mBuilding CXX object CMakeFiles/uc1_robot_controllers_interfaces__rosidl_typesupport_cpp.dir/rosidl_typesupport_cpp/uc1_robot_controllers_interfaces/msg/move_robot_orient__type_support.cpp.o[0m
[2.327s] [ 27%] [32mBuilding CXX object CMakeFiles/uc1_robot_controllers_interfaces__rosidl_typesupport_cpp.dir/rosidl_typesupport_cpp/uc1_robot_controllers_interfaces/msg/move_robot_point__type_support.cpp.o[0m
[2.330s] [ 29%] [32mBuilding CXX object CMakeFiles/uc1_robot_controllers_interfaces__rosidl_typesupport_cpp.dir/rosidl_typesupport_cpp/uc1_robot_controllers_interfaces/action/move_robot__type_support.cpp.o[0m
[2.334s] [ 30%] [32mBuilding CXX object CMakeFiles/uc1_robot_controllers_interfaces__rosidl_typesupport_cpp.dir/rosidl_typesupport_cpp/uc1_robot_controllers_interfaces/msg/move_robot_goal__type_support.cpp.o[0m
[2.410s] [ 32%] [32mBuilding CXX object CMakeFiles/uc1_robot_controllers_interfaces__rosidl_typesupport_introspection_cpp.dir/rosidl_typesupport_introspection_cpp/uc1_robot_controllers_interfaces/action/detail/move_robot__type_support.cpp.o[0m
[2.421s] [ 33%] [32mBuilding CXX object CMakeFiles/uc1_robot_controllers_interfaces__rosidl_typesupport_introspection_cpp.dir/rosidl_typesupport_introspection_cpp/uc1_robot_controllers_interfaces/action/detail/move_robot_tp__type_support.cpp.o[0m
[2.423s] [ 35%] [32mBuilding CXX object CMakeFiles/uc1_robot_controllers_interfaces__rosidl_typesupport_introspection_cpp.dir/rosidl_typesupport_introspection_cpp/uc1_robot_controllers_interfaces/msg/detail/move_robot_point__type_support.cpp.o[0m
[2.428s] [ 36%] [32mBuilding CXX object CMakeFiles/uc1_robot_controllers_interfaces__rosidl_typesupport_introspection_cpp.dir/rosidl_typesupport_introspection_cpp/uc1_robot_controllers_interfaces/msg/detail/move_robot_goal__type_support.cpp.o[0m
[2.430s] [ 38%] [32mBuilding CXX object CMakeFiles/uc1_robot_controllers_interfaces__rosidl_typesupport_introspection_cpp.dir/rosidl_typesupport_introspection_cpp/uc1_robot_controllers_interfaces/msg/detail/move_robot_orient__type_support.cpp.o[0m
[2.451s] [ 40%] [32mBuilding CXX object CMakeFiles/uc1_robot_controllers_interfaces__rosidl_typesupport_c.dir/rosidl_typesupport_c/uc1_robot_controllers_interfaces/action/move_robot__type_support.cpp.o[0m
[2.455s] [ 41%] [32mBuilding CXX object CMakeFiles/uc1_robot_controllers_interfaces__rosidl_typesupport_c.dir/rosidl_typesupport_c/uc1_robot_controllers_interfaces/action/move_robot_tp__type_support.cpp.o[0m
[2.457s] [ 43%] [32mBuilding CXX object CMakeFiles/uc1_robot_controllers_interfaces__rosidl_typesupport_c.dir/rosidl_typesupport_c/uc1_robot_controllers_interfaces/msg/move_robot_point__type_support.cpp.o[0m
[2.462s] [ 44%] [32mBuilding CXX object CMakeFiles/uc1_robot_controllers_interfaces__rosidl_typesupport_c.dir/rosidl_typesupport_c/uc1_robot_controllers_interfaces/msg/move_robot_orient__type_support.cpp.o[0m
[2.468s] [ 46%] [32mBuilding CXX object CMakeFiles/uc1_robot_controllers_interfaces__rosidl_typesupport_c.dir/rosidl_typesupport_c/uc1_robot_controllers_interfaces/msg/move_robot_goal__type_support.cpp.o[0m
[2.507s] [ 47%] [32mBuilding CXX object CMakeFiles/uc1_robot_controllers_interfaces__rosidl_typesupport_fastrtps_cpp.dir/rosidl_typesupport_fastrtps_cpp/uc1_robot_controllers_interfaces/action/detail/dds_fastrtps/move_robot__type_support.cpp.o[0m
[2.510s] [ 49%] [32mBuilding CXX object CMakeFiles/uc1_robot_controllers_interfaces__rosidl_typesupport_fastrtps_cpp.dir/rosidl_typesupport_fastrtps_cpp/uc1_robot_controllers_interfaces/msg/detail/dds_fastrtps/move_robot_point__type_support.cpp.o[0m
[2.512s] [ 50%] [32mBuilding CXX object CMakeFiles/uc1_robot_controllers_interfaces__rosidl_typesupport_fastrtps_cpp.dir/rosidl_typesupport_fastrtps_cpp/uc1_robot_controllers_interfaces/action/detail/dds_fastrtps/move_robot_tp__type_support.cpp.o[0m
[2.515s] [ 52%] [32mBuilding CXX object CMakeFiles/uc1_robot_controllers_interfaces__rosidl_typesupport_fastrtps_cpp.dir/rosidl_typesupport_fastrtps_cpp/uc1_robot_controllers_interfaces/msg/detail/dds_fastrtps/move_robot_goal__type_support.cpp.o[0m
[2.520s] [ 53%] [32mBuilding CXX object CMakeFiles/uc1_robot_controllers_interfaces__rosidl_typesupport_fastrtps_cpp.dir/rosidl_typesupport_fastrtps_cpp/uc1_robot_controllers_interfaces/msg/detail/dds_fastrtps/move_robot_orient__type_support.cpp.o[0m
[2.552s] [ 55%] [32m[1mLinking CXX shared library libuc1_robot_controllers_interfaces__rosidl_typesupport_c.so[0m
[2.622s] [ 55%] Built target uc1_robot_controllers_interfaces__rosidl_typesupport_c
[2.663s] [ 56%] [32mBuilding C object CMakeFiles/uc1_robot_controllers_interfaces__rosidl_typesupport_introspection_c.dir/rosidl_typesupport_introspection_c/uc1_robot_controllers_interfaces/action/detail/move_robot_tp__type_support.c.o[0m
[2.663s] [ 58%] [32mBuilding C object CMakeFiles/uc1_robot_controllers_interfaces__rosidl_typesupport_introspection_c.dir/rosidl_typesupport_introspection_c/uc1_robot_controllers_interfaces/action/detail/move_robot__type_support.c.o[0m
[2.663s] [ 60%] [32mBuilding CXX object CMakeFiles/uc1_robot_controllers_interfaces__rosidl_typesupport_fastrtps_c.dir/rosidl_typesupport_fastrtps_c/uc1_robot_controllers_interfaces/action/detail/move_robot__type_support_c.cpp.o[0m
[2.664s] [ 61%] [32mBuilding C object CMakeFiles/uc1_robot_controllers_interfaces__rosidl_typesupport_introspection_c.dir/rosidl_typesupport_introspection_c/uc1_robot_controllers_interfaces/msg/detail/move_robot_orient__type_support.c.o[0m
[2.665s] [ 63%] [32mBuilding C object CMakeFiles/uc1_robot_controllers_interfaces__rosidl_typesupport_introspection_c.dir/rosidl_typesupport_introspection_c/uc1_robot_controllers_interfaces/msg/detail/move_robot_goal__type_support.c.o[0m
[2.666s] [ 64%] [32mBuilding C object CMakeFiles/uc1_robot_controllers_interfaces__rosidl_typesupport_introspection_c.dir/rosidl_typesupport_introspection_c/uc1_robot_controllers_interfaces/msg/detail/move_robot_point__type_support.c.o[0m
[2.679s] [ 66%] [32mBuilding CXX object CMakeFiles/uc1_robot_controllers_interfaces__rosidl_typesupport_fastrtps_c.dir/rosidl_typesupport_fastrtps_c/uc1_robot_controllers_interfaces/action/detail/move_robot_tp__type_support_c.cpp.o[0m
[2.679s] [ 67%] [32mBuilding CXX object CMakeFiles/uc1_robot_controllers_interfaces__rosidl_typesupport_fastrtps_c.dir/rosidl_typesupport_fastrtps_c/uc1_robot_controllers_interfaces/msg/detail/move_robot_point__type_support_c.cpp.o[0m
[2.680s] [ 70%] [32mBuilding CXX object CMakeFiles/uc1_robot_controllers_interfaces__rosidl_typesupport_fastrtps_c.dir/rosidl_typesupport_fastrtps_c/uc1_robot_controllers_interfaces/msg/detail/move_robot_orient__type_support_c.cpp.o[0m
[2.680s] [ 70%] [32mBuilding CXX object CMakeFiles/uc1_robot_controllers_interfaces__rosidl_typesupport_fastrtps_c.dir/rosidl_typesupport_fastrtps_c/uc1_robot_controllers_interfaces/msg/detail/move_robot_goal__type_support_c.cpp.o[0m
[2.748s] [ 72%] [32m[1mLinking CXX shared library libuc1_robot_controllers_interfaces__rosidl_typesupport_cpp.so[0m
[2.763s] [ 73%] [32m[1mLinking C shared library libuc1_robot_controllers_interfaces__rosidl_typesupport_introspection_c.so[0m
[2.787s] [ 73%] Built target uc1_robot_controllers_interfaces__rosidl_typesupport_introspection_c
[2.813s] [ 73%] Built target uc1_robot_controllers_interfaces__rosidl_typesupport_cpp
[3.068s] [ 75%] [32m[1mLinking CXX shared library libuc1_robot_controllers_interfaces__rosidl_typesupport_fastrtps_cpp.so[0m
[3.127s] [ 75%] Built target uc1_robot_controllers_interfaces__rosidl_typesupport_fastrtps_cpp
[3.207s] [ 76%] [32m[1mLinking CXX shared library libuc1_robot_controllers_interfaces__rosidl_typesupport_introspection_cpp.so[0m
[3.214s] [ 78%] [32m[1mLinking CXX shared library libuc1_robot_controllers_interfaces__rosidl_typesupport_fastrtps_c.so[0m
[3.259s] [ 78%] Built target uc1_robot_controllers_interfaces__rosidl_typesupport_introspection_cpp
[3.290s] [ 78%] Built target uc1_robot_controllers_interfaces__rosidl_typesupport_fastrtps_c
[3.302s] [ 78%] Built target uc1_robot_controllers_interfaces
[3.314s] [ 80%] [34m[1mGenerating Python code for ROS interfaces[0m
[4.643s] [ 80%] Built target uc1_robot_controllers_interfaces__py
[4.665s] [ 81%] [32mBuilding C object CMakeFiles/uc1_robot_controllers_interfaces__rosidl_generator_py.dir/rosidl_generator_py/uc1_robot_controllers_interfaces/action/_move_robot_tp_s.c.o[0m
[4.665s] [ 83%] [32mBuilding C object CMakeFiles/uc1_robot_controllers_interfaces__rosidl_generator_py.dir/rosidl_generator_py/uc1_robot_controllers_interfaces/msg/_move_robot_point_s.c.o[0m
[4.665s] [ 84%] [32mBuilding C object CMakeFiles/uc1_robot_controllers_interfaces__rosidl_generator_py.dir/rosidl_generator_py/uc1_robot_controllers_interfaces/msg/_move_robot_orient_s.c.o[0m
[4.666s] [ 86%] [32mBuilding C object CMakeFiles/uc1_robot_controllers_interfaces__rosidl_generator_py.dir/rosidl_generator_py/uc1_robot_controllers_interfaces/action/_move_robot_s.c.o[0m
[4.666s] [ 87%] [32mBuilding C object CMakeFiles/uc1_robot_controllers_interfaces__rosidl_generator_py.dir/rosidl_generator_py/uc1_robot_controllers_interfaces/msg/_move_robot_goal_s.c.o[0m
[4.898s] [ 89%] [32m[1mLinking C shared library rosidl_generator_py/uc1_robot_controllers_interfaces/libuc1_robot_controllers_interfaces__rosidl_generator_py.so[0m
[4.930s] [ 89%] Built target uc1_robot_controllers_interfaces__rosidl_generator_py
[4.944s] [ 92%] [32mBuilding C object CMakeFiles/uc1_robot_controllers_interfaces__rosidl_typesupport_c__pyext.dir/rosidl_generator_py/uc1_robot_controllers_interfaces/_uc1_robot_controllers_interfaces_s.ep.rosidl_typesupport_c.c.o[0m
[4.944s] [ 92%] [32mBuilding C object CMakeFiles/uc1_robot_controllers_interfaces__rosidl_typesupport_introspection_c__pyext.dir/rosidl_generator_py/uc1_robot_controllers_interfaces/_uc1_robot_controllers_interfaces_s.ep.rosidl_typesupport_introspection_c.c.o[0m
[4.944s] [ 93%] [32mBuilding C object CMakeFiles/uc1_robot_controllers_interfaces__rosidl_typesupport_fastrtps_c__pyext.dir/rosidl_generator_py/uc1_robot_controllers_interfaces/_uc1_robot_controllers_interfaces_s.ep.rosidl_typesupport_fastrtps_c.c.o[0m
[5.229s] [ 95%] [32m[1mLinking C shared library rosidl_generator_py/uc1_robot_controllers_interfaces/uc1_robot_controllers_interfaces_s__rosidl_typesupport_fastrtps_c.cpython-310-x86_64-linux-gnu.so[0m
[5.238s] [ 96%] [32m[1mLinking C shared library rosidl_generator_py/uc1_robot_controllers_interfaces/uc1_robot_controllers_interfaces_s__rosidl_typesupport_introspection_c.cpython-310-x86_64-linux-gnu.so[0m
[5.263s] [ 98%] [32m[1mLinking C shared library rosidl_generator_py/uc1_robot_controllers_interfaces/uc1_robot_controllers_interfaces_s__rosidl_typesupport_c.cpython-310-x86_64-linux-gnu.so[0m
[5.268s] [ 98%] Built target uc1_robot_controllers_interfaces__rosidl_typesupport_fastrtps_c__pyext
[5.269s] [ 98%] Built target uc1_robot_controllers_interfaces__rosidl_typesupport_introspection_c__pyext
[5.299s] [ 98%] Built target uc1_robot_controllers_interfaces__rosidl_typesupport_c__pyext
[10.947s] [100%] [32m[1mLinking CXX shared library libTPComputation.so[0m
[10.992s] [100%] Built target TPComputation
[10.999s] Invoked command in '/home/maclab/Documents/ROS_WORKSPACES/WS_Master_Thesis/build/uc1_robot_controllers_interfaces' returned '0': CMAKE_PREFIX_PATH=/opt/ros/humble /usr/bin/cmake --build /home/maclab/Documents/ROS_WORKSPACES/WS_Master_Thesis/build/uc1_robot_controllers_interfaces -- -j32 -l32
[11.000s] Invoking command in '/home/maclab/Documents/ROS_WORKSPACES/WS_Master_Thesis/build/uc1_robot_controllers_interfaces': CMAKE_PREFIX_PATH=/opt/ros/humble /usr/bin/cmake --install /home/maclab/Documents/ROS_WORKSPACES/WS_Master_Thesis/build/uc1_robot_controllers_interfaces
[11.008s] -- Install configuration: "Release"
[11.009s] -- Installing: /home/maclab/Documents/ROS_WORKSPACES/WS_Master_Thesis/install/uc1_robot_controllers_interfaces/share/ament_index/resource_index/rosidl_interfaces/uc1_robot_controllers_interfaces
[11.009s] -- Installing: /home/maclab/Documents/ROS_WORKSPACES/WS_Master_Thesis/install/uc1_robot_controllers_interfaces/include/uc1_robot_controllers_interfaces/uc1_robot_controllers_interfaces
[11.009s] -- Installing: /home/maclab/Documents/ROS_WORKSPACES/WS_Master_Thesis/install/uc1_robot_controllers_interfaces/include/uc1_robot_controllers_interfaces/uc1_robot_controllers_interfaces/msg
[11.009s] -- Installing: /home/maclab/Documents/ROS_WORKSPACES/WS_Master_Thesis/install/uc1_robot_controllers_interfaces/include/uc1_robot_controllers_interfaces/uc1_robot_controllers_interfaces/msg/rosidl_generator_c__visibility_control.h
[11.009s] -- Installing: /home/maclab/Documents/ROS_WORKSPACES/WS_Master_Thesis/install/uc1_robot_controllers_interfaces/include/uc1_robot_controllers_interfaces/uc1_robot_controllers_interfaces/msg/move_robot_point.h
[11.009s] -- Installing: /home/maclab/Documents/ROS_WORKSPACES/WS_Master_Thesis/install/uc1_robot_controllers_interfaces/include/uc1_robot_controllers_interfaces/uc1_robot_controllers_interfaces/msg/detail
[11.009s] -- Installing: /home/maclab/Documents/ROS_WORKSPACES/WS_Master_Thesis/install/uc1_robot_controllers_interfaces/include/uc1_robot_controllers_interfaces/uc1_robot_controllers_interfaces/msg/detail/move_robot_goal__functions.c
[11.009s] -- Installing: /home/maclab/Documents/ROS_WORKSPACES/WS_Master_Thesis/install/uc1_robot_controllers_interfaces/include/uc1_robot_controllers_interfaces/uc1_robot_controllers_interfaces/msg/detail/move_robot_orient__functions.c
[11.010s] -- Installing: /home/maclab/Documents/ROS_WORKSPACES/WS_Master_Thesis/install/uc1_robot_controllers_interfaces/include/uc1_robot_controllers_interfaces/uc1_robot_controllers_interfaces/msg/detail/move_robot_goal__type_support.h
[11.010s] -- Installing: /home/maclab/Documents/ROS_WORKSPACES/WS_Master_Thesis/install/uc1_robot_controllers_interfaces/include/uc1_robot_controllers_interfaces/uc1_robot_controllers_interfaces/msg/detail/move_robot_orient__struct.h
[11.010s] -- Installing: /home/maclab/Documents/ROS_WORKSPACES/WS_Master_Thesis/install/uc1_robot_controllers_interfaces/include/uc1_robot_controllers_interfaces/uc1_robot_controllers_interfaces/msg/detail/move_robot_orient__functions.h
[11.010s] -- Installing: /home/maclab/Documents/ROS_WORKSPACES/WS_Master_Thesis/install/uc1_robot_controllers_interfaces/include/uc1_robot_controllers_interfaces/uc1_robot_controllers_interfaces/msg/detail/move_robot_goal__functions.h
[11.010s] -- Installing: /home/maclab/Documents/ROS_WORKSPACES/WS_Master_Thesis/install/uc1_robot_controllers_interfaces/include/uc1_robot_controllers_interfaces/uc1_robot_controllers_interfaces/msg/detail/move_robot_goal__struct.h
[11.010s] -- Installing: /home/maclab/Documents/ROS_WORKSPACES/WS_Master_Thesis/install/uc1_robot_controllers_interfaces/include/uc1_robot_controllers_interfaces/uc1_robot_controllers_interfaces/msg/detail/move_robot_point__type_support.h
[11.010s] -- Installing: /home/maclab/Documents/ROS_WORKSPACES/WS_Master_Thesis/install/uc1_robot_controllers_interfaces/include/uc1_robot_controllers_interfaces/uc1_robot_controllers_interfaces/msg/detail/move_robot_orient__type_support.h
[11.010s] -- Installing: /home/maclab/Documents/ROS_WORKSPACES/WS_Master_Thesis/install/uc1_robot_controllers_interfaces/include/uc1_robot_controllers_interfaces/uc1_robot_controllers_interfaces/msg/detail/move_robot_point__struct.h
[11.010s] -- Installing: /home/maclab/Documents/ROS_WORKSPACES/WS_Master_Thesis/install/uc1_robot_controllers_interfaces/include/uc1_robot_controllers_interfaces/uc1_robot_controllers_interfaces/msg/detail/move_robot_point__functions.c
[11.010s] -- Installing: /home/maclab/Documents/ROS_WORKSPACES/WS_Master_Thesis/install/uc1_robot_controllers_interfaces/include/uc1_robot_controllers_interfaces/uc1_robot_controllers_interfaces/msg/detail/move_robot_point__functions.h
[11.010s] -- Installing: /home/maclab/Documents/ROS_WORKSPACES/WS_Master_Thesis/install/uc1_robot_controllers_interfaces/include/uc1_robot_controllers_interfaces/uc1_robot_controllers_interfaces/msg/move_robot_goal.h
[11.010s] -- Installing: /home/maclab/Documents/ROS_WORKSPACES/WS_Master_Thesis/install/uc1_robot_controllers_interfaces/include/uc1_robot_controllers_interfaces/uc1_robot_controllers_interfaces/msg/move_robot_orient.h
[11.010s] -- Installing: /home/maclab/Documents/ROS_WORKSPACES/WS_Master_Thesis/install/uc1_robot_controllers_interfaces/include/uc1_robot_controllers_interfaces/uc1_robot_controllers_interfaces/action
[11.010s] -- Installing: /home/maclab/Documents/ROS_WORKSPACES/WS_Master_Thesis/install/uc1_robot_controllers_interfaces/include/uc1_robot_controllers_interfaces/uc1_robot_controllers_interfaces/action/move_robot.h
[11.010s] -- Installing: /home/maclab/Documents/ROS_WORKSPACES/WS_Master_Thesis/install/uc1_robot_controllers_interfaces/include/uc1_robot_controllers_interfaces/uc1_robot_controllers_interfaces/action/detail
[11.010s] -- Installing: /home/maclab/Documents/ROS_WORKSPACES/WS_Master_Thesis/install/uc1_robot_controllers_interfaces/include/uc1_robot_controllers_interfaces/uc1_robot_controllers_interfaces/action/detail/move_robot__struct.h
[11.010s] -- Installing: /home/maclab/Documents/ROS_WORKSPACES/WS_Master_Thesis/install/uc1_robot_controllers_interfaces/include/uc1_robot_controllers_interfaces/uc1_robot_controllers_interfaces/action/detail/move_robot__functions.h
[11.010s] -- Installing: /home/maclab/Documents/ROS_WORKSPACES/WS_Master_Thesis/install/uc1_robot_controllers_interfaces/include/uc1_robot_controllers_interfaces/uc1_robot_controllers_interfaces/action/detail/move_robot_tp__type_support.h
[11.010s] -- Installing: /home/maclab/Documents/ROS_WORKSPACES/WS_Master_Thesis/install/uc1_robot_controllers_interfaces/include/uc1_robot_controllers_interfaces/uc1_robot_controllers_interfaces/action/detail/move_robot__functions.c
[11.010s] -- Installing: /home/maclab/Documents/ROS_WORKSPACES/WS_Master_Thesis/install/uc1_robot_controllers_interfaces/include/uc1_robot_controllers_interfaces/uc1_robot_controllers_interfaces/action/detail/move_robot_tp__functions.h
[11.010s] -- Installing: /home/maclab/Documents/ROS_WORKSPACES/WS_Master_Thesis/install/uc1_robot_controllers_interfaces/include/uc1_robot_controllers_interfaces/uc1_robot_controllers_interfaces/action/detail/move_robot__type_support.h
[11.010s] -- Installing: /home/maclab/Documents/ROS_WORKSPACES/WS_Master_Thesis/install/uc1_robot_controllers_interfaces/include/uc1_robot_controllers_interfaces/uc1_robot_controllers_interfaces/action/detail/move_robot_tp__struct.h
[11.010s] -- Installing: /home/maclab/Documents/ROS_WORKSPACES/WS_Master_Thesis/install/uc1_robot_controllers_interfaces/include/uc1_robot_controllers_interfaces/uc1_robot_controllers_interfaces/action/detail/move_robot_tp__functions.c
[11.010s] -- Installing: /home/maclab/Documents/ROS_WORKSPACES/WS_Master_Thesis/install/uc1_robot_controllers_interfaces/include/uc1_robot_controllers_interfaces/uc1_robot_controllers_interfaces/action/move_robot_tp.h
[11.010s] -- Installing: /home/maclab/Documents/ROS_WORKSPACES/WS_Master_Thesis/install/uc1_robot_controllers_interfaces/share/uc1_robot_controllers_interfaces/environment/library_path.sh
[11.010s] -- Installing: /home/maclab/Documents/ROS_WORKSPACES/WS_Master_Thesis/install/uc1_robot_controllers_interfaces/share/uc1_robot_controllers_interfaces/environment/library_path.dsv
[11.010s] -- Installing: /home/maclab/Documents/ROS_WORKSPACES/WS_Master_Thesis/install/uc1_robot_controllers_interfaces/lib/libuc1_robot_controllers_interfaces__rosidl_generator_c.so
[11.010s] -- Set runtime path of "/home/maclab/Documents/ROS_WORKSPACES/WS_Master_Thesis/install/uc1_robot_controllers_interfaces/lib/libuc1_robot_controllers_interfaces__rosidl_generator_c.so" to ""
[11.010s] -- Up-to-date: /home/maclab/Documents/ROS_WORKSPACES/WS_Master_Thesis/install/uc1_robot_controllers_interfaces/include/uc1_robot_controllers_interfaces/uc1_robot_controllers_interfaces
[11.010s] -- Up-to-date: /home/maclab/Documents/ROS_WORKSPACES/WS_Master_Thesis/install/uc1_robot_controllers_interfaces/include/uc1_robot_controllers_interfaces/uc1_robot_controllers_interfaces/msg
[11.010s] -- Installing: /home/maclab/Documents/ROS_WORKSPACES/WS_Master_Thesis/install/uc1_robot_controllers_interfaces/include/uc1_robot_controllers_interfaces/uc1_robot_controllers_interfaces/msg/rosidl_typesupport_fastrtps_c__visibility_control.h
[11.010s] -- Up-to-date: /home/maclab/Documents/ROS_WORKSPACES/WS_Master_Thesis/install/uc1_robot_controllers_interfaces/include/uc1_robot_controllers_interfaces/uc1_robot_controllers_interfaces/msg/detail
[11.010s] -- Installing: /home/maclab/Documents/ROS_WORKSPACES/WS_Master_Thesis/install/uc1_robot_controllers_interfaces/include/uc1_robot_controllers_interfaces/uc1_robot_controllers_interfaces/msg/detail/move_robot_orient__rosidl_typesupport_fastrtps_c.h
[11.010s] -- Installing: /home/maclab/Documents/ROS_WORKSPACES/WS_Master_Thesis/install/uc1_robot_controllers_interfaces/include/uc1_robot_controllers_interfaces/uc1_robot_controllers_interfaces/msg/detail/move_robot_point__rosidl_typesupport_fastrtps_c.h
[11.010s] -- Installing: /home/maclab/Documents/ROS_WORKSPACES/WS_Master_Thesis/install/uc1_robot_controllers_interfaces/include/uc1_robot_controllers_interfaces/uc1_robot_controllers_interfaces/msg/detail/move_robot_goal__rosidl_typesupport_fastrtps_c.h
[11.010s] -- Up-to-date: /home/maclab/Documents/ROS_WORKSPACES/WS_Master_Thesis/install/uc1_robot_controllers_interfaces/include/uc1_robot_controllers_interfaces/uc1_robot_controllers_interfaces/action
[11.011s] -- Up-to-date: /home/maclab/Documents/ROS_WORKSPACES/WS_Master_Thesis/install/uc1_robot_controllers_interfaces/include/uc1_robot_controllers_interfaces/uc1_robot_controllers_interfaces/action/detail
[11.011s] -- Installing: /home/maclab/Documents/ROS_WORKSPACES/WS_Master_Thesis/install/uc1_robot_controllers_interfaces/include/uc1_robot_controllers_interfaces/uc1_robot_controllers_interfaces/action/detail/move_robot__rosidl_typesupport_fastrtps_c.h
[11.011s] -- Installing: /home/maclab/Documents/ROS_WORKSPACES/WS_Master_Thesis/install/uc1_robot_controllers_interfaces/include/uc1_robot_controllers_interfaces/uc1_robot_controllers_interfaces/action/detail/move_robot_tp__rosidl_typesupport_fastrtps_c.h
[11.011s] -- Installing: /home/maclab/Documents/ROS_WORKSPACES/WS_Master_Thesis/install/uc1_robot_controllers_interfaces/lib/libuc1_robot_controllers_interfaces__rosidl_typesupport_fastrtps_c.so
[11.011s] -- Set runtime path of "/home/maclab/Documents/ROS_WORKSPACES/WS_Master_Thesis/install/uc1_robot_controllers_interfaces/lib/libuc1_robot_controllers_interfaces__rosidl_typesupport_fastrtps_c.so" to ""
[11.011s] -- Up-to-date: /home/maclab/Documents/ROS_WORKSPACES/WS_Master_Thesis/install/uc1_robot_controllers_interfaces/include/uc1_robot_controllers_interfaces/uc1_robot_controllers_interfaces
[11.011s] -- Up-to-date: /home/maclab/Documents/ROS_WORKSPACES/WS_Master_Thesis/install/uc1_robot_controllers_interfaces/include/uc1_robot_controllers_interfaces/uc1_robot_controllers_interfaces/msg
[11.011s] -- Installing: /home/maclab/Documents/ROS_WORKSPACES/WS_Master_Thesis/install/uc1_robot_controllers_interfaces/include/uc1_robot_controllers_interfaces/uc1_robot_controllers_interfaces/msg/rosidl_generator_cpp__visibility_control.hpp
[11.011s] -- Installing: /home/maclab/Documents/ROS_WORKSPACES/WS_Master_Thesis/install/uc1_robot_controllers_interfaces/include/uc1_robot_controllers_interfaces/uc1_robot_controllers_interfaces/msg/move_robot_point.hpp
[11.011s] -- Up-to-date: /home/maclab/Documents/ROS_WORKSPACES/WS_Master_Thesis/install/uc1_robot_controllers_interfaces/include/uc1_robot_controllers_interfaces/uc1_robot_controllers_interfaces/msg/detail
[11.011s] -- Installing: /home/maclab/Documents/ROS_WORKSPACES/WS_Master_Thesis/install/uc1_robot_controllers_interfaces/include/uc1_robot_controllers_interfaces/uc1_robot_controllers_interfaces/msg/detail/move_robot_goal__struct.hpp
[11.011s] -- Installing: /home/maclab/Documents/ROS_WORKSPACES/WS_Master_Thesis/install/uc1_robot_controllers_interfaces/include/uc1_robot_controllers_interfaces/uc1_robot_controllers_interfaces/msg/detail/move_robot_goal__type_support.hpp
[11.011s] -- Installing: /home/maclab/Documents/ROS_WORKSPACES/WS_Master_Thesis/install/uc1_robot_controllers_interfaces/include/uc1_robot_controllers_interfaces/uc1_robot_controllers_interfaces/msg/detail/move_robot_goal__builder.hpp
[11.011s] -- Installing: /home/maclab/Documents/ROS_WORKSPACES/WS_Master_Thesis/install/uc1_robot_controllers_interfaces/include/uc1_robot_controllers_interfaces/uc1_robot_controllers_interfaces/msg/detail/move_robot_orient__type_support.hpp
[11.011s] -- Installing: /home/maclab/Documents/ROS_WORKSPACES/WS_Master_Thesis/install/uc1_robot_controllers_interfaces/include/uc1_robot_controllers_interfaces/uc1_robot_controllers_interfaces/msg/detail/move_robot_orient__builder.hpp
[11.011s] -- Installing: /home/maclab/Documents/ROS_WORKSPACES/WS_Master_Thesis/install/uc1_robot_controllers_interfaces/include/uc1_robot_controllers_interfaces/uc1_robot_controllers_interfaces/msg/detail/move_robot_point__builder.hpp
[11.011s] -- Installing: /home/maclab/Documents/ROS_WORKSPACES/WS_Master_Thesis/install/uc1_robot_controllers_interfaces/include/uc1_robot_controllers_interfaces/uc1_robot_controllers_interfaces/msg/detail/move_robot_orient__struct.hpp
[11.011s] -- Installing: /home/maclab/Documents/ROS_WORKSPACES/WS_Master_Thesis/install/uc1_robot_controllers_interfaces/include/uc1_robot_controllers_interfaces/uc1_robot_controllers_interfaces/msg/detail/move_robot_point__struct.hpp
[11.011s] -- Installing: /home/maclab/Documents/ROS_WORKSPACES/WS_Master_Thesis/install/uc1_robot_controllers_interfaces/include/uc1_robot_controllers_interfaces/uc1_robot_controllers_interfaces/msg/detail/move_robot_point__traits.hpp
[11.011s] -- Installing: /home/maclab/Documents/ROS_WORKSPACES/WS_Master_Thesis/install/uc1_robot_controllers_interfaces/include/uc1_robot_controllers_interfaces/uc1_robot_controllers_interfaces/msg/detail/move_robot_orient__traits.hpp
[11.011s] -- Installing: /home/maclab/Documents/ROS_WORKSPACES/WS_Master_Thesis/install/uc1_robot_controllers_interfaces/include/uc1_robot_controllers_interfaces/uc1_robot_controllers_interfaces/msg/detail/move_robot_point__type_support.hpp
[11.011s] -- Installing: /home/maclab/Documents/ROS_WORKSPACES/WS_Master_Thesis/install/uc1_robot_controllers_interfaces/include/uc1_robot_controllers_interfaces/uc1_robot_controllers_interfaces/msg/detail/move_robot_goal__traits.hpp
[11.011s] -- Installing: /home/maclab/Documents/ROS_WORKSPACES/WS_Master_Thesis/install/uc1_robot_controllers_interfaces/include/uc1_robot_controllers_interfaces/uc1_robot_controllers_interfaces/msg/move_robot_orient.hpp
[11.011s] -- Installing: /home/maclab/Documents/ROS_WORKSPACES/WS_Master_Thesis/install/uc1_robot_controllers_interfaces/include/uc1_robot_controllers_interfaces/uc1_robot_controllers_interfaces/msg/move_robot_goal.hpp
[11.011s] -- Up-to-date: /home/maclab/Documents/ROS_WORKSPACES/WS_Master_Thesis/install/uc1_robot_controllers_interfaces/include/uc1_robot_controllers_interfaces/uc1_robot_controllers_interfaces/action
[11.011s] -- Up-to-date: /home/maclab/Documents/ROS_WORKSPACES/WS_Master_Thesis/install/uc1_robot_controllers_interfaces/include/uc1_robot_controllers_interfaces/uc1_robot_controllers_interfaces/action/detail
[11.011s] -- Installing: /home/maclab/Documents/ROS_WORKSPACES/WS_Master_Thesis/install/uc1_robot_controllers_interfaces/include/uc1_robot_controllers_interfaces/uc1_robot_controllers_interfaces/action/detail/move_robot__traits.hpp
[11.011s] -- Installing: /home/maclab/Documents/ROS_WORKSPACES/WS_Master_Thesis/install/uc1_robot_controllers_interfaces/include/uc1_robot_controllers_interfaces/uc1_robot_controllers_interfaces/action/detail/move_robot__struct.hpp
[11.011s] -- Installing: /home/maclab/Documents/ROS_WORKSPACES/WS_Master_Thesis/install/uc1_robot_controllers_interfaces/include/uc1_robot_controllers_interfaces/uc1_robot_controllers_interfaces/action/detail/move_robot_tp__struct.hpp
[11.011s] -- Installing: /home/maclab/Documents/ROS_WORKSPACES/WS_Master_Thesis/install/uc1_robot_controllers_interfaces/include/uc1_robot_controllers_interfaces/uc1_robot_controllers_interfaces/action/detail/move_robot__builder.hpp
[11.011s] -- Installing: /home/maclab/Documents/ROS_WORKSPACES/WS_Master_Thesis/install/uc1_robot_controllers_interfaces/include/uc1_robot_controllers_interfaces/uc1_robot_controllers_interfaces/action/detail/move_robot_tp__traits.hpp
[11.011s] -- Installing: /home/maclab/Documents/ROS_WORKSPACES/WS_Master_Thesis/install/uc1_robot_controllers_interfaces/include/uc1_robot_controllers_interfaces/uc1_robot_controllers_interfaces/action/detail/move_robot__type_support.hpp
[11.011s] -- Installing: /home/maclab/Documents/ROS_WORKSPACES/WS_Master_Thesis/install/uc1_robot_controllers_interfaces/include/uc1_robot_controllers_interfaces/uc1_robot_controllers_interfaces/action/detail/move_robot_tp__type_support.hpp
[11.011s] -- Installing: /home/maclab/Documents/ROS_WORKSPACES/WS_Master_Thesis/install/uc1_robot_controllers_interfaces/include/uc1_robot_controllers_interfaces/uc1_robot_controllers_interfaces/action/detail/move_robot_tp__builder.hpp
[11.011s] -- Installing: /home/maclab/Documents/ROS_WORKSPACES/WS_Master_Thesis/install/uc1_robot_controllers_interfaces/include/uc1_robot_controllers_interfaces/uc1_robot_controllers_interfaces/action/move_robot_tp.hpp
[11.011s] -- Installing: /home/maclab/Documents/ROS_WORKSPACES/WS_Master_Thesis/install/uc1_robot_controllers_interfaces/include/uc1_robot_controllers_interfaces/uc1_robot_controllers_interfaces/action/move_robot.hpp
[11.011s] -- Up-to-date: /home/maclab/Documents/ROS_WORKSPACES/WS_Master_Thesis/install/uc1_robot_controllers_interfaces/include/uc1_robot_controllers_interfaces/uc1_robot_controllers_interfaces
[11.011s] -- Up-to-date: /home/maclab/Documents/ROS_WORKSPACES/WS_Master_Thesis/install/uc1_robot_controllers_interfaces/include/uc1_robot_controllers_interfaces/uc1_robot_controllers_interfaces/msg
[11.011s] -- Up-to-date: /home/maclab/Documents/ROS_WORKSPACES/WS_Master_Thesis/install/uc1_robot_controllers_interfaces/include/uc1_robot_controllers_interfaces/uc1_robot_controllers_interfaces/msg/detail
[11.011s] -- Installing: /home/maclab/Documents/ROS_WORKSPACES/WS_Master_Thesis/install/uc1_robot_controllers_interfaces/include/uc1_robot_controllers_interfaces/uc1_robot_controllers_interfaces/msg/detail/move_robot_orient__rosidl_typesupport_fastrtps_cpp.hpp
[11.011s] -- Installing: /home/maclab/Documents/ROS_WORKSPACES/WS_Master_Thesis/install/uc1_robot_controllers_interfaces/include/uc1_robot_controllers_interfaces/uc1_robot_controllers_interfaces/msg/detail/move_robot_point__rosidl_typesupport_fastrtps_cpp.hpp
[11.011s] -- Installing: /home/maclab/Documents/ROS_WORKSPACES/WS_Master_Thesis/install/uc1_robot_controllers_interfaces/include/uc1_robot_controllers_interfaces/uc1_robot_controllers_interfaces/msg/detail/move_robot_goal__rosidl_typesupport_fastrtps_cpp.hpp
[11.011s] -- Installing: /home/maclab/Documents/ROS_WORKSPACES/WS_Master_Thesis/install/uc1_robot_controllers_interfaces/include/uc1_robot_controllers_interfaces/uc1_robot_controllers_interfaces/msg/detail/dds_fastrtps
[11.011s] -- Installing: /home/maclab/Documents/ROS_WORKSPACES/WS_Master_Thesis/install/uc1_robot_controllers_interfaces/include/uc1_robot_controllers_interfaces/uc1_robot_controllers_interfaces/msg/rosidl_typesupport_fastrtps_cpp__visibility_control.h
[11.011s] -- Up-to-date: /home/maclab/Documents/ROS_WORKSPACES/WS_Master_Thesis/install/uc1_robot_controllers_interfaces/include/uc1_robot_controllers_interfaces/uc1_robot_controllers_interfaces/action
[11.011s] -- Up-to-date: /home/maclab/Documents/ROS_WORKSPACES/WS_Master_Thesis/install/uc1_robot_controllers_interfaces/include/uc1_robot_controllers_interfaces/uc1_robot_controllers_interfaces/action/detail
[11.011s] -- Installing: /home/maclab/Documents/ROS_WORKSPACES/WS_Master_Thesis/install/uc1_robot_controllers_interfaces/include/uc1_robot_controllers_interfaces/uc1_robot_controllers_interfaces/action/detail/move_robot__rosidl_typesupport_fastrtps_cpp.hpp
[11.012s] -- Installing: /home/maclab/Documents/ROS_WORKSPACES/WS_Master_Thesis/install/uc1_robot_controllers_interfaces/include/uc1_robot_controllers_interfaces/uc1_robot_controllers_interfaces/action/detail/move_robot_tp__rosidl_typesupport_fastrtps_cpp.hpp
[11.012s] -- Installing: /home/maclab/Documents/ROS_WORKSPACES/WS_Master_Thesis/install/uc1_robot_controllers_interfaces/include/uc1_robot_controllers_interfaces/uc1_robot_controllers_interfaces/action/detail/dds_fastrtps
[11.012s] -- Installing: /home/maclab/Documents/ROS_WORKSPACES/WS_Master_Thesis/install/uc1_robot_controllers_interfaces/lib/libuc1_robot_controllers_interfaces__rosidl_typesupport_fastrtps_cpp.so
[11.012s] -- Set runtime path of "/home/maclab/Documents/ROS_WORKSPACES/WS_Master_Thesis/install/uc1_robot_controllers_interfaces/lib/libuc1_robot_controllers_interfaces__rosidl_typesupport_fastrtps_cpp.so" to ""
[11.012s] -- Up-to-date: /home/maclab/Documents/ROS_WORKSPACES/WS_Master_Thesis/install/uc1_robot_controllers_interfaces/include/uc1_robot_controllers_interfaces/uc1_robot_controllers_interfaces
[11.012s] -- Up-to-date: /home/maclab/Documents/ROS_WORKSPACES/WS_Master_Thesis/install/uc1_robot_controllers_interfaces/include/uc1_robot_controllers_interfaces/uc1_robot_controllers_interfaces/msg
[11.012s] -- Installing: /home/maclab/Documents/ROS_WORKSPACES/WS_Master_Thesis/install/uc1_robot_controllers_interfaces/include/uc1_robot_controllers_interfaces/uc1_robot_controllers_interfaces/msg/rosidl_typesupport_introspection_c__visibility_control.h
[11.012s] -- Up-to-date: /home/maclab/Documents/ROS_WORKSPACES/WS_Master_Thesis/install/uc1_robot_controllers_interfaces/include/uc1_robot_controllers_interfaces/uc1_robot_controllers_interfaces/msg/detail
[11.012s] -- Installing: /home/maclab/Documents/ROS_WORKSPACES/WS_Master_Thesis/install/uc1_robot_controllers_interfaces/include/uc1_robot_controllers_interfaces/uc1_robot_controllers_interfaces/msg/detail/move_robot_goal__rosidl_typesupport_introspection_c.h
[11.012s] -- Installing: /home/maclab/Documents/ROS_WORKSPACES/WS_Master_Thesis/install/uc1_robot_controllers_interfaces/include/uc1_robot_controllers_interfaces/uc1_robot_controllers_interfaces/msg/detail/move_robot_point__rosidl_typesupport_introspection_c.h
[11.012s] -- Installing: /home/maclab/Documents/ROS_WORKSPACES/WS_Master_Thesis/install/uc1_robot_controllers_interfaces/include/uc1_robot_controllers_interfaces/uc1_robot_controllers_interfaces/msg/detail/move_robot_point__type_support.c
[11.012s] -- Installing: /home/maclab/Documents/ROS_WORKSPACES/WS_Master_Thesis/install/uc1_robot_controllers_interfaces/include/uc1_robot_controllers_interfaces/uc1_robot_controllers_interfaces/msg/detail/move_robot_goal__type_support.c
[11.012s] -- Installing: /home/maclab/Documents/ROS_WORKSPACES/WS_Master_Thesis/install/uc1_robot_controllers_interfaces/include/uc1_robot_controllers_interfaces/uc1_robot_controllers_interfaces/msg/detail/move_robot_orient__rosidl_typesupport_introspection_c.h
[11.012s] -- Installing: /home/maclab/Documents/ROS_WORKSPACES/WS_Master_Thesis/install/uc1_robot_controllers_interfaces/include/uc1_robot_controllers_interfaces/uc1_robot_controllers_interfaces/msg/detail/move_robot_orient__type_support.c
[11.012s] -- Up-to-date: /home/maclab/Documents/ROS_WORKSPACES/WS_Master_Thesis/install/uc1_robot_controllers_interfaces/include/uc1_robot_controllers_interfaces/uc1_robot_controllers_interfaces/action
[11.012s] -- Up-to-date: /home/maclab/Documents/ROS_WORKSPACES/WS_Master_Thesis/install/uc1_robot_controllers_interfaces/include/uc1_robot_controllers_interfaces/uc1_robot_controllers_interfaces/action/detail
[11.012s] -- Installing: /home/maclab/Documents/ROS_WORKSPACES/WS_Master_Thesis/install/uc1_robot_controllers_interfaces/include/uc1_robot_controllers_interfaces/uc1_robot_controllers_interfaces/action/detail/move_robot__type_support.c
[11.012s] -- Installing: /home/maclab/Documents/ROS_WORKSPACES/WS_Master_Thesis/install/uc1_robot_controllers_interfaces/include/uc1_robot_controllers_interfaces/uc1_robot_controllers_interfaces/action/detail/move_robot__rosidl_typesupport_introspection_c.h
[11.012s] -- Installing: /home/maclab/Documents/ROS_WORKSPACES/WS_Master_Thesis/install/uc1_robot_controllers_interfaces/include/uc1_robot_controllers_interfaces/uc1_robot_controllers_interfaces/action/detail/move_robot_tp__type_support.c
[11.012s] -- Installing: /home/maclab/Documents/ROS_WORKSPACES/WS_Master_Thesis/install/uc1_robot_controllers_interfaces/include/uc1_robot_controllers_interfaces/uc1_robot_controllers_interfaces/action/detail/move_robot_tp__rosidl_typesupport_introspection_c.h
[11.012s] -- Installing: /home/maclab/Documents/ROS_WORKSPACES/WS_Master_Thesis/install/uc1_robot_controllers_interfaces/lib/libuc1_robot_controllers_interfaces__rosidl_typesupport_introspection_c.so
[11.012s] -- Set runtime path of "/home/maclab/Documents/ROS_WORKSPACES/WS_Master_Thesis/install/uc1_robot_controllers_interfaces/lib/libuc1_robot_controllers_interfaces__rosidl_typesupport_introspection_c.so" to ""
[11.012s] -- Installing: /home/maclab/Documents/ROS_WORKSPACES/WS_Master_Thesis/install/uc1_robot_controllers_interfaces/lib/libuc1_robot_controllers_interfaces__rosidl_typesupport_c.so
[11.012s] -- Set runtime path of "/home/maclab/Documents/ROS_WORKSPACES/WS_Master_Thesis/install/uc1_robot_controllers_interfaces/lib/libuc1_robot_controllers_interfaces__rosidl_typesupport_c.so" to ""
[11.012s] -- Up-to-date: /home/maclab/Documents/ROS_WORKSPACES/WS_Master_Thesis/install/uc1_robot_controllers_interfaces/include/uc1_robot_controllers_interfaces/uc1_robot_controllers_interfaces
[11.012s] -- Up-to-date: /home/maclab/Documents/ROS_WORKSPACES/WS_Master_Thesis/install/uc1_robot_controllers_interfaces/include/uc1_robot_controllers_interfaces/uc1_robot_controllers_interfaces/msg
[11.012s] -- Up-to-date: /home/maclab/Documents/ROS_WORKSPACES/WS_Master_Thesis/install/uc1_robot_controllers_interfaces/include/uc1_robot_controllers_interfaces/uc1_robot_controllers_interfaces/msg/detail
[11.012s] -- Installing: /home/maclab/Documents/ROS_WORKSPACES/WS_Master_Thesis/install/uc1_robot_controllers_interfaces/include/uc1_robot_controllers_interfaces/uc1_robot_controllers_interfaces/msg/detail/move_robot_orient__type_support.cpp
[11.012s] -- Installing: /home/maclab/Documents/ROS_WORKSPACES/WS_Master_Thesis/install/uc1_robot_controllers_interfaces/include/uc1_robot_controllers_interfaces/uc1_robot_controllers_interfaces/msg/detail/move_robot_goal__rosidl_typesupport_introspection_cpp.hpp
[11.012s] -- Installing: /home/maclab/Documents/ROS_WORKSPACES/WS_Master_Thesis/install/uc1_robot_controllers_interfaces/include/uc1_robot_controllers_interfaces/uc1_robot_controllers_interfaces/msg/detail/move_robot_orient__rosidl_typesupport_introspection_cpp.hpp
[11.012s] -- Installing: /home/maclab/Documents/ROS_WORKSPACES/WS_Master_Thesis/install/uc1_robot_controllers_interfaces/include/uc1_robot_controllers_interfaces/uc1_robot_controllers_interfaces/msg/detail/move_robot_point__rosidl_typesupport_introspection_cpp.hpp
[11.012s] -- Installing: /home/maclab/Documents/ROS_WORKSPACES/WS_Master_Thesis/install/uc1_robot_controllers_interfaces/include/uc1_robot_controllers_interfaces/uc1_robot_controllers_interfaces/msg/detail/move_robot_point__type_support.cpp
[11.012s] -- Installing: /home/maclab/Documents/ROS_WORKSPACES/WS_Master_Thesis/install/uc1_robot_controllers_interfaces/include/uc1_robot_controllers_interfaces/uc1_robot_controllers_interfaces/msg/detail/move_robot_goal__type_support.cpp
[11.012s] -- Up-to-date: /home/maclab/Documents/ROS_WORKSPACES/WS_Master_Thesis/install/uc1_robot_controllers_interfaces/include/uc1_robot_controllers_interfaces/uc1_robot_controllers_interfaces/action
[11.012s] -- Up-to-date: /home/maclab/Documents/ROS_WORKSPACES/WS_Master_Thesis/install/uc1_robot_controllers_interfaces/include/uc1_robot_controllers_interfaces/uc1_robot_controllers_interfaces/action/detail
[11.012s] -- Installing: /home/maclab/Documents/ROS_WORKSPACES/WS_Master_Thesis/install/uc1_robot_controllers_interfaces/include/uc1_robot_controllers_interfaces/uc1_robot_controllers_interfaces/action/detail/move_robot__rosidl_typesupport_introspection_cpp.hpp
[11.012s] -- Installing: /home/maclab/Documents/ROS_WORKSPACES/WS_Master_Thesis/install/uc1_robot_controllers_interfaces/include/uc1_robot_controllers_interfaces/uc1_robot_controllers_interfaces/action/detail/move_robot_tp__type_support.cpp
[11.012s] -- Installing: /home/maclab/Documents/ROS_WORKSPACES/WS_Master_Thesis/install/uc1_robot_controllers_interfaces/include/uc1_robot_controllers_interfaces/uc1_robot_controllers_interfaces/action/detail/move_robot_tp__rosidl_typesupport_introspection_cpp.hpp
[11.012s] -- Installing: /home/maclab/Documents/ROS_WORKSPACES/WS_Master_Thesis/install/uc1_robot_controllers_interfaces/include/uc1_robot_controllers_interfaces/uc1_robot_controllers_interfaces/action/detail/move_robot__type_support.cpp
[11.012s] -- Installing: /home/maclab/Documents/ROS_WORKSPACES/WS_Master_Thesis/install/uc1_robot_controllers_interfaces/lib/libuc1_robot_controllers_interfaces__rosidl_typesupport_introspection_cpp.so
[11.012s] -- Set runtime path of "/home/maclab/Documents/ROS_WORKSPACES/WS_Master_Thesis/install/uc1_robot_controllers_interfaces/lib/libuc1_robot_controllers_interfaces__rosidl_typesupport_introspection_cpp.so" to ""
[11.012s] -- Installing: /home/maclab/Documents/ROS_WORKSPACES/WS_Master_Thesis/install/uc1_robot_controllers_interfaces/lib/libuc1_robot_controllers_interfaces__rosidl_typesupport_cpp.so
[11.012s] -- Set runtime path of "/home/maclab/Documents/ROS_WORKSPACES/WS_Master_Thesis/install/uc1_robot_controllers_interfaces/lib/libuc1_robot_controllers_interfaces__rosidl_typesupport_cpp.so" to ""
[11.012s] -- Installing: /home/maclab/Documents/ROS_WORKSPACES/WS_Master_Thesis/install/uc1_robot_controllers_interfaces/share/uc1_robot_controllers_interfaces/environment/pythonpath.sh
[11.012s] -- Installing: /home/maclab/Documents/ROS_WORKSPACES/WS_Master_Thesis/install/uc1_robot_controllers_interfaces/share/uc1_robot_controllers_interfaces/environment/pythonpath.dsv
[11.012s] -- Installing: /home/maclab/Documents/ROS_WORKSPACES/WS_Master_Thesis/install/uc1_robot_controllers_interfaces/local/lib/python3.10/dist-packages/uc1_robot_controllers_interfaces-0.0.0-py3.10.egg-info
[11.013s] -- Installing: /home/maclab/Documents/ROS_WORKSPACES/WS_Master_Thesis/install/uc1_robot_controllers_interfaces/local/lib/python3.10/dist-packages/uc1_robot_controllers_interfaces-0.0.0-py3.10.egg-info/dependency_links.txt
[11.013s] -- Installing: /home/maclab/Documents/ROS_WORKSPACES/WS_Master_Thesis/install/uc1_robot_controllers_interfaces/local/lib/python3.10/dist-packages/uc1_robot_controllers_interfaces-0.0.0-py3.10.egg-info/SOURCES.txt
[11.013s] -- Installing: /home/maclab/Documents/ROS_WORKSPACES/WS_Master_Thesis/install/uc1_robot_controllers_interfaces/local/lib/python3.10/dist-packages/uc1_robot_controllers_interfaces-0.0.0-py3.10.egg-info/PKG-INFO
[11.013s] -- Installing: /home/maclab/Documents/ROS_WORKSPACES/WS_Master_Thesis/install/uc1_robot_controllers_interfaces/local/lib/python3.10/dist-packages/uc1_robot_controllers_interfaces-0.0.0-py3.10.egg-info/top_level.txt
[11.013s] -- Installing: /home/maclab/Documents/ROS_WORKSPACES/WS_Master_Thesis/install/uc1_robot_controllers_interfaces/local/lib/python3.10/dist-packages/uc1_robot_controllers_interfaces
[11.013s] -- Installing: /home/maclab/Documents/ROS_WORKSPACES/WS_Master_Thesis/install/uc1_robot_controllers_interfaces/local/lib/python3.10/dist-packages/uc1_robot_controllers_interfaces/__init__.py
[11.013s] -- Installing: /home/maclab/Documents/ROS_WORKSPACES/WS_Master_Thesis/install/uc1_robot_controllers_interfaces/local/lib/python3.10/dist-packages/uc1_robot_controllers_interfaces/_uc1_robot_controllers_interfaces_s.ep.rosidl_typesupport_introspection_c.c
[11.013s] -- Installing: /home/maclab/Documents/ROS_WORKSPACES/WS_Master_Thesis/install/uc1_robot_controllers_interfaces/local/lib/python3.10/dist-packages/uc1_robot_controllers_interfaces/uc1_robot_controllers_interfaces_s__rosidl_typesupport_introspection_c.cpython-310-x86_64-linux-gnu.so
[11.013s] -- Installing: /home/maclab/Documents/ROS_WORKSPACES/WS_Master_Thesis/install/uc1_robot_controllers_interfaces/local/lib/python3.10/dist-packages/uc1_robot_controllers_interfaces/_uc1_robot_controllers_interfaces_s.ep.rosidl_typesupport_fastrtps_c.c
[11.013s] -- Installing: /home/maclab/Documents/ROS_WORKSPACES/WS_Master_Thesis/install/uc1_robot_controllers_interfaces/local/lib/python3.10/dist-packages/uc1_robot_controllers_interfaces/msg
[11.013s] -- Installing: /home/maclab/Documents/ROS_WORKSPACES/WS_Master_Thesis/install/uc1_robot_controllers_interfaces/local/lib/python3.10/dist-packages/uc1_robot_controllers_interfaces/msg/__init__.py
[11.013s] -- Installing: /home/maclab/Documents/ROS_WORKSPACES/WS_Master_Thesis/install/uc1_robot_controllers_interfaces/local/lib/python3.10/dist-packages/uc1_robot_controllers_interfaces/msg/_move_robot_goal_s.c
[11.013s] -- Installing: /home/maclab/Documents/ROS_WORKSPACES/WS_Master_Thesis/install/uc1_robot_controllers_interfaces/local/lib/python3.10/dist-packages/uc1_robot_controllers_interfaces/msg/_move_robot_orient_s.c
[11.013s] -- Installing: /home/maclab/Documents/ROS_WORKSPACES/WS_Master_Thesis/install/uc1_robot_controllers_interfaces/local/lib/python3.10/dist-packages/uc1_robot_controllers_interfaces/msg/_move_robot_point.py
[11.013s] -- Installing: /home/maclab/Documents/ROS_WORKSPACES/WS_Master_Thesis/install/uc1_robot_controllers_interfaces/local/lib/python3.10/dist-packages/uc1_robot_controllers_interfaces/msg/_move_robot_orient.py
[11.013s] -- Installing: /home/maclab/Documents/ROS_WORKSPACES/WS_Master_Thesis/install/uc1_robot_controllers_interfaces/local/lib/python3.10/dist-packages/uc1_robot_controllers_interfaces/msg/_move_robot_point_s.c
[11.013s] -- Installing: /home/maclab/Documents/ROS_WORKSPACES/WS_Master_Thesis/install/uc1_robot_controllers_interfaces/local/lib/python3.10/dist-packages/uc1_robot_controllers_interfaces/msg/_move_robot_goal.py
[11.013s] -- Installing: /home/maclab/Documents/ROS_WORKSPACES/WS_Master_Thesis/install/uc1_robot_controllers_interfaces/local/lib/python3.10/dist-packages/uc1_robot_controllers_interfaces/uc1_robot_controllers_interfaces_s__rosidl_typesupport_c.cpython-310-x86_64-linux-gnu.so
[11.013s] -- Installing: /home/maclab/Documents/ROS_WORKSPACES/WS_Master_Thesis/install/uc1_robot_controllers_interfaces/local/lib/python3.10/dist-packages/uc1_robot_controllers_interfaces/action
[11.013s] -- Installing: /home/maclab/Documents/ROS_WORKSPACES/WS_Master_Thesis/install/uc1_robot_controllers_interfaces/local/lib/python3.10/dist-packages/uc1_robot_controllers_interfaces/action/__init__.py
[11.013s] -- Installing: /home/maclab/Documents/ROS_WORKSPACES/WS_Master_Thesis/install/uc1_robot_controllers_interfaces/local/lib/python3.10/dist-packages/uc1_robot_controllers_interfaces/action/_move_robot_tp.py
[11.013s] -- Installing: /home/maclab/Documents/ROS_WORKSPACES/WS_Master_Thesis/install/uc1_robot_controllers_interfaces/local/lib/python3.10/dist-packages/uc1_robot_controllers_interfaces/action/_move_robot_s.c
[11.013s] -- Installing: /home/maclab/Documents/ROS_WORKSPACES/WS_Master_Thesis/install/uc1_robot_controllers_interfaces/local/lib/python3.10/dist-packages/uc1_robot_controllers_interfaces/action/_move_robot_tp_s.c
[11.013s] -- Installing: /home/maclab/Documents/ROS_WORKSPACES/WS_Master_Thesis/install/uc1_robot_controllers_interfaces/local/lib/python3.10/dist-packages/uc1_robot_controllers_interfaces/action/_move_robot.py
[11.013s] -- Installing: /home/maclab/Documents/ROS_WORKSPACES/WS_Master_Thesis/install/uc1_robot_controllers_interfaces/local/lib/python3.10/dist-packages/uc1_robot_controllers_interfaces/uc1_robot_controllers_interfaces_s__rosidl_typesupport_fastrtps_c.cpython-310-x86_64-linux-gnu.so
[11.013s] -- Installing: /home/maclab/Documents/ROS_WORKSPACES/WS_Master_Thesis/install/uc1_robot_controllers_interfaces/local/lib/python3.10/dist-packages/uc1_robot_controllers_interfaces/_uc1_robot_controllers_interfaces_s.ep.rosidl_typesupport_c.c
[11.013s] -- Installing: /home/maclab/Documents/ROS_WORKSPACES/WS_Master_Thesis/install/uc1_robot_controllers_interfaces/local/lib/python3.10/dist-packages/uc1_robot_controllers_interfaces/libuc1_robot_controllers_interfaces__rosidl_generator_py.so
[11.038s] Listing '/home/maclab/Documents/ROS_WORKSPACES/WS_Master_Thesis/install/uc1_robot_controllers_interfaces/local/lib/python3.10/dist-packages/uc1_robot_controllers_interfaces'...
[11.038s] Compiling '/home/maclab/Documents/ROS_WORKSPACES/WS_Master_Thesis/install/uc1_robot_controllers_interfaces/local/lib/python3.10/dist-packages/uc1_robot_controllers_interfaces/__init__.py'...
[11.038s] Listing '/home/maclab/Documents/ROS_WORKSPACES/WS_Master_Thesis/install/uc1_robot_controllers_interfaces/local/lib/python3.10/dist-packages/uc1_robot_controllers_interfaces/action'...
[11.038s] Compiling '/home/maclab/Documents/ROS_WORKSPACES/WS_Master_Thesis/install/uc1_robot_controllers_interfaces/local/lib/python3.10/dist-packages/uc1_robot_controllers_interfaces/action/__init__.py'...
[11.038s] Compiling '/home/maclab/Documents/ROS_WORKSPACES/WS_Master_Thesis/install/uc1_robot_controllers_interfaces/local/lib/python3.10/dist-packages/uc1_robot_controllers_interfaces/action/_move_robot.py'...
[11.038s] Compiling '/home/maclab/Documents/ROS_WORKSPACES/WS_Master_Thesis/install/uc1_robot_controllers_interfaces/local/lib/python3.10/dist-packages/uc1_robot_controllers_interfaces/action/_move_robot_tp.py'...
[11.038s] Listing '/home/maclab/Documents/ROS_WORKSPACES/WS_Master_Thesis/install/uc1_robot_controllers_interfaces/local/lib/python3.10/dist-packages/uc1_robot_controllers_interfaces/msg'...
[11.038s] Compiling '/home/maclab/Documents/ROS_WORKSPACES/WS_Master_Thesis/install/uc1_robot_controllers_interfaces/local/lib/python3.10/dist-packages/uc1_robot_controllers_interfaces/msg/__init__.py'...
[11.038s] Compiling '/home/maclab/Documents/ROS_WORKSPACES/WS_Master_Thesis/install/uc1_robot_controllers_interfaces/local/lib/python3.10/dist-packages/uc1_robot_controllers_interfaces/msg/_move_robot_goal.py'...
[11.038s] Compiling '/home/maclab/Documents/ROS_WORKSPACES/WS_Master_Thesis/install/uc1_robot_controllers_interfaces/local/lib/python3.10/dist-packages/uc1_robot_controllers_interfaces/msg/_move_robot_orient.py'...
[11.038s] Compiling '/home/maclab/Documents/ROS_WORKSPACES/WS_Master_Thesis/install/uc1_robot_controllers_interfaces/local/lib/python3.10/dist-packages/uc1_robot_controllers_interfaces/msg/_move_robot_point.py'...
[11.041s] -- Installing: /home/maclab/Documents/ROS_WORKSPACES/WS_Master_Thesis/install/uc1_robot_controllers_interfaces/local/lib/python3.10/dist-packages/uc1_robot_controllers_interfaces/uc1_robot_controllers_interfaces_s__rosidl_typesupport_fastrtps_c.cpython-310-x86_64-linux-gnu.so
[11.041s] -- Set runtime path of "/home/maclab/Documents/ROS_WORKSPACES/WS_Master_Thesis/install/uc1_robot_controllers_interfaces/local/lib/python3.10/dist-packages/uc1_robot_controllers_interfaces/uc1_robot_controllers_interfaces_s__rosidl_typesupport_fastrtps_c.cpython-310-x86_64-linux-gnu.so" to ""
[11.041s] -- Installing: /home/maclab/Documents/ROS_WORKSPACES/WS_Master_Thesis/install/uc1_robot_controllers_interfaces/local/lib/python3.10/dist-packages/uc1_robot_controllers_interfaces/uc1_robot_controllers_interfaces_s__rosidl_typesupport_introspection_c.cpython-310-x86_64-linux-gnu.so
[11.041s] -- Set runtime path of "/home/maclab/Documents/ROS_WORKSPACES/WS_Master_Thesis/install/uc1_robot_controllers_interfaces/local/lib/python3.10/dist-packages/uc1_robot_controllers_interfaces/uc1_robot_controllers_interfaces_s__rosidl_typesupport_introspection_c.cpython-310-x86_64-linux-gnu.so" to ""
[11.041s] -- Installing: /home/maclab/Documents/ROS_WORKSPACES/WS_Master_Thesis/install/uc1_robot_controllers_interfaces/local/lib/python3.10/dist-packages/uc1_robot_controllers_interfaces/uc1_robot_controllers_interfaces_s__rosidl_typesupport_c.cpython-310-x86_64-linux-gnu.so
[11.041s] -- Set runtime path of "/home/maclab/Documents/ROS_WORKSPACES/WS_Master_Thesis/install/uc1_robot_controllers_interfaces/local/lib/python3.10/dist-packages/uc1_robot_controllers_interfaces/uc1_robot_controllers_interfaces_s__rosidl_typesupport_c.cpython-310-x86_64-linux-gnu.so" to ""
[11.041s] -- Installing: /home/maclab/Documents/ROS_WORKSPACES/WS_Master_Thesis/install/uc1_robot_controllers_interfaces/lib/libuc1_robot_controllers_interfaces__rosidl_generator_py.so
[11.041s] -- Set runtime path of "/home/maclab/Documents/ROS_WORKSPACES/WS_Master_Thesis/install/uc1_robot_controllers_interfaces/lib/libuc1_robot_controllers_interfaces__rosidl_generator_py.so" to ""
[11.041s] -- Installing: /home/maclab/Documents/ROS_WORKSPACES/WS_Master_Thesis/install/uc1_robot_controllers_interfaces/share/uc1_robot_controllers_interfaces/action/MoveRobot.idl
[11.041s] -- Installing: /home/maclab/Documents/ROS_WORKSPACES/WS_Master_Thesis/install/uc1_robot_controllers_interfaces/share/uc1_robot_controllers_interfaces/action/MoveRobotTP.idl
[11.041s] -- Installing: /home/maclab/Documents/ROS_WORKSPACES/WS_Master_Thesis/install/uc1_robot_controllers_interfaces/share/uc1_robot_controllers_interfaces/msg/MoveRobotPoint.idl
[11.041s] -- Installing: /home/maclab/Documents/ROS_WORKSPACES/WS_Master_Thesis/install/uc1_robot_controllers_interfaces/share/uc1_robot_controllers_interfaces/msg/MoveRobotOrient.idl
[11.041s] -- Installing: /home/maclab/Documents/ROS_WORKSPACES/WS_Master_Thesis/install/uc1_robot_controllers_interfaces/share/uc1_robot_controllers_interfaces/msg/MoveRobotGoal.idl
[11.041s] -- Installing: /home/maclab/Documents/ROS_WORKSPACES/WS_Master_Thesis/install/uc1_robot_controllers_interfaces/share/uc1_robot_controllers_interfaces/action/MoveRobot.action
[11.041s] -- Installing: /home/maclab/Documents/ROS_WORKSPACES/WS_Master_Thesis/install/uc1_robot_controllers_interfaces/share/uc1_robot_controllers_interfaces/action/MoveRobotTP.action
[11.041s] -- Installing: /home/maclab/Documents/ROS_WORKSPACES/WS_Master_Thesis/install/uc1_robot_controllers_interfaces/share/uc1_robot_controllers_interfaces/msg/MoveRobotPoint.msg
[11.042s] -- Installing: /home/maclab/Documents/ROS_WORKSPACES/WS_Master_Thesis/install/uc1_robot_controllers_interfaces/share/uc1_robot_controllers_interfaces/msg/MoveRobotOrient.msg
[11.042s] -- Installing: /home/maclab/Documents/ROS_WORKSPACES/WS_Master_Thesis/install/uc1_robot_controllers_interfaces/share/uc1_robot_controllers_interfaces/msg/MoveRobotGoal.msg
[11.042s] -- Up-to-date: /home/maclab/Documents/ROS_WORKSPACES/WS_Master_Thesis/install/uc1_robot_controllers_interfaces/include/uc1_robot_controllers_interfaces
[11.042s] -- Installing: /home/maclab/Documents/ROS_WORKSPACES/WS_Master_Thesis/install/uc1_robot_controllers_interfaces/include/uc1_robot_controllers_interfaces/TPComputation.hpp
[11.042s] -- Installing: /home/maclab/Documents/ROS_WORKSPACES/WS_Master_Thesis/install/uc1_robot_controllers_interfaces/lib/libTPComputation.so
[11.042s] -- Installing: /home/maclab/Documents/ROS_WORKSPACES/WS_Master_Thesis/install/uc1_robot_controllers_interfaces/share/ament_index/resource_index/package_run_dependencies/uc1_robot_controllers_interfaces
[11.042s] -- Installing: /home/maclab/Documents/ROS_WORKSPACES/WS_Master_Thesis/install/uc1_robot_controllers_interfaces/share/ament_index/resource_index/parent_prefix_path/uc1_robot_controllers_interfaces
[11.042s] -- Installing: /home/maclab/Documents/ROS_WORKSPACES/WS_Master_Thesis/install/uc1_robot_controllers_interfaces/share/uc1_robot_controllers_interfaces/environment/ament_prefix_path.sh
[11.042s] -- Installing: /home/maclab/Documents/ROS_WORKSPACES/WS_Master_Thesis/install/uc1_robot_controllers_interfaces/share/uc1_robot_controllers_interfaces/environment/ament_prefix_path.dsv
[11.042s] -- Installing: /home/maclab/Documents/ROS_WORKSPACES/WS_Master_Thesis/install/uc1_robot_controllers_interfaces/share/uc1_robot_controllers_interfaces/environment/path.sh
[11.042s] -- Installing: /home/maclab/Documents/ROS_WORKSPACES/WS_Master_Thesis/install/uc1_robot_controllers_interfaces/share/uc1_robot_controllers_interfaces/environment/path.dsv
[11.042s] -- Installing: /home/maclab/Documents/ROS_WORKSPACES/WS_Master_Thesis/install/uc1_robot_controllers_interfaces/share/uc1_robot_controllers_interfaces/local_setup.bash
[11.042s] -- Installing: /home/maclab/Documents/ROS_WORKSPACES/WS_Master_Thesis/install/uc1_robot_controllers_interfaces/share/uc1_robot_controllers_interfaces/local_setup.sh
[11.042s] -- Installing: /home/maclab/Documents/ROS_WORKSPACES/WS_Master_Thesis/install/uc1_robot_controllers_interfaces/share/uc1_robot_controllers_interfaces/local_setup.zsh
[11.042s] -- Installing: /home/maclab/Documents/ROS_WORKSPACES/WS_Master_Thesis/install/uc1_robot_controllers_interfaces/share/uc1_robot_controllers_interfaces/local_setup.dsv
[11.042s] -- Installing: /home/maclab/Documents/ROS_WORKSPACES/WS_Master_Thesis/install/uc1_robot_controllers_interfaces/share/uc1_robot_controllers_interfaces/package.dsv
[11.042s] -- Installing: /home/maclab/Documents/ROS_WORKSPACES/WS_Master_Thesis/install/uc1_robot_controllers_interfaces/share/ament_index/resource_index/packages/uc1_robot_controllers_interfaces
[11.042s] -- Installing: /home/maclab/Documents/ROS_WORKSPACES/WS_Master_Thesis/install/uc1_robot_controllers_interfaces/share/uc1_robot_controllers_interfaces/cmake/export_uc1_robot_controllers_interfaces__rosidl_generator_cExport.cmake
[11.042s] -- Installing: /home/maclab/Documents/ROS_WORKSPACES/WS_Master_Thesis/install/uc1_robot_controllers_interfaces/share/uc1_robot_controllers_interfaces/cmake/export_uc1_robot_controllers_interfaces__rosidl_generator_cExport-release.cmake
[11.043s] -- Installing: /home/maclab/Documents/ROS_WORKSPACES/WS_Master_Thesis/install/uc1_robot_controllers_interfaces/share/uc1_robot_controllers_interfaces/cmake/export_uc1_robot_controllers_interfaces__rosidl_typesupport_fastrtps_cExport.cmake
[11.043s] -- Installing: /home/maclab/Documents/ROS_WORKSPACES/WS_Master_Thesis/install/uc1_robot_controllers_interfaces/share/uc1_robot_controllers_interfaces/cmake/export_uc1_robot_controllers_interfaces__rosidl_typesupport_fastrtps_cExport-release.cmake
[11.043s] -- Installing: /home/maclab/Documents/ROS_WORKSPACES/WS_Master_Thesis/install/uc1_robot_controllers_interfaces/share/uc1_robot_controllers_interfaces/cmake/export_uc1_robot_controllers_interfaces__rosidl_generator_cppExport.cmake
[11.043s] -- Installing: /home/maclab/Documents/ROS_WORKSPACES/WS_Master_Thesis/install/uc1_robot_controllers_interfaces/share/uc1_robot_controllers_interfaces/cmake/export_uc1_robot_controllers_interfaces__rosidl_typesupport_fastrtps_cppExport.cmake
[11.043s] -- Installing: /home/maclab/Documents/ROS_WORKSPACES/WS_Master_Thesis/install/uc1_robot_controllers_interfaces/share/uc1_robot_controllers_interfaces/cmake/export_uc1_robot_controllers_interfaces__rosidl_typesupport_fastrtps_cppExport-release.cmake
[11.043s] -- Installing: /home/maclab/Documents/ROS_WORKSPACES/WS_Master_Thesis/install/uc1_robot_controllers_interfaces/share/uc1_robot_controllers_interfaces/cmake/uc1_robot_controllers_interfaces__rosidl_typesupport_introspection_cExport.cmake
[11.043s] -- Installing: /home/maclab/Documents/ROS_WORKSPACES/WS_Master_Thesis/install/uc1_robot_controllers_interfaces/share/uc1_robot_controllers_interfaces/cmake/uc1_robot_controllers_interfaces__rosidl_typesupport_introspection_cExport-release.cmake
[11.043s] -- Installing: /home/maclab/Documents/ROS_WORKSPACES/WS_Master_Thesis/install/uc1_robot_controllers_interfaces/share/uc1_robot_controllers_interfaces/cmake/uc1_robot_controllers_interfaces__rosidl_typesupport_cExport.cmake
[11.043s] -- Installing: /home/maclab/Documents/ROS_WORKSPACES/WS_Master_Thesis/install/uc1_robot_controllers_interfaces/share/uc1_robot_controllers_interfaces/cmake/uc1_robot_controllers_interfaces__rosidl_typesupport_cExport-release.cmake
[11.043s] -- Installing: /home/maclab/Documents/ROS_WORKSPACES/WS_Master_Thesis/install/uc1_robot_controllers_interfaces/share/uc1_robot_controllers_interfaces/cmake/uc1_robot_controllers_interfaces__rosidl_typesupport_introspection_cppExport.cmake
[11.043s] -- Installing: /home/maclab/Documents/ROS_WORKSPACES/WS_Master_Thesis/install/uc1_robot_controllers_interfaces/share/uc1_robot_controllers_interfaces/cmake/uc1_robot_controllers_interfaces__rosidl_typesupport_introspection_cppExport-release.cmake
[11.043s] -- Installing: /home/maclab/Documents/ROS_WORKSPACES/WS_Master_Thesis/install/uc1_robot_controllers_interfaces/share/uc1_robot_controllers_interfaces/cmake/uc1_robot_controllers_interfaces__rosidl_typesupport_cppExport.cmake
[11.043s] -- Installing: /home/maclab/Documents/ROS_WORKSPACES/WS_Master_Thesis/install/uc1_robot_controllers_interfaces/share/uc1_robot_controllers_interfaces/cmake/uc1_robot_controllers_interfaces__rosidl_typesupport_cppExport-release.cmake
[11.043s] -- Installing: /home/maclab/Documents/ROS_WORKSPACES/WS_Master_Thesis/install/uc1_robot_controllers_interfaces/share/uc1_robot_controllers_interfaces/cmake/export_uc1_robot_controllers_interfaces__rosidl_generator_pyExport.cmake
[11.043s] -- Installing: /home/maclab/Documents/ROS_WORKSPACES/WS_Master_Thesis/install/uc1_robot_controllers_interfaces/share/uc1_robot_controllers_interfaces/cmake/export_uc1_robot_controllers_interfaces__rosidl_generator_pyExport-release.cmake
[11.043s] -- Installing: /home/maclab/Documents/ROS_WORKSPACES/WS_Master_Thesis/install/uc1_robot_controllers_interfaces/share/uc1_robot_controllers_interfaces/cmake/TPComputationExport.cmake
[11.043s] -- Installing: /home/maclab/Documents/ROS_WORKSPACES/WS_Master_Thesis/install/uc1_robot_controllers_interfaces/share/uc1_robot_controllers_interfaces/cmake/TPComputationExport-release.cmake
[11.043s] -- Installing: /home/maclab/Documents/ROS_WORKSPACES/WS_Master_Thesis/install/uc1_robot_controllers_interfaces/share/uc1_robot_controllers_interfaces/cmake/rosidl_cmake-extras.cmake
[11.043s] -- Installing: /home/maclab/Documents/ROS_WORKSPACES/WS_Master_Thesis/install/uc1_robot_controllers_interfaces/share/uc1_robot_controllers_interfaces/cmake/ament_cmake_export_dependencies-extras.cmake
[11.043s] -- Installing: /home/maclab/Documents/ROS_WORKSPACES/WS_Master_Thesis/install/uc1_robot_controllers_interfaces/share/uc1_robot_controllers_interfaces/cmake/ament_cmake_export_include_directories-extras.cmake
[11.043s] -- Installing: /home/maclab/Documents/ROS_WORKSPACES/WS_Master_Thesis/install/uc1_robot_controllers_interfaces/share/uc1_robot_controllers_interfaces/cmake/ament_cmake_export_libraries-extras.cmake
[11.043s] -- Installing: /home/maclab/Documents/ROS_WORKSPACES/WS_Master_Thesis/install/uc1_robot_controllers_interfaces/share/uc1_robot_controllers_interfaces/cmake/ament_cmake_export_targets-extras.cmake
[11.044s] -- Installing: /home/maclab/Documents/ROS_WORKSPACES/WS_Master_Thesis/install/uc1_robot_controllers_interfaces/share/uc1_robot_controllers_interfaces/cmake/rosidl_cmake_export_typesupport_targets-extras.cmake
[11.044s] -- Installing: /home/maclab/Documents/ROS_WORKSPACES/WS_Master_Thesis/install/uc1_robot_controllers_interfaces/share/uc1_robot_controllers_interfaces/cmake/rosidl_cmake_export_typesupport_libraries-extras.cmake
[11.044s] -- Installing: /home/maclab/Documents/ROS_WORKSPACES/WS_Master_Thesis/install/uc1_robot_controllers_interfaces/share/uc1_robot_controllers_interfaces/cmake/uc1_robot_controllers_interfacesConfig.cmake
[11.044s] -- Installing: /home/maclab/Documents/ROS_WORKSPACES/WS_Master_Thesis/install/uc1_robot_controllers_interfaces/share/uc1_robot_controllers_interfaces/cmake/uc1_robot_controllers_interfacesConfig-version.cmake
[11.044s] -- Installing: /home/maclab/Documents/ROS_WORKSPACES/WS_Master_Thesis/install/uc1_robot_controllers_interfaces/share/uc1_robot_controllers_interfaces/package.xml
[11.045s] Invoked command in '/home/maclab/Documents/ROS_WORKSPACES/WS_Master_Thesis/build/uc1_robot_controllers_interfaces' returned '0': CMAKE_PREFIX_PATH=/opt/ros/humble /usr/bin/cmake --install /home/maclab/Documents/ROS_WORKSPACES/WS_Master_Thesis/build/uc1_robot_controllers_interfaces
